<?xml version="1.0"?>
<link_info>
   <banner>TMS320C55x Linker PC v4.4.1</banner>
   <copyright>Copyright (c) 1996-2012 Texas Instruments Incorporated</copyright>
   <link_time>0x5822c9ac</link_time>
   <output_file>ECGSystem.out</output_file>
   <entry_point>
      <name>reset_isr</name>
      <address>0xd6ef</address>
   </entry_point>
   <input_file_list>
      <input_file id="fl-3">
         <path>.\</path>
         <kind>object</kind>
         <file>ADS1298Init.obj</file>
         <name>ADS1298Init.obj</name>
      </input_file>
      <input_file id="fl-4">
         <path>.\</path>
         <kind>object</kind>
         <file>ADS1298_Pacer.obj</file>
         <name>ADS1298_Pacer.obj</name>
      </input_file>
      <input_file id="fl-5">
         <path>.\</path>
         <kind>object</kind>
         <file>Arrythmia.obj</file>
         <name>Arrythmia.obj</name>
      </input_file>
      <input_file id="fl-6">
         <path>.\</path>
         <kind>object</kind>
         <file>Communication_protocol.obj</file>
         <name>Communication_protocol.obj</name>
      </input_file>
      <input_file id="fl-7">
         <path>.\</path>
         <kind>object</kind>
         <file>DiagnosticsTMS.obj</file>
         <name>DiagnosticsTMS.obj</name>
      </input_file>
      <input_file id="fl-8">
         <path>.\</path>
         <kind>object</kind>
         <file>ECGSystemFunctions.obj</file>
         <name>ECGSystemFunctions.obj</name>
      </input_file>
      <input_file id="fl-9">
         <path>.\</path>
         <kind>object</kind>
         <file>ECGSystemInit.obj</file>
         <name>ECGSystemInit.obj</name>
      </input_file>
      <input_file id="fl-a">
         <path>.\</path>
         <kind>object</kind>
         <file>ECGSystem_main.obj</file>
         <name>ECGSystem_main.obj</name>
      </input_file>
      <input_file id="fl-b">
         <path>.\</path>
         <kind>object</kind>
         <file>ECG_Filter_Co-efficients.obj</file>
         <name>ECG_Filter_Co-efficients.obj</name>
      </input_file>
      <input_file id="fl-c">
         <path>.\</path>
         <kind>object</kind>
         <file>FIR_Filter.obj</file>
         <name>FIR_Filter.obj</name>
      </input_file>
      <input_file id="fl-d">
         <path>.\</path>
         <kind>object</kind>
         <file>Filtering.obj</file>
         <name>Filtering.obj</name>
      </input_file>
      <input_file id="fl-e">
         <path>.\</path>
         <kind>object</kind>
         <file>I2C.obj</file>
         <name>I2C.obj</name>
      </input_file>
      <input_file id="fl-f">
         <path>.\</path>
         <kind>object</kind>
         <file>InterruptHandlers.obj</file>
         <name>InterruptHandlers.obj</name>
      </input_file>
      <input_file id="fl-10">
         <path>.\</path>
         <kind>object</kind>
         <file>Respiration_Module.obj</file>
         <name>Respiration_Module.obj</name>
      </input_file>
      <input_file id="fl-11">
         <path>.\</path>
         <kind>object</kind>
         <file>SPO2_Init_Functions.obj</file>
         <name>SPO2_Init_Functions.obj</name>
      </input_file>
      <input_file id="fl-12">
         <path>.\</path>
         <kind>object</kind>
         <file>SPO2_functions.obj</file>
         <name>SPO2_functions.obj</name>
      </input_file>
      <input_file id="fl-13">
         <path>.\</path>
         <kind>object</kind>
         <file>Status_Config_registers.obj</file>
         <name>Status_Config_registers.obj</name>
      </input_file>
      <input_file id="fl-14">
         <path>.\</path>
         <kind>object</kind>
         <file>cpu_clock_init.obj</file>
         <name>cpu_clock_init.obj</name>
      </input_file>
      <input_file id="fl-15">
         <path>.\</path>
         <kind>object</kind>
         <file>dda_spi.obj</file>
         <name>dda_spi.obj</name>
      </input_file>
      <input_file id="fl-16">
         <path>.\</path>
         <kind>object</kind>
         <file>dda_uart.obj</file>
         <name>dda_uart.obj</name>
      </input_file>
      <input_file id="fl-17">
         <path>.\</path>
         <kind>object</kind>
         <file>dda_uartCfg.obj</file>
         <name>dda_uartCfg.obj</name>
      </input_file>
      <input_file id="fl-18">
         <path>.\</path>
         <kind>object</kind>
         <file>ddc_spi.obj</file>
         <name>ddc_spi.obj</name>
      </input_file>
      <input_file id="fl-19">
         <path>.\</path>
         <kind>object</kind>
         <file>ddc_uart.obj</file>
         <name>ddc_uart.obj</name>
      </input_file>
      <input_file id="fl-1a">
         <path>.\</path>
         <kind>object</kind>
         <file>evm5515.obj</file>
         <name>evm5515.obj</name>
      </input_file>
      <input_file id="fl-1b">
         <path>.\</path>
         <kind>object</kind>
         <file>evm5515_uart.obj</file>
         <name>evm5515_uart.obj</name>
      </input_file>
      <input_file id="fl-1c">
         <path>.\</path>
         <kind>object</kind>
         <file>lcd.obj</file>
         <name>lcd.obj</name>
      </input_file>
      <input_file id="fl-1d">
         <path>.\</path>
         <kind>object</kind>
         <file>llc_spi.obj</file>
         <name>llc_spi.obj</name>
      </input_file>
      <input_file id="fl-1e">
         <path>.\</path>
         <kind>object</kind>
         <file>llc_uart.obj</file>
         <name>llc_uart.obj</name>
      </input_file>
      <input_file id="fl-1f">
         <path>.\</path>
         <kind>object</kind>
         <file>pal_osList.obj</file>
         <name>pal_osList.obj</name>
      </input_file>
      <input_file id="fl-20">
         <path>.\</path>
         <kind>object</kind>
         <file>pal_osSem.obj</file>
         <name>pal_osSem.obj</name>
      </input_file>
      <input_file id="fl-21">
         <path>.\</path>
         <kind>object</kind>
         <file>pal_osTime.obj</file>
         <name>pal_osTime.obj</name>
      </input_file>
      <input_file id="fl-22">
         <path>.\</path>
         <kind>object</kind>
         <file>pal_osprotect.obj</file>
         <name>pal_osprotect.obj</name>
      </input_file>
      <input_file id="fl-23">
         <path>.\</path>
         <kind>object</kind>
         <file>sar.obj</file>
         <name>sar.obj</name>
      </input_file>
      <input_file id="fl-24">
         <path>.\</path>
         <kind>object</kind>
         <file>util_circ.obj</file>
         <name>util_circ.obj</name>
      </input_file>
      <input_file id="fl-25">
         <path>.\</path>
         <kind>object</kind>
         <file>vectors.obj</file>
         <name>vectors.obj</name>
      </input_file>
      <input_file id="fl-3b">
         <path>C:\ti\ccsv6\tools\compiler\c5500_4.4.1\lib\</path>
         <kind>archive</kind>
         <file>rts55x.lib</file>
         <name>addd.obj</name>
      </input_file>
      <input_file id="fl-3c">
         <path>C:\ti\ccsv6\tools\compiler\c5500_4.4.1\lib\</path>
         <kind>archive</kind>
         <file>rts55x.lib</file>
         <name>boot.obj</name>
      </input_file>
      <input_file id="fl-3d">
         <path>C:\ti\ccsv6\tools\compiler\c5500_4.4.1\lib\</path>
         <kind>archive</kind>
         <file>rts55x.lib</file>
         <name>cmpd.obj</name>
      </input_file>
      <input_file id="fl-3e">
         <path>C:\ti\ccsv6\tools\compiler\c5500_4.4.1\lib\</path>
         <kind>archive</kind>
         <file>rts55x.lib</file>
         <name>divd.obj</name>
      </input_file>
      <input_file id="fl-3f">
         <path>C:\ti\ccsv6\tools\compiler\c5500_4.4.1\lib\</path>
         <kind>archive</kind>
         <file>rts55x.lib</file>
         <name>divli.obj</name>
      </input_file>
      <input_file id="fl-40">
         <path>C:\ti\ccsv6\tools\compiler\c5500_4.4.1\lib\</path>
         <kind>archive</kind>
         <file>rts55x.lib</file>
         <name>divul.obj</name>
      </input_file>
      <input_file id="fl-41">
         <path>C:\ti\ccsv6\tools\compiler\c5500_4.4.1\lib\</path>
         <kind>archive</kind>
         <file>rts55x.lib</file>
         <name>exit.obj</name>
      </input_file>
      <input_file id="fl-42">
         <path>C:\ti\ccsv6\tools\compiler\c5500_4.4.1\lib\</path>
         <kind>archive</kind>
         <file>rts55x.lib</file>
         <name>fixdi.obj</name>
      </input_file>
      <input_file id="fl-43">
         <path>C:\ti\ccsv6\tools\compiler\c5500_4.4.1\lib\</path>
         <kind>archive</kind>
         <file>rts55x.lib</file>
         <name>fixdli.obj</name>
      </input_file>
      <input_file id="fl-44">
         <path>C:\ti\ccsv6\tools\compiler\c5500_4.4.1\lib\</path>
         <kind>archive</kind>
         <file>rts55x.lib</file>
         <name>fixdu.obj</name>
      </input_file>
      <input_file id="fl-45">
         <path>C:\ti\ccsv6\tools\compiler\c5500_4.4.1\lib\</path>
         <kind>archive</kind>
         <file>rts55x.lib</file>
         <name>fixdul.obj</name>
      </input_file>
      <input_file id="fl-46">
         <path>C:\ti\ccsv6\tools\compiler\c5500_4.4.1\lib\</path>
         <kind>archive</kind>
         <file>rts55x.lib</file>
         <name>fltid.obj</name>
      </input_file>
      <input_file id="fl-47">
         <path>C:\ti\ccsv6\tools\compiler\c5500_4.4.1\lib\</path>
         <kind>archive</kind>
         <file>rts55x.lib</file>
         <name>fltlid.obj</name>
      </input_file>
      <input_file id="fl-48">
         <path>C:\ti\ccsv6\tools\compiler\c5500_4.4.1\lib\</path>
         <kind>archive</kind>
         <file>rts55x.lib</file>
         <name>fltud.obj</name>
      </input_file>
      <input_file id="fl-49">
         <path>C:\ti\ccsv6\tools\compiler\c5500_4.4.1\lib\</path>
         <kind>archive</kind>
         <file>rts55x.lib</file>
         <name>fltuld.obj</name>
      </input_file>
      <input_file id="fl-4a">
         <path>C:\ti\ccsv6\tools\compiler\c5500_4.4.1\lib\</path>
         <kind>archive</kind>
         <file>rts55x.lib</file>
         <name>frcmpyd_div.obj</name>
      </input_file>
      <input_file id="fl-4b">
         <path>C:\ti\ccsv6\tools\compiler\c5500_4.4.1\lib\</path>
         <kind>archive</kind>
         <file>rts55x.lib</file>
         <name>llmpy.obj</name>
      </input_file>
      <input_file id="fl-4c">
         <path>C:\ti\ccsv6\tools\compiler\c5500_4.4.1\lib\</path>
         <kind>archive</kind>
         <file>rts55x.lib</file>
         <name>lmpy.obj</name>
      </input_file>
      <input_file id="fl-4d">
         <path>C:\ti\ccsv6\tools\compiler\c5500_4.4.1\lib\</path>
         <kind>archive</kind>
         <file>rts55x.lib</file>
         <name>memset.obj</name>
      </input_file>
      <input_file id="fl-4e">
         <path>C:\ti\ccsv6\tools\compiler\c5500_4.4.1\lib\</path>
         <kind>archive</kind>
         <file>rts55x.lib</file>
         <name>mpyd.obj</name>
      </input_file>
      <input_file id="fl-4f">
         <path>C:\ti\ccsv6\tools\compiler\c5500_4.4.1\lib\</path>
         <kind>archive</kind>
         <file>rts55x.lib</file>
         <name>printf.obj</name>
      </input_file>
      <input_file id="fl-50">
         <path>C:\ti\ccsv6\tools\compiler\c5500_4.4.1\lib\</path>
         <kind>archive</kind>
         <file>rts55x.lib</file>
         <name>remul.obj</name>
      </input_file>
      <input_file id="fl-51">
         <path>C:\ti\ccsv6\tools\compiler\c5500_4.4.1\lib\</path>
         <kind>archive</kind>
         <file>rts55x.lib</file>
         <name>strcpy.obj</name>
      </input_file>
      <input_file id="fl-52">
         <path>C:\ti\ccsv6\tools\compiler\c5500_4.4.1\lib\</path>
         <kind>archive</kind>
         <file>rts55x.lib</file>
         <name>strlen.obj</name>
      </input_file>
      <input_file id="fl-53">
         <path>C:\ti\ccsv6\tools\compiler\c5500_4.4.1\lib\</path>
         <kind>archive</kind>
         <file>rts55x.lib</file>
         <name>subd.obj</name>
      </input_file>
      <input_file id="fl-54">
         <path>C:\ti\ccsv6\tools\compiler\c5500_4.4.1\lib\</path>
         <kind>archive</kind>
         <file>rts55x.lib</file>
         <name>udiv.obj</name>
      </input_file>
      <input_file id="fl-55">
         <path>C:\ti\ccsv6\tools\compiler\c5500_4.4.1\lib\</path>
         <kind>archive</kind>
         <file>rts55x.lib</file>
         <name>vectors.obj</name>
      </input_file>
      <input_file id="fl-56">
         <path>C:\ti\ccsv6\tools\compiler\c5500_4.4.1\lib\</path>
         <kind>archive</kind>
         <file>rts55x.lib</file>
         <name>_lock.obj</name>
      </input_file>
      <input_file id="fl-57">
         <path>C:\ti\ccsv6\tools\compiler\c5500_4.4.1\lib\</path>
         <kind>archive</kind>
         <file>rts55x.lib</file>
         <name>_printfi.obj</name>
      </input_file>
      <input_file id="fl-58">
         <path>C:\ti\ccsv6\tools\compiler\c5500_4.4.1\lib\</path>
         <kind>archive</kind>
         <file>rts55x.lib</file>
         <name>args_main.obj</name>
      </input_file>
      <input_file id="fl-59">
         <path>C:\ti\ccsv6\tools\compiler\c5500_4.4.1\lib\</path>
         <kind>archive</kind>
         <file>rts55x.lib</file>
         <name>atoi.obj</name>
      </input_file>
      <input_file id="fl-5a">
         <path>C:\ti\ccsv6\tools\compiler\c5500_4.4.1\lib\</path>
         <kind>archive</kind>
         <file>rts55x.lib</file>
         <name>autoinit.obj</name>
      </input_file>
      <input_file id="fl-5b">
         <path>C:\ti\ccsv6\tools\compiler\c5500_4.4.1\lib\</path>
         <kind>archive</kind>
         <file>rts55x.lib</file>
         <name>ctype.obj</name>
      </input_file>
      <input_file id="fl-5c">
         <path>C:\ti\ccsv6\tools\compiler\c5500_4.4.1\lib\</path>
         <kind>archive</kind>
         <file>rts55x.lib</file>
         <name>defs.obj</name>
      </input_file>
      <input_file id="fl-5d">
         <path>C:\ti\ccsv6\tools\compiler\c5500_4.4.1\lib\</path>
         <kind>archive</kind>
         <file>rts55x.lib</file>
         <name>fputc.obj</name>
      </input_file>
      <input_file id="fl-5e">
         <path>C:\ti\ccsv6\tools\compiler\c5500_4.4.1\lib\</path>
         <kind>archive</kind>
         <file>rts55x.lib</file>
         <name>fputs.obj</name>
      </input_file>
      <input_file id="fl-5f">
         <path>C:\ti\ccsv6\tools\compiler\c5500_4.4.1\lib\</path>
         <kind>archive</kind>
         <file>rts55x.lib</file>
         <name>frcmpyd.obj</name>
      </input_file>
      <input_file id="fl-60">
         <path>C:\ti\ccsv6\tools\compiler\c5500_4.4.1\lib\</path>
         <kind>archive</kind>
         <file>rts55x.lib</file>
         <name>isinf.obj</name>
      </input_file>
      <input_file id="fl-61">
         <path>C:\ti\ccsv6\tools\compiler\c5500_4.4.1\lib\</path>
         <kind>archive</kind>
         <file>rts55x.lib</file>
         <name>lowlev.obj</name>
      </input_file>
      <input_file id="fl-62">
         <path>C:\ti\ccsv6\tools\compiler\c5500_4.4.1\lib\</path>
         <kind>archive</kind>
         <file>rts55x.lib</file>
         <name>ltoa.obj</name>
      </input_file>
      <input_file id="fl-63">
         <path>C:\ti\ccsv6\tools\compiler\c5500_4.4.1\lib\</path>
         <kind>archive</kind>
         <file>rts55x.lib</file>
         <name>memccpy.obj</name>
      </input_file>
      <input_file id="fl-64">
         <path>C:\ti\ccsv6\tools\compiler\c5500_4.4.1\lib\</path>
         <kind>archive</kind>
         <file>rts55x.lib</file>
         <name>memcpy.obj</name>
      </input_file>
      <input_file id="fl-65">
         <path>C:\ti\ccsv6\tools\compiler\c5500_4.4.1\lib\</path>
         <kind>archive</kind>
         <file>rts55x.lib</file>
         <name>negd.obj</name>
      </input_file>
      <input_file id="fl-66">
         <path>C:\ti\ccsv6\tools\compiler\c5500_4.4.1\lib\</path>
         <kind>archive</kind>
         <file>rts55x.lib</file>
         <name>remli.obj</name>
      </input_file>
      <input_file id="fl-67">
         <path>C:\ti\ccsv6\tools\compiler\c5500_4.4.1\lib\</path>
         <kind>archive</kind>
         <file>rts55x.lib</file>
         <name>trgdrv.obj</name>
      </input_file>
      <input_file id="fl-68">
         <path>C:\ti\ccsv6\tools\compiler\c5500_4.4.1\lib\</path>
         <kind>archive</kind>
         <file>rts55x.lib</file>
         <name>trgmsg.obj</name>
      </input_file>
      <input_file id="fl-69">
         <path>C:\ti\ccsv6\tools\compiler\c5500_4.4.1\lib\</path>
         <kind>archive</kind>
         <file>rts55x.lib</file>
         <name>_io_perm.obj</name>
      </input_file>
      <input_file id="fl-6a">
         <path>C:\ti\ccsv6\tools\compiler\c5500_4.4.1\lib\</path>
         <kind>archive</kind>
         <file>rts55x.lib</file>
         <name>fflush.obj</name>
      </input_file>
      <input_file id="fl-6b">
         <path>C:\ti\ccsv6\tools\compiler\c5500_4.4.1\lib\</path>
         <kind>archive</kind>
         <file>rts55x.lib</file>
         <name>fseek.obj</name>
      </input_file>
      <input_file id="fl-6c">
         <path>C:\ti\ccsv6\tools\compiler\c5500_4.4.1\lib\</path>
         <kind>archive</kind>
         <file>rts55x.lib</file>
         <name>setvbuf.obj</name>
      </input_file>
      <input_file id="fl-6d">
         <path>C:\ti\ccsv6\tools\compiler\c5500_4.4.1\lib\</path>
         <kind>archive</kind>
         <file>rts55x.lib</file>
         <name>fopen.obj</name>
      </input_file>
      <input_file id="fl-6e">
         <path>C:\ti\ccsv6\tools\compiler\c5500_4.4.1\lib\</path>
         <kind>archive</kind>
         <file>rts55x.lib</file>
         <name>memory.obj</name>
      </input_file>
      <input_file id="fl-6f">
         <path>C:\ti\ccsv6\tools\compiler\c5500_4.4.1\lib\</path>
         <kind>archive</kind>
         <file>rts55x.lib</file>
         <name>fclose.obj</name>
      </input_file>
      <input_file id="fl-70">
         <path>C:\ti\ccsv6\tools\compiler\c5500_4.4.1\lib\</path>
         <kind>archive</kind>
         <file>rts55x.lib</file>
         <name>remove.obj</name>
      </input_file>
   </input_file_list>
   <object_component_list>
      <object_component id="oc-152">
         <name>vectors</name>
         <load_address>0x100</load_address>
         <run_address>0x100</run_address>
         <size>0x100</size>
         <input_file_ref idref="fl-55"/>
      </object_component>
      <object_component id="oc-df">
         <name>vectors</name>
         <load_address>0x200</load_address>
         <run_address>0x200</run_address>
         <size>0x100</size>
         <input_file_ref idref="fl-25"/>
      </object_component>
      <object_component id="oc-9d">
         <name>.text</name>
         <load_address>0x400</load_address>
         <run_address>0x400</run_address>
         <size>0x1623</size>
         <input_file_ref idref="fl-19"/>
      </object_component>
      <object_component id="oc-15c">
         <name>.text</name>
         <load_address>0x1a23</load_address>
         <run_address>0x1a23</run_address>
         <size>0x15a4</size>
         <input_file_ref idref="fl-57"/>
      </object_component>
      <object_component id="oc-41">
         <name>.text</name>
         <load_address>0x2fc7</load_address>
         <run_address>0x2fc7</run_address>
         <size>0x100a</size>
         <input_file_ref idref="fl-a"/>
      </object_component>
      <object_component id="oc-34">
         <name>.text</name>
         <load_address>0x3fd1</load_address>
         <run_address>0x3fd1</run_address>
         <size>0xfc0</size>
         <input_file_ref idref="fl-8"/>
      </object_component>
      <object_component id="oc-8b">
         <name>.text</name>
         <load_address>0x4f91</load_address>
         <run_address>0x4f91</run_address>
         <size>0xe51</size>
         <input_file_ref idref="fl-16"/>
      </object_component>
      <object_component id="oc-75">
         <name>.text</name>
         <load_address>0x5de2</load_address>
         <run_address>0x5de2</run_address>
         <size>0x8e6</size>
         <input_file_ref idref="fl-12"/>
      </object_component>
      <object_component id="oc-ac">
         <name>.text</name>
         <load_address>0x66c8</load_address>
         <run_address>0x66c8</run_address>
         <size>0x8d8</size>
         <input_file_ref idref="fl-1c"/>
      </object_component>
      <object_component id="oc-b4">
         <name>.text</name>
         <load_address>0x6fa0</load_address>
         <run_address>0x6fa0</run_address>
         <size>0x7ae</size>
         <input_file_ref idref="fl-1d"/>
      </object_component>
      <object_component id="oc-26">
         <name>.text</name>
         <load_address>0x774e</load_address>
         <run_address>0x774e</run_address>
         <size>0x6b9</size>
         <input_file_ref idref="fl-6"/>
      </object_component>
      <object_component id="oc-bf">
         <name>.text</name>
         <load_address>0x7e07</load_address>
         <run_address>0x7e07</run_address>
         <size>0x6b6</size>
         <input_file_ref idref="fl-1f"/>
      </object_component>
      <object_component id="oc-97">
         <name>.text</name>
         <load_address>0x84bd</load_address>
         <run_address>0x84bd</run_address>
         <size>0x680</size>
         <input_file_ref idref="fl-18"/>
      </object_component>
      <object_component id="oc-ba">
         <name>.text</name>
         <load_address>0x8b3d</load_address>
         <run_address>0x8b3d</run_address>
         <size>0x61a</size>
         <input_file_ref idref="fl-1e"/>
      </object_component>
      <object_component id="oc-185">
         <name>.text</name>
         <load_address>0x9157</load_address>
         <run_address>0x9157</run_address>
         <size>0x543</size>
         <input_file_ref idref="fl-61"/>
      </object_component>
      <object_component id="oc-6e">
         <name>.text</name>
         <load_address>0x969a</load_address>
         <run_address>0x969a</run_address>
         <size>0x541</size>
         <input_file_ref idref="fl-11"/>
      </object_component>
      <object_component id="oc-62">
         <name>.text:retain</name>
         <load_address>0x9bdb</load_address>
         <run_address>0x9bdb</run_address>
         <size>0x537</size>
         <input_file_ref idref="fl-f"/>
      </object_component>
      <object_component id="oc-19f">
         <name>.text</name>
         <load_address>0xa112</load_address>
         <run_address>0xa112</run_address>
         <size>0x528</size>
         <input_file_ref idref="fl-67"/>
      </object_component>
      <object_component id="oc-1c0">
         <name>.text</name>
         <load_address>0xa63a</load_address>
         <run_address>0xa63a</run_address>
         <size>0x4b5</size>
         <input_file_ref idref="fl-6e"/>
      </object_component>
      <object_component id="oc-3c">
         <name>.text</name>
         <load_address>0xaaef</load_address>
         <run_address>0xaaef</run_address>
         <size>0x42b</size>
         <input_file_ref idref="fl-9"/>
      </object_component>
      <object_component id="oc-1c">
         <name>.text</name>
         <load_address>0xaf1a</load_address>
         <run_address>0xaf1a</run_address>
         <size>0x3ec</size>
         <input_file_ref idref="fl-4"/>
      </object_component>
      <object_component id="oc-85">
         <name>.text</name>
         <load_address>0xb306</load_address>
         <run_address>0xb306</run_address>
         <size>0x3db</size>
         <input_file_ref idref="fl-15"/>
      </object_component>
      <object_component id="oc-f0">
         <name>.text</name>
         <load_address>0xb6e1</load_address>
         <run_address>0xb6e1</run_address>
         <size>0x3cc</size>
         <input_file_ref idref="fl-3e"/>
      </object_component>
      <object_component id="oc-58">
         <name>.text</name>
         <load_address>0xbaad</load_address>
         <run_address>0xbaad</run_address>
         <size>0x2e5</size>
         <input_file_ref idref="fl-e"/>
      </object_component>
      <object_component id="oc-67">
         <name>.text</name>
         <load_address>0xbd92</load_address>
         <run_address>0xbd92</run_address>
         <size>0x287</size>
         <input_file_ref idref="fl-10"/>
      </object_component>
      <object_component id="oc-1ba">
         <name>.text</name>
         <load_address>0xc019</load_address>
         <run_address>0xc019</run_address>
         <size>0x27f</size>
         <input_file_ref idref="fl-6d"/>
      </object_component>
      <object_component id="oc-129">
         <name>.text</name>
         <load_address>0xc298</load_address>
         <run_address>0xc298</run_address>
         <size>0x25e</size>
         <input_file_ref idref="fl-4b"/>
      </object_component>
      <object_component id="oc-e3">
         <name>.text</name>
         <load_address>0xc4f6</load_address>
         <run_address>0xc4f6</run_address>
         <size>0x25a</size>
         <input_file_ref idref="fl-3b"/>
      </object_component>
      <object_component id="oc-51">
         <name>.text</name>
         <load_address>0xc750</load_address>
         <run_address>0xc750</run_address>
         <size>0x225</size>
         <input_file_ref idref="fl-d"/>
      </object_component>
      <object_component id="oc-ec">
         <name>.text</name>
         <load_address>0xc975</load_address>
         <run_address>0xc975</run_address>
         <size>0x1ea</size>
         <input_file_ref idref="fl-3d"/>
      </object_component>
      <object_component id="oc-d8">
         <name>.text</name>
         <load_address>0xcb5f</load_address>
         <run_address>0xcb5f</run_address>
         <size>0x1ab</size>
         <input_file_ref idref="fl-24"/>
      </object_component>
      <object_component id="oc-7e">
         <name>.text</name>
         <load_address>0xcd0a</load_address>
         <run_address>0xcd0a</run_address>
         <size>0x19e</size>
         <input_file_ref idref="fl-14"/>
      </object_component>
      <object_component id="oc-178">
         <name>.text</name>
         <load_address>0xcea8</load_address>
         <run_address>0xcea8</run_address>
         <size>0x163</size>
         <input_file_ref idref="fl-5e"/>
      </object_component>
      <object_component id="oc-135">
         <name>.text</name>
         <load_address>0xd00b</load_address>
         <run_address>0xd00b</run_address>
         <size>0x14c</size>
         <input_file_ref idref="fl-4e"/>
      </object_component>
      <object_component id="oc-15">
         <name>.text</name>
         <load_address>0xd157</load_address>
         <run_address>0xd157</run_address>
         <size>0x14a</size>
         <input_file_ref idref="fl-3"/>
      </object_component>
      <object_component id="oc-2d">
         <name>.text</name>
         <load_address>0xd2a1</load_address>
         <run_address>0xd2a1</run_address>
         <size>0x10f</size>
         <input_file_ref idref="fl-7"/>
      </object_component>
      <object_component id="oc-1b6">
         <name>.text</name>
         <load_address>0xd3b0</load_address>
         <run_address>0xd3b0</run_address>
         <size>0xe6</size>
         <input_file_ref idref="fl-6c"/>
      </object_component>
      <object_component id="oc-1aa">
         <name>.text</name>
         <load_address>0xd496</load_address>
         <run_address>0xd496</run_address>
         <size>0xdd</size>
         <input_file_ref idref="fl-69"/>
      </object_component>
      <object_component id="oc-1ae">
         <name>.text</name>
         <load_address>0xd573</load_address>
         <run_address>0xd573</run_address>
         <size>0xc2</size>
         <input_file_ref idref="fl-6a"/>
      </object_component>
      <object_component id="oc-1a7">
         <name>.text:CIO_breakpoint</name>
         <load_address>0xd635</load_address>
         <run_address>0xd635</run_address>
         <size>0xba</size>
         <input_file_ref idref="fl-68"/>
      </object_component>
      <object_component id="oc-14">
         <name>.text</name>
         <load_address>0xd6ef</load_address>
         <run_address>0xd6ef</run_address>
         <size>0xb2</size>
         <input_file_ref idref="fl-25"/>
      </object_component>
      <object_component id="oc-174">
         <name>.text</name>
         <load_address>0xd7a1</load_address>
         <run_address>0xd7a1</run_address>
         <size>0xa6</size>
         <input_file_ref idref="fl-5d"/>
      </object_component>
      <object_component id="oc-f8">
         <name>.text</name>
         <load_address>0xd847</load_address>
         <run_address>0xd847</run_address>
         <size>0xa1</size>
         <input_file_ref idref="fl-40"/>
      </object_component>
      <object_component id="oc-18b">
         <name>.text</name>
         <load_address>0xd8e8</load_address>
         <run_address>0xd8e8</run_address>
         <size>0x7d</size>
         <input_file_ref idref="fl-62"/>
      </object_component>
      <object_component id="oc-1c7">
         <name>.text</name>
         <load_address>0xd965</load_address>
         <run_address>0xd965</run_address>
         <size>0x7b</size>
         <input_file_ref idref="fl-6f"/>
      </object_component>
      <object_component id="oc-a7">
         <name>.text</name>
         <load_address>0xd9e0</load_address>
         <run_address>0xd9e0</run_address>
         <size>0x79</size>
         <input_file_ref idref="fl-1b"/>
      </object_component>
      <object_component id="oc-10f">
         <name>.text</name>
         <load_address>0xda59</load_address>
         <run_address>0xda59</run_address>
         <size>0x77</size>
         <input_file_ref idref="fl-45"/>
      </object_component>
      <object_component id="oc-17d">
         <name>.text</name>
         <load_address>0xdad0</load_address>
         <run_address>0xdad0</run_address>
         <size>0x76</size>
         <input_file_ref idref="fl-5f"/>
      </object_component>
      <object_component id="oc-125">
         <name>.text</name>
         <load_address>0xdb46</load_address>
         <run_address>0xdb46</run_address>
         <size>0x73</size>
         <input_file_ref idref="fl-4a"/>
      </object_component>
      <object_component id="oc-13d">
         <name>.text</name>
         <load_address>0xdbb9</load_address>
         <run_address>0xdbb9</run_address>
         <size>0x72</size>
         <input_file_ref idref="fl-50"/>
      </object_component>
      <object_component id="oc-107">
         <name>.text</name>
         <load_address>0xdc2b</load_address>
         <run_address>0xdc2b</run_address>
         <size>0x6f</size>
         <input_file_ref idref="fl-43"/>
      </object_component>
      <object_component id="oc-1a4">
         <name>.text</name>
         <load_address>0xdc9a</load_address>
         <run_address>0xdc9a</run_address>
         <size>0x6d</size>
         <input_file_ref idref="fl-68"/>
      </object_component>
      <object_component id="oc-1b2">
         <name>.text</name>
         <load_address>0xdd07</load_address>
         <run_address>0xdd07</run_address>
         <size>0x6b</size>
         <input_file_ref idref="fl-6b"/>
      </object_component>
      <object_component id="oc-117">
         <name>.text</name>
         <load_address>0xdd72</load_address>
         <run_address>0xdd72</run_address>
         <size>0x67</size>
         <input_file_ref idref="fl-47"/>
      </object_component>
      <object_component id="oc-c4">
         <name>.text</name>
         <load_address>0xddd9</load_address>
         <run_address>0xddd9</run_address>
         <size>0x5e</size>
         <input_file_ref idref="fl-20"/>
      </object_component>
      <object_component id="oc-166">
         <name>.text</name>
         <load_address>0xde37</load_address>
         <run_address>0xde37</run_address>
         <size>0x5c</size>
         <input_file_ref idref="fl-59"/>
      </object_component>
      <object_component id="oc-120">
         <name>.text</name>
         <load_address>0xde93</load_address>
         <run_address>0xde93</run_address>
         <size>0x5b</size>
         <input_file_ref idref="fl-49"/>
      </object_component>
      <object_component id="oc-a2">
         <name>.text</name>
         <load_address>0xdeee</load_address>
         <run_address>0xdeee</run_address>
         <size>0x54</size>
         <input_file_ref idref="fl-1a"/>
      </object_component>
      <object_component id="oc-139">
         <name>.text</name>
         <load_address>0xdf42</load_address>
         <run_address>0xdf42</run_address>
         <size>0x50</size>
         <input_file_ref idref="fl-4f"/>
      </object_component>
      <object_component id="oc-16a">
         <name>.text</name>
         <load_address>0xdf92</load_address>
         <run_address>0xdf92</run_address>
         <size>0x4d</size>
         <input_file_ref idref="fl-5a"/>
      </object_component>
      <object_component id="oc-162">
         <name>.text</name>
         <load_address>0xdfdf</load_address>
         <run_address>0xdfdf</run_address>
         <size>0x4b</size>
         <input_file_ref idref="fl-58"/>
      </object_component>
      <object_component id="oc-19b">
         <name>.text</name>
         <load_address>0xe02a</load_address>
         <run_address>0xe02a</run_address>
         <size>0x4b</size>
         <input_file_ref idref="fl-66"/>
      </object_component>
      <object_component id="oc-4d">
         <name>.text</name>
         <load_address>0xe075</load_address>
         <run_address>0xe075</run_address>
         <size>0x48</size>
         <input_file_ref idref="fl-c"/>
      </object_component>
      <object_component id="oc-c9">
         <name>.text</name>
         <load_address>0xe0bd</load_address>
         <run_address>0xe0bd</run_address>
         <size>0x48</size>
         <input_file_ref idref="fl-21"/>
      </object_component>
      <object_component id="oc-f4">
         <name>.text</name>
         <load_address>0xe105</load_address>
         <run_address>0xe105</run_address>
         <size>0x48</size>
         <input_file_ref idref="fl-3f"/>
      </object_component>
      <object_component id="oc-193">
         <name>.text</name>
         <load_address>0xe14d</load_address>
         <run_address>0xe14d</run_address>
         <size>0x3f</size>
         <input_file_ref idref="fl-64"/>
      </object_component>
      <object_component id="oc-fc">
         <name>.text</name>
         <load_address>0xe18c</load_address>
         <run_address>0xe18c</run_address>
         <size>0x3e</size>
         <input_file_ref idref="fl-41"/>
      </object_component>
      <object_component id="oc-ce">
         <name>.text</name>
         <load_address>0xe1ca</load_address>
         <run_address>0xe1ca</run_address>
         <size>0x3a</size>
         <input_file_ref idref="fl-22"/>
      </object_component>
      <object_component id="oc-e7">
         <name>.text</name>
         <load_address>0xe204</load_address>
         <run_address>0xe204</run_address>
         <size>0x34</size>
         <input_file_ref idref="fl-3c"/>
      </object_component>
      <object_component id="oc-d3">
         <name>.text</name>
         <load_address>0xe238</load_address>
         <run_address>0xe238</run_address>
         <size>0x33</size>
         <input_file_ref idref="fl-23"/>
      </object_component>
      <object_component id="oc-103">
         <name>.text</name>
         <load_address>0xe26b</load_address>
         <run_address>0xe26b</run_address>
         <size>0x2a</size>
         <input_file_ref idref="fl-42"/>
      </object_component>
      <object_component id="oc-14d">
         <name>.text</name>
         <load_address>0xe295</load_address>
         <run_address>0xe295</run_address>
         <size>0x2a</size>
         <input_file_ref idref="fl-54"/>
      </object_component>
      <object_component id="oc-18f">
         <name>.text</name>
         <load_address>0xe2bf</load_address>
         <run_address>0xe2bf</run_address>
         <size>0x23</size>
         <input_file_ref idref="fl-63"/>
      </object_component>
      <object_component id="oc-10b">
         <name>.text</name>
         <load_address>0xe2e2</load_address>
         <run_address>0xe2e2</run_address>
         <size>0x1b</size>
         <input_file_ref idref="fl-44"/>
      </object_component>
      <object_component id="oc-181">
         <name>.text</name>
         <load_address>0xe2fd</load_address>
         <run_address>0xe2fd</run_address>
         <size>0x1a</size>
         <input_file_ref idref="fl-60"/>
      </object_component>
      <object_component id="oc-21">
         <name>.text</name>
         <load_address>0xe317</load_address>
         <run_address>0xe317</run_address>
         <size>0x18</size>
         <input_file_ref idref="fl-5"/>
      </object_component>
      <object_component id="oc-141">
         <name>.text</name>
         <load_address>0xe32f</load_address>
         <run_address>0xe32f</run_address>
         <size>0x14</size>
         <input_file_ref idref="fl-51"/>
      </object_component>
      <object_component id="oc-149">
         <name>.text</name>
         <load_address>0xe343</load_address>
         <run_address>0xe343</run_address>
         <size>0x14</size>
         <input_file_ref idref="fl-53"/>
      </object_component>
      <object_component id="oc-12d">
         <name>.text</name>
         <load_address>0xe357</load_address>
         <run_address>0xe357</run_address>
         <size>0x13</size>
         <input_file_ref idref="fl-4c"/>
      </object_component>
      <object_component id="oc-156">
         <name>.text</name>
         <load_address>0xe36a</load_address>
         <run_address>0xe36a</run_address>
         <size>0x12</size>
         <input_file_ref idref="fl-56"/>
      </object_component>
      <object_component id="oc-131">
         <name>.text</name>
         <load_address>0xe37c</load_address>
         <run_address>0xe37c</run_address>
         <size>0x11</size>
         <input_file_ref idref="fl-4d"/>
      </object_component>
      <object_component id="oc-145">
         <name>.text</name>
         <load_address>0xe38d</load_address>
         <run_address>0xe38d</run_address>
         <size>0x11</size>
         <input_file_ref idref="fl-52"/>
      </object_component>
      <object_component id="oc-197">
         <name>.text</name>
         <load_address>0xe39e</load_address>
         <run_address>0xe39e</run_address>
         <size>0x10</size>
         <input_file_ref idref="fl-65"/>
      </object_component>
      <object_component id="oc-11c">
         <name>.text</name>
         <load_address>0xe3ae</load_address>
         <run_address>0xe3ae</run_address>
         <size>0xe</size>
         <input_file_ref idref="fl-48"/>
      </object_component>
      <object_component id="oc-113">
         <name>.text</name>
         <load_address>0xe3bc</load_address>
         <run_address>0xe3bc</run_address>
         <size>0xc</size>
         <input_file_ref idref="fl-46"/>
      </object_component>
      <object_component id="oc-1cb">
         <name>.text</name>
         <load_address>0xe3c8</load_address>
         <run_address>0xe3c8</run_address>
         <size>0xa</size>
         <input_file_ref idref="fl-70"/>
      </object_component>
      <object_component id="oc-100">
         <name>.text:CIO_breakpoint</name>
         <load_address>0xe3d2</load_address>
         <run_address>0xe3d2</run_address>
         <size>0x7</size>
         <input_file_ref idref="fl-41"/>
      </object_component>
      <object_component id="oc-151">
         <name>.text</name>
         <load_address>0xe3d9</load_address>
         <run_address>0xe3d9</run_address>
         <size>0x2</size>
         <input_file_ref idref="fl-55"/>
      </object_component>
      <object_component id="oc-1db">
         <name>.switch:_PSP_uartIoctl</name>
         <load_address>0x1b710</load_address>
         <run_address>0x1b710</run_address>
         <size>0x3c</size>
         <input_file_ref idref="fl-16"/>
      </object_component>
      <object_component id="oc-1cf">
         <name>.switch:_ECG_LCDPlotCurrSample</name>
         <load_address>0x1b74c</load_address>
         <run_address>0x1b74c</run_address>
         <size>0x30</size>
         <input_file_ref idref="fl-8"/>
      </object_component>
      <object_component id="oc-1d2">
         <name>.switch:_ECG_LCD_LeadDisplay</name>
         <load_address>0x1b77c</load_address>
         <run_address>0x1b77c</run_address>
         <size>0x30</size>
         <input_file_ref idref="fl-a"/>
      </object_component>
      <object_component id="oc-1dc">
         <name>.switch:__DDC_uartControl</name>
         <load_address>0x1b7ac</load_address>
         <run_address>0x1b7ac</run_address>
         <size>0x28</size>
         <input_file_ref idref="fl-19"/>
      </object_component>
      <object_component id="oc-35">
         <name>.bss</name>
         <load_address>0x10000</load_address>
         <run_address>0x10000</run_address>
         <size>0x5b5c</size>
         <input_file_ref idref="fl-8"/>
      </object_component>
      <object_component id="oc-42">
         <name>.bss</name>
         <load_address>0x15b5c</load_address>
         <run_address>0x15b5c</run_address>
         <size>0x27ee</size>
         <input_file_ref idref="fl-a"/>
      </object_component>
      <object_component id="oc-59">
         <name>.bss</name>
         <load_address>0x1834a</load_address>
         <run_address>0x1834a</run_address>
         <size>0x2</size>
         <input_file_ref idref="fl-e"/>
      </object_component>
      <object_component id="oc-8c">
         <name>.bss</name>
         <load_address>0x1834c</load_address>
         <run_address>0x1834c</run_address>
         <size>0x90c</size>
         <input_file_ref idref="fl-16"/>
      </object_component>
      <object_component id="oc-5f">
         <name>.bss</name>
         <load_address>0x18c58</load_address>
         <run_address>0x18c58</run_address>
         <size>0x6e0</size>
         <input_file_ref idref="fl-f"/>
      </object_component>
      <object_component id="oc-ad">
         <name>.bss</name>
         <load_address>0x19338</load_address>
         <run_address>0x19338</run_address>
         <size>0x5b4</size>
         <input_file_ref idref="fl-1c"/>
      </object_component>
      <object_component id="oc-49">
         <name>.bss</name>
         <load_address>0x198ec</load_address>
         <run_address>0x198ec</run_address>
         <size>0x2be</size>
         <input_file_ref idref="fl-b"/>
      </object_component>
      <object_component id="oc-b5">
         <name>.bss</name>
         <load_address>0x19baa</load_address>
         <run_address>0x19baa</run_address>
         <size>0x2</size>
         <input_file_ref idref="fl-1d"/>
      </object_component>
      <object_component id="oc-170">
         <name>.bss</name>
         <load_address>0x19bac</load_address>
         <run_address>0x19bac</run_address>
         <size>0x232</size>
         <input_file_ref idref="fl-5c"/>
      </object_component>
      <object_component id="oc-1bb">
         <name>.bss</name>
         <load_address>0x19dde</load_address>
         <run_address>0x19dde</run_address>
         <size>0x2</size>
         <input_file_ref idref="fl-6d"/>
      </object_component>
      <object_component id="oc-52">
         <name>.bss</name>
         <load_address>0x19de0</load_address>
         <run_address>0x19de0</run_address>
         <size>0x1b6</size>
         <input_file_ref idref="fl-d"/>
      </object_component>
      <object_component id="oc-1a0">
         <name>.bss</name>
         <load_address>0x19f96</load_address>
         <run_address>0x19f96</run_address>
         <size>0x1a0</size>
         <input_file_ref idref="fl-67"/>
      </object_component>
      <object_component id="oc-d9">
         <name>.bss</name>
         <load_address>0x1a136</load_address>
         <run_address>0x1a136</run_address>
         <size>0x2</size>
         <input_file_ref idref="fl-24"/>
      </object_component>
      <object_component id="oc-76">
         <name>.bss</name>
         <load_address>0x1a138</load_address>
         <run_address>0x1a138</run_address>
         <size>0x164</size>
         <input_file_ref idref="fl-12"/>
      </object_component>
      <object_component id="oc-186">
         <name>.bss</name>
         <load_address>0x1a29c</load_address>
         <run_address>0x1a29c</run_address>
         <size>0xe2</size>
         <input_file_ref idref="fl-61"/>
      </object_component>
      <object_component id="oc-6f">
         <name>.bss</name>
         <load_address>0x1a380</load_address>
         <run_address>0x1a380</run_address>
         <size>0xc4</size>
         <input_file_ref idref="fl-11"/>
      </object_component>
      <object_component id="oc-16">
         <name>.bss</name>
         <load_address>0x1a444</load_address>
         <run_address>0x1a444</run_address>
         <size>0x70</size>
         <input_file_ref idref="fl-3"/>
      </object_component>
      <object_component id="oc-2e">
         <name>.bss</name>
         <load_address>0x1a4b4</load_address>
         <run_address>0x1a4b4</run_address>
         <size>0x70</size>
         <input_file_ref idref="fl-7"/>
      </object_component>
      <object_component id="oc-68">
         <name>.bss</name>
         <load_address>0x1a524</load_address>
         <run_address>0x1a524</run_address>
         <size>0x5e</size>
         <input_file_ref idref="fl-10"/>
      </object_component>
      <object_component id="oc-27">
         <name>.bss</name>
         <load_address>0x1a582</load_address>
         <run_address>0x1a582</run_address>
         <size>0x56</size>
         <input_file_ref idref="fl-6"/>
      </object_component>
      <object_component id="oc-98">
         <name>.bss</name>
         <load_address>0x1a5d8</load_address>
         <run_address>0x1a5d8</run_address>
         <size>0x24</size>
         <input_file_ref idref="fl-18"/>
      </object_component>
      <object_component id="oc-93">
         <name>.bss</name>
         <load_address>0x1a5fc</load_address>
         <run_address>0x1a5fc</run_address>
         <size>0x20</size>
         <input_file_ref idref="fl-17"/>
      </object_component>
      <object_component id="oc-86">
         <name>.bss</name>
         <load_address>0x1a61c</load_address>
         <run_address>0x1a61c</run_address>
         <size>0xc</size>
         <input_file_ref idref="fl-15"/>
      </object_component>
      <object_component id="oc-1c1">
         <name>.bss</name>
         <load_address>0x1a628</load_address>
         <run_address>0x1a628</run_address>
         <size>0xc</size>
         <input_file_ref idref="fl-6e"/>
      </object_component>
      <object_component id="oc-157">
         <name>.bss</name>
         <load_address>0x1a634</load_address>
         <run_address>0x1a634</run_address>
         <size>0x8</size>
         <input_file_ref idref="fl-56"/>
      </object_component>
      <object_component id="oc-fd">
         <name>.bss</name>
         <load_address>0x1a63c</load_address>
         <run_address>0x1a63c</run_address>
         <size>0x8</size>
         <input_file_ref idref="fl-41"/>
      </object_component>
      <object_component id="oc-7f">
         <name>.bss</name>
         <load_address>0x1a644</load_address>
         <run_address>0x1a644</run_address>
         <size>0x4</size>
         <input_file_ref idref="fl-14"/>
      </object_component>
      <object_component id="oc-af">
         <name>.cinit</name>
         <load_address>0x1a648</load_address>
         <run_address>0x1a648</run_address>
         <size>0x5b6</size>
         <input_file_ref idref="fl-1c"/>
      </object_component>
      <object_component id="oc-4b">
         <name>.cinit</name>
         <load_address>0x1abfe</load_address>
         <run_address>0x1abfe</run_address>
         <size>0x2c4</size>
         <input_file_ref idref="fl-b"/>
      </object_component>
      <object_component id="oc-54">
         <name>.cinit</name>
         <load_address>0x1aec2</load_address>
         <run_address>0x1aec2</run_address>
         <size>0x1b2</size>
         <input_file_ref idref="fl-d"/>
      </object_component>
      <object_component id="oc-37">
         <name>.cinit</name>
         <load_address>0x1b074</load_address>
         <run_address>0x1b074</run_address>
         <size>0x13c</size>
         <input_file_ref idref="fl-8"/>
      </object_component>
      <object_component id="oc-44">
         <name>.cinit</name>
         <load_address>0x1b1b0</load_address>
         <run_address>0x1b1b0</run_address>
         <size>0x12a</size>
         <input_file_ref idref="fl-a"/>
      </object_component>
      <object_component id="oc-61">
         <name>.cinit</name>
         <load_address>0x1b2da</load_address>
         <run_address>0x1b2da</run_address>
         <size>0xd0</size>
         <input_file_ref idref="fl-f"/>
      </object_component>
      <object_component id="oc-71">
         <name>.cinit</name>
         <load_address>0x1b3aa</load_address>
         <run_address>0x1b3aa</run_address>
         <size>0xca</size>
         <input_file_ref idref="fl-11"/>
      </object_component>
      <object_component id="oc-18">
         <name>.cinit</name>
         <load_address>0x1b474</load_address>
         <run_address>0x1b474</run_address>
         <size>0x72</size>
         <input_file_ref idref="fl-3"/>
      </object_component>
      <object_component id="oc-30">
         <name>.cinit</name>
         <load_address>0x1b4e6</load_address>
         <run_address>0x1b4e6</run_address>
         <size>0x72</size>
         <input_file_ref idref="fl-7"/>
      </object_component>
      <object_component id="oc-6a">
         <name>.cinit</name>
         <load_address>0x1b558</load_address>
         <run_address>0x1b558</run_address>
         <size>0x62</size>
         <input_file_ref idref="fl-10"/>
      </object_component>
      <object_component id="oc-188">
         <name>.cinit</name>
         <load_address>0x1b5ba</load_address>
         <run_address>0x1b5ba</run_address>
         <size>0x5a</size>
         <input_file_ref idref="fl-61"/>
      </object_component>
      <object_component id="oc-172">
         <name>.cinit</name>
         <load_address>0x1b614</load_address>
         <run_address>0x1b614</run_address>
         <size>0x54</size>
         <input_file_ref idref="fl-5c"/>
      </object_component>
      <object_component id="oc-95">
         <name>.cinit</name>
         <load_address>0x1b668</load_address>
         <run_address>0x1b668</run_address>
         <size>0x2c</size>
         <input_file_ref idref="fl-17"/>
      </object_component>
      <object_component id="oc-29">
         <name>.cinit</name>
         <load_address>0x1b694</load_address>
         <run_address>0x1b694</run_address>
         <size>0x20</size>
         <input_file_ref idref="fl-6"/>
      </object_component>
      <object_component id="oc-159">
         <name>.cinit</name>
         <load_address>0x1b6b4</load_address>
         <run_address>0x1b6b4</run_address>
         <size>0x14</size>
         <input_file_ref idref="fl-56"/>
      </object_component>
      <object_component id="oc-ff">
         <name>.cinit</name>
         <load_address>0x1b6c8</load_address>
         <run_address>0x1b6c8</run_address>
         <size>0x14</size>
         <input_file_ref idref="fl-41"/>
      </object_component>
      <object_component id="oc-81">
         <name>.cinit</name>
         <load_address>0x1b6dc</load_address>
         <run_address>0x1b6dc</run_address>
         <size>0xa</size>
         <input_file_ref idref="fl-14"/>
      </object_component>
      <object_component id="oc-5b">
         <name>.cinit</name>
         <load_address>0x1b6e6</load_address>
         <run_address>0x1b6e6</run_address>
         <size>0x8</size>
         <input_file_ref idref="fl-e"/>
      </object_component>
      <object_component id="oc-8e">
         <name>.cinit</name>
         <load_address>0x1b6ee</load_address>
         <run_address>0x1b6ee</run_address>
         <size>0x8</size>
         <input_file_ref idref="fl-16"/>
      </object_component>
      <object_component id="oc-1bd">
         <name>.cinit</name>
         <load_address>0x1b6f6</load_address>
         <run_address>0x1b6f6</run_address>
         <size>0x8</size>
         <input_file_ref idref="fl-6d"/>
      </object_component>
      <object_component id="oc-1c3">
         <name>.cinit</name>
         <load_address>0x1b6fe</load_address>
         <run_address>0x1b6fe</run_address>
         <size>0x8</size>
         <input_file_ref idref="fl-6e"/>
      </object_component>
      <object_component id="oc-db">
         <name>.cinit</name>
         <load_address>0x1b706</load_address>
         <run_address>0x1b706</run_address>
         <size>0x8</size>
         <input_file_ref idref="fl-24"/>
      </object_component>
      <object_component id="oc-1df">
         <name>.const:__ctypes_</name>
         <load_address>0xe3dc</load_address>
         <run_address>0xe3dc</run_address>
         <size>0x202</size>
         <input_file_ref idref="fl-5b"/>
      </object_component>
      <object_component id="oc-1d7">
         <name>.const:_$P$T1$6</name>
         <load_address>0xe5de</load_address>
         <run_address>0xe5de</run_address>
         <size>0x192</size>
         <input_file_ref idref="fl-d"/>
      </object_component>
      <object_component id="oc-45">
         <name>.const:.string</name>
         <load_address>0xe770</load_address>
         <run_address>0xe770</run_address>
         <size>0xc4</size>
         <input_file_ref idref="fl-a"/>
      </object_component>
      <object_component id="oc-15f">
         <name>.const:.string</name>
         <load_address>0xe834</load_address>
         <run_address>0xe834</run_address>
         <size>0x48</size>
         <input_file_ref idref="fl-57"/>
      </object_component>
      <object_component id="oc-8f">
         <name>.const:.string</name>
         <load_address>0xe87c</load_address>
         <run_address>0xe87c</run_address>
         <size>0x46</size>
         <input_file_ref idref="fl-16"/>
      </object_component>
      <object_component id="oc-1d0">
         <name>.const:_HPFCoeffBuf</name>
         <load_address>0xe8c2</load_address>
         <run_address>0xe8c2</run_address>
         <size>0x34</size>
         <input_file_ref idref="fl-b"/>
      </object_component>
      <object_component id="oc-b0">
         <name>.const:.string</name>
         <load_address>0xe8f8</load_address>
         <run_address>0xe8f8</run_address>
         <size>0x2c</size>
         <input_file_ref idref="fl-1c"/>
      </object_component>
      <object_component id="oc-1d8">
         <name>.const:_$P$T0$1</name>
         <load_address>0xe924</load_address>
         <run_address>0xe924</run_address>
         <size>0x28</size>
         <input_file_ref idref="fl-16"/>
      </object_component>
      <object_component id="oc-78">
         <name>.const</name>
         <load_address>0xe94c</load_address>
         <run_address>0xe94c</run_address>
         <size>0x1c</size>
         <input_file_ref idref="fl-12"/>
      </object_component>
      <object_component id="oc-15e">
         <name>.const</name>
         <load_address>0xe968</load_address>
         <run_address>0xe968</run_address>
         <size>0x18</size>
         <input_file_ref idref="fl-57"/>
      </object_component>
      <object_component id="oc-38">
         <name>.const</name>
         <load_address>0xe980</load_address>
         <run_address>0xe980</run_address>
         <size>0x14</size>
         <input_file_ref idref="fl-8"/>
      </object_component>
      <object_component id="oc-1d6">
         <name>.const:_$P$T0$4</name>
         <load_address>0xe994</load_address>
         <run_address>0xe994</run_address>
         <size>0x14</size>
         <input_file_ref idref="fl-d"/>
      </object_component>
      <object_component id="oc-1d3">
         <name>.const:_$P$T1$13</name>
         <load_address>0xe9a8</load_address>
         <run_address>0xe9a8</run_address>
         <size>0x10</size>
         <input_file_ref idref="fl-a"/>
      </object_component>
      <object_component id="oc-1de">
         <name>.const:_initial_approx$1</name>
         <load_address>0xe9b8</load_address>
         <run_address>0xe9b8</run_address>
         <size>0x10</size>
         <input_file_ref idref="fl-3e"/>
      </object_component>
      <object_component id="oc-1d5">
         <name>.const:_$P$T3$15</name>
         <load_address>0xe9c8</load_address>
         <run_address>0xe9c8</run_address>
         <size>0xa</size>
         <input_file_ref idref="fl-a"/>
      </object_component>
      <object_component id="oc-1d1">
         <name>.const:_$P$T0$9</name>
         <load_address>0xe9d2</load_address>
         <run_address>0xe9d2</run_address>
         <size>0x8</size>
         <input_file_ref idref="fl-a"/>
      </object_component>
      <object_component id="oc-1d4">
         <name>.const:_$P$T2$14</name>
         <load_address>0xe9da</load_address>
         <run_address>0xe9da</run_address>
         <size>0x8</size>
         <input_file_ref idref="fl-a"/>
      </object_component>
      <object_component id="oc-1da">
         <name>.const:_$P$T2$4</name>
         <load_address>0xe9e4</load_address>
         <run_address>0xe9e4</run_address>
         <size>0x8</size>
         <input_file_ref idref="fl-16"/>
      </object_component>
      <object_component id="oc-17a">
         <name>.const:.string</name>
         <load_address>0xe9ec</load_address>
         <run_address>0xe9ec</run_address>
         <size>0x4</size>
         <input_file_ref idref="fl-5e"/>
      </object_component>
      <object_component id="oc-63">
         <name>.const</name>
         <load_address>0xe9f0</load_address>
         <run_address>0xe9f0</run_address>
         <size>0x4</size>
         <input_file_ref idref="fl-f"/>
      </object_component>
      <object_component id="oc-1d9">
         <name>.const:_$P$T1$3</name>
         <load_address>0xe9f4</load_address>
         <run_address>0xe9f4</run_address>
         <size>0x4</size>
         <input_file_ref idref="fl-16"/>
      </object_component>
      <object_component id="oc-119">
         <name>.const</name>
         <load_address>0xe9f8</load_address>
         <run_address>0xe9f8</run_address>
         <size>0x4</size>
         <input_file_ref idref="fl-47"/>
      </object_component>
      <object_component id="oc-122">
         <name>.const</name>
         <load_address>0xe9fc</load_address>
         <run_address>0xe9fc</run_address>
         <size>0x4</size>
         <input_file_ref idref="fl-49"/>
      </object_component>
      <object_component id="oc-1a6">
         <name>.cio</name>
         <uninitialized>true</uninitialized>
         <run_address>0xea00</run_address>
         <size>0x240</size>
         <input_file_ref idref="fl-68"/>
      </object_component>
      <object_component id="oc-17">
         <name>.debug_info</name>
         <load_address>0x0</load_address>
         <run_address>0x0</run_address>
         <size>0x830</size>
         <input_file_ref idref="fl-3"/>
      </object_component>
      <object_component id="oc-1d">
         <name>.debug_info</name>
         <load_address>0x830</load_address>
         <run_address>0x830</run_address>
         <size>0xb10</size>
         <input_file_ref idref="fl-4"/>
      </object_component>
      <object_component id="oc-22">
         <name>.debug_info</name>
         <load_address>0x1340</load_address>
         <run_address>0x1340</run_address>
         <size>0x599</size>
         <input_file_ref idref="fl-5"/>
      </object_component>
      <object_component id="oc-28">
         <name>.debug_info</name>
         <load_address>0x18d9</load_address>
         <run_address>0x18d9</run_address>
         <size>0x1ce7</size>
         <input_file_ref idref="fl-6"/>
      </object_component>
      <object_component id="oc-2f">
         <name>.debug_info</name>
         <load_address>0x35c0</load_address>
         <run_address>0x35c0</run_address>
         <size>0x925</size>
         <input_file_ref idref="fl-7"/>
      </object_component>
      <object_component id="oc-36">
         <name>.debug_info</name>
         <load_address>0x3ee5</load_address>
         <run_address>0x3ee5</run_address>
         <size>0x26b7</size>
         <input_file_ref idref="fl-8"/>
      </object_component>
      <object_component id="oc-3d">
         <name>.debug_info</name>
         <load_address>0x659c</load_address>
         <run_address>0x659c</run_address>
         <size>0x1c22</size>
         <input_file_ref idref="fl-9"/>
      </object_component>
      <object_component id="oc-43">
         <name>.debug_info</name>
         <load_address>0x81be</load_address>
         <run_address>0x81be</run_address>
         <size>0x2b95</size>
         <input_file_ref idref="fl-a"/>
      </object_component>
      <object_component id="oc-4a">
         <name>.debug_info</name>
         <load_address>0xad53</load_address>
         <run_address>0xad53</run_address>
         <size>0x50f</size>
         <input_file_ref idref="fl-b"/>
      </object_component>
      <object_component id="oc-4e">
         <name>.debug_info</name>
         <load_address>0xb262</load_address>
         <run_address>0xb262</run_address>
         <size>0xfb</size>
         <input_file_ref idref="fl-c"/>
      </object_component>
      <object_component id="oc-53">
         <name>.debug_info</name>
         <load_address>0xb35d</load_address>
         <run_address>0xb35d</run_address>
         <size>0xbf9</size>
         <input_file_ref idref="fl-d"/>
      </object_component>
      <object_component id="oc-5a">
         <name>.debug_info</name>
         <load_address>0xbf56</load_address>
         <run_address>0xbf56</run_address>
         <size>0x1614</size>
         <input_file_ref idref="fl-e"/>
      </object_component>
      <object_component id="oc-60">
         <name>.debug_info</name>
         <load_address>0xd56a</load_address>
         <run_address>0xd56a</run_address>
         <size>0x109d</size>
         <input_file_ref idref="fl-f"/>
      </object_component>
      <object_component id="oc-69">
         <name>.debug_info</name>
         <load_address>0xe607</load_address>
         <run_address>0xe607</run_address>
         <size>0xa98</size>
         <input_file_ref idref="fl-10"/>
      </object_component>
      <object_component id="oc-70">
         <name>.debug_info</name>
         <load_address>0xf09f</load_address>
         <run_address>0xf09f</run_address>
         <size>0x1ccc</size>
         <input_file_ref idref="fl-11"/>
      </object_component>
      <object_component id="oc-77">
         <name>.debug_info</name>
         <load_address>0x10d6b</load_address>
         <run_address>0x10d6b</run_address>
         <size>0x147a</size>
         <input_file_ref idref="fl-12"/>
      </object_component>
      <object_component id="oc-7c">
         <name>.debug_info</name>
         <load_address>0x121e5</load_address>
         <run_address>0x121e5</run_address>
         <size>0x493</size>
         <input_file_ref idref="fl-13"/>
      </object_component>
      <object_component id="oc-80">
         <name>.debug_info</name>
         <load_address>0x12678</load_address>
         <run_address>0x12678</run_address>
         <size>0x945</size>
         <input_file_ref idref="fl-14"/>
      </object_component>
      <object_component id="oc-87">
         <name>.debug_info</name>
         <load_address>0x12fbd</load_address>
         <run_address>0x12fbd</run_address>
         <size>0x1ea6</size>
         <input_file_ref idref="fl-15"/>
      </object_component>
      <object_component id="oc-8d">
         <name>.debug_info</name>
         <load_address>0x14e63</load_address>
         <run_address>0x14e63</run_address>
         <size>0x3ebd</size>
         <input_file_ref idref="fl-16"/>
      </object_component>
      <object_component id="oc-94">
         <name>.debug_info</name>
         <load_address>0x18d20</load_address>
         <run_address>0x18d20</run_address>
         <size>0x91c</size>
         <input_file_ref idref="fl-17"/>
      </object_component>
      <object_component id="oc-99">
         <name>.debug_info</name>
         <load_address>0x1963c</load_address>
         <run_address>0x1963c</run_address>
         <size>0x2205</size>
         <input_file_ref idref="fl-18"/>
      </object_component>
      <object_component id="oc-9e">
         <name>.debug_info</name>
         <load_address>0x1b841</load_address>
         <run_address>0x1b841</run_address>
         <size>0x45a7</size>
         <input_file_ref idref="fl-19"/>
      </object_component>
      <object_component id="oc-a3">
         <name>.debug_info</name>
         <load_address>0x1fde8</load_address>
         <run_address>0x1fde8</run_address>
         <size>0x66a</size>
         <input_file_ref idref="fl-1a"/>
      </object_component>
      <object_component id="oc-a8">
         <name>.debug_info</name>
         <load_address>0x20452</load_address>
         <run_address>0x20452</run_address>
         <size>0x642</size>
         <input_file_ref idref="fl-1b"/>
      </object_component>
      <object_component id="oc-ae">
         <name>.debug_info</name>
         <load_address>0x20a94</load_address>
         <run_address>0x20a94</run_address>
         <size>0x2080</size>
         <input_file_ref idref="fl-1c"/>
      </object_component>
      <object_component id="oc-b6">
         <name>.debug_info</name>
         <load_address>0x22b14</load_address>
         <run_address>0x22b14</run_address>
         <size>0x2a1e</size>
         <input_file_ref idref="fl-1d"/>
      </object_component>
      <object_component id="oc-bb">
         <name>.debug_info</name>
         <load_address>0x25532</load_address>
         <run_address>0x25532</run_address>
         <size>0x21eb</size>
         <input_file_ref idref="fl-1e"/>
      </object_component>
      <object_component id="oc-c0">
         <name>.debug_info</name>
         <load_address>0x2771d</load_address>
         <run_address>0x2771d</run_address>
         <size>0x1af6</size>
         <input_file_ref idref="fl-1f"/>
      </object_component>
      <object_component id="oc-c5">
         <name>.debug_info</name>
         <load_address>0x29213</load_address>
         <run_address>0x29213</run_address>
         <size>0x99c</size>
         <input_file_ref idref="fl-20"/>
      </object_component>
      <object_component id="oc-ca">
         <name>.debug_info</name>
         <load_address>0x29baf</load_address>
         <run_address>0x29baf</run_address>
         <size>0x63d</size>
         <input_file_ref idref="fl-21"/>
      </object_component>
      <object_component id="oc-cf">
         <name>.debug_info</name>
         <load_address>0x2a1ec</load_address>
         <run_address>0x2a1ec</run_address>
         <size>0x627</size>
         <input_file_ref idref="fl-22"/>
      </object_component>
      <object_component id="oc-d4">
         <name>.debug_info</name>
         <load_address>0x2a813</load_address>
         <run_address>0x2a813</run_address>
         <size>0x533</size>
         <input_file_ref idref="fl-23"/>
      </object_component>
      <object_component id="oc-da">
         <name>.debug_info</name>
         <load_address>0x2ad46</load_address>
         <run_address>0x2ad46</run_address>
         <size>0xb2d</size>
         <input_file_ref idref="fl-24"/>
      </object_component>
      <object_component id="oc-e0">
         <name>.debug_info</name>
         <load_address>0x2b873</load_address>
         <run_address>0x2b873</run_address>
         <size>0x108</size>
         <input_file_ref idref="fl-25"/>
      </object_component>
      <object_component id="oc-e4">
         <name>.debug_info</name>
         <load_address>0x2b97b</load_address>
         <run_address>0x2b97b</run_address>
         <size>0x5ab</size>
         <input_file_ref idref="fl-3b"/>
      </object_component>
      <object_component id="oc-e9">
         <name>.debug_info</name>
         <load_address>0x2bf26</load_address>
         <run_address>0x2bf26</run_address>
         <size>0xe8</size>
         <input_file_ref idref="fl-3c"/>
      </object_component>
      <object_component id="oc-ed">
         <name>.debug_info</name>
         <load_address>0x2c00e</load_address>
         <run_address>0x2c00e</run_address>
         <size>0x81f</size>
         <input_file_ref idref="fl-3d"/>
      </object_component>
      <object_component id="oc-f1">
         <name>.debug_info</name>
         <load_address>0x2c82d</load_address>
         <run_address>0x2c82d</run_address>
         <size>0x7e8</size>
         <input_file_ref idref="fl-3e"/>
      </object_component>
      <object_component id="oc-f5">
         <name>.debug_info</name>
         <load_address>0x2d015</load_address>
         <run_address>0x2d015</run_address>
         <size>0x4f2</size>
         <input_file_ref idref="fl-3f"/>
      </object_component>
      <object_component id="oc-f9">
         <name>.debug_info</name>
         <load_address>0x2d507</load_address>
         <run_address>0x2d507</run_address>
         <size>0x534</size>
         <input_file_ref idref="fl-40"/>
      </object_component>
      <object_component id="oc-fe">
         <name>.debug_info</name>
         <load_address>0x2da3b</load_address>
         <run_address>0x2da3b</run_address>
         <size>0x5fb</size>
         <input_file_ref idref="fl-41"/>
      </object_component>
      <object_component id="oc-104">
         <name>.debug_info</name>
         <load_address>0x2e036</load_address>
         <run_address>0x2e036</run_address>
         <size>0x4cf</size>
         <input_file_ref idref="fl-42"/>
      </object_component>
      <object_component id="oc-108">
         <name>.debug_info</name>
         <load_address>0x2e505</load_address>
         <run_address>0x2e505</run_address>
         <size>0x534</size>
         <input_file_ref idref="fl-43"/>
      </object_component>
      <object_component id="oc-10c">
         <name>.debug_info</name>
         <load_address>0x2ea39</load_address>
         <run_address>0x2ea39</run_address>
         <size>0x4cf</size>
         <input_file_ref idref="fl-44"/>
      </object_component>
      <object_component id="oc-110">
         <name>.debug_info</name>
         <load_address>0x2ef08</load_address>
         <run_address>0x2ef08</run_address>
         <size>0x534</size>
         <input_file_ref idref="fl-45"/>
      </object_component>
      <object_component id="oc-114">
         <name>.debug_info</name>
         <load_address>0x2f43c</load_address>
         <run_address>0x2f43c</run_address>
         <size>0x4cf</size>
         <input_file_ref idref="fl-46"/>
      </object_component>
      <object_component id="oc-118">
         <name>.debug_info</name>
         <load_address>0x2f90b</load_address>
         <run_address>0x2f90b</run_address>
         <size>0x549</size>
         <input_file_ref idref="fl-47"/>
      </object_component>
      <object_component id="oc-11d">
         <name>.debug_info</name>
         <load_address>0x2fe54</load_address>
         <run_address>0x2fe54</run_address>
         <size>0x4cf</size>
         <input_file_ref idref="fl-48"/>
      </object_component>
      <object_component id="oc-121">
         <name>.debug_info</name>
         <load_address>0x30323</load_address>
         <run_address>0x30323</run_address>
         <size>0x549</size>
         <input_file_ref idref="fl-49"/>
      </object_component>
      <object_component id="oc-126">
         <name>.debug_info</name>
         <load_address>0x3086c</load_address>
         <run_address>0x3086c</run_address>
         <size>0x53e</size>
         <input_file_ref idref="fl-4a"/>
      </object_component>
      <object_component id="oc-12a">
         <name>.debug_info</name>
         <load_address>0x30daa</load_address>
         <run_address>0x30daa</run_address>
         <size>0x7d4</size>
         <input_file_ref idref="fl-4b"/>
      </object_component>
      <object_component id="oc-12e">
         <name>.debug_info</name>
         <load_address>0x3157e</load_address>
         <run_address>0x3157e</run_address>
         <size>0xbd</size>
         <input_file_ref idref="fl-4c"/>
      </object_component>
      <object_component id="oc-132">
         <name>.debug_info</name>
         <load_address>0x3163b</load_address>
         <run_address>0x3163b</run_address>
         <size>0x59d</size>
         <input_file_ref idref="fl-4d"/>
      </object_component>
      <object_component id="oc-136">
         <name>.debug_info</name>
         <load_address>0x31bd8</load_address>
         <run_address>0x31bd8</run_address>
         <size>0x55b</size>
         <input_file_ref idref="fl-4e"/>
      </object_component>
      <object_component id="oc-13a">
         <name>.debug_info</name>
         <load_address>0x32133</load_address>
         <run_address>0x32133</run_address>
         <size>0x76c</size>
         <input_file_ref idref="fl-4f"/>
      </object_component>
      <object_component id="oc-13e">
         <name>.debug_info</name>
         <load_address>0x3289f</load_address>
         <run_address>0x3289f</run_address>
         <size>0x534</size>
         <input_file_ref idref="fl-50"/>
      </object_component>
      <object_component id="oc-142">
         <name>.debug_info</name>
         <load_address>0x32dd3</load_address>
         <run_address>0x32dd3</run_address>
         <size>0x58e</size>
         <input_file_ref idref="fl-51"/>
      </object_component>
      <object_component id="oc-146">
         <name>.debug_info</name>
         <load_address>0x33361</load_address>
         <run_address>0x33361</run_address>
         <size>0x589</size>
         <input_file_ref idref="fl-52"/>
      </object_component>
      <object_component id="oc-14a">
         <name>.debug_info</name>
         <load_address>0x338ea</load_address>
         <run_address>0x338ea</run_address>
         <size>0x4de</size>
         <input_file_ref idref="fl-53"/>
      </object_component>
      <object_component id="oc-14e">
         <name>.debug_info</name>
         <load_address>0x33dc8</load_address>
         <run_address>0x33dc8</run_address>
         <size>0xef</size>
         <input_file_ref idref="fl-54"/>
      </object_component>
      <object_component id="oc-153">
         <name>.debug_info</name>
         <load_address>0x33eb7</load_address>
         <run_address>0x33eb7</run_address>
         <size>0xbc</size>
         <input_file_ref idref="fl-55"/>
      </object_component>
      <object_component id="oc-158">
         <name>.debug_info</name>
         <load_address>0x33f73</load_address>
         <run_address>0x33f73</run_address>
         <size>0x5bc</size>
         <input_file_ref idref="fl-56"/>
      </object_component>
      <object_component id="oc-15d">
         <name>.debug_info</name>
         <load_address>0x3452f</load_address>
         <run_address>0x3452f</run_address>
         <size>0x27bd</size>
         <input_file_ref idref="fl-57"/>
      </object_component>
      <object_component id="oc-163">
         <name>.debug_info</name>
         <load_address>0x36cec</load_address>
         <run_address>0x36cec</run_address>
         <size>0x586</size>
         <input_file_ref idref="fl-58"/>
      </object_component>
      <object_component id="oc-167">
         <name>.debug_info</name>
         <load_address>0x37272</load_address>
         <run_address>0x37272</run_address>
         <size>0x5a4</size>
         <input_file_ref idref="fl-59"/>
      </object_component>
      <object_component id="oc-16b">
         <name>.debug_info</name>
         <load_address>0x37816</load_address>
         <run_address>0x37816</run_address>
         <size>0xcd</size>
         <input_file_ref idref="fl-5a"/>
      </object_component>
      <object_component id="oc-16e">
         <name>.debug_info</name>
         <load_address>0x378e3</load_address>
         <run_address>0x378e3</run_address>
         <size>0x498</size>
         <input_file_ref idref="fl-5b"/>
      </object_component>
      <object_component id="oc-171">
         <name>.debug_info</name>
         <load_address>0x37d7b</load_address>
         <run_address>0x37d7b</run_address>
         <size>0x57e</size>
         <input_file_ref idref="fl-5c"/>
      </object_component>
      <object_component id="oc-175">
         <name>.debug_info</name>
         <load_address>0x382f9</load_address>
         <run_address>0x382f9</run_address>
         <size>0x6aa</size>
         <input_file_ref idref="fl-5d"/>
      </object_component>
      <object_component id="oc-179">
         <name>.debug_info</name>
         <load_address>0x389a3</load_address>
         <run_address>0x389a3</run_address>
         <size>0x942</size>
         <input_file_ref idref="fl-5e"/>
      </object_component>
      <object_component id="oc-17e">
         <name>.debug_info</name>
         <load_address>0x392e5</load_address>
         <run_address>0x392e5</run_address>
         <size>0x4d2</size>
         <input_file_ref idref="fl-5f"/>
      </object_component>
      <object_component id="oc-182">
         <name>.debug_info</name>
         <load_address>0x397b7</load_address>
         <run_address>0x397b7</run_address>
         <size>0x680</size>
         <input_file_ref idref="fl-60"/>
      </object_component>
      <object_component id="oc-187">
         <name>.debug_info</name>
         <load_address>0x39e37</load_address>
         <run_address>0x39e37</run_address>
         <size>0x144b</size>
         <input_file_ref idref="fl-61"/>
      </object_component>
      <object_component id="oc-18c">
         <name>.debug_info</name>
         <load_address>0x3b282</load_address>
         <run_address>0x3b282</run_address>
         <size>0x5ad</size>
         <input_file_ref idref="fl-62"/>
      </object_component>
      <object_component id="oc-190">
         <name>.debug_info</name>
         <load_address>0x3b82f</load_address>
         <run_address>0x3b82f</run_address>
         <size>0x574</size>
         <input_file_ref idref="fl-63"/>
      </object_component>
      <object_component id="oc-194">
         <name>.debug_info</name>
         <load_address>0x3bda3</load_address>
         <run_address>0x3bda3</run_address>
         <size>0xd1</size>
         <input_file_ref idref="fl-64"/>
      </object_component>
      <object_component id="oc-198">
         <name>.debug_info</name>
         <load_address>0x3be74</load_address>
         <run_address>0x3be74</run_address>
         <size>0x4b7</size>
         <input_file_ref idref="fl-65"/>
      </object_component>
      <object_component id="oc-19c">
         <name>.debug_info</name>
         <load_address>0x3c32b</load_address>
         <run_address>0x3c32b</run_address>
         <size>0x4f2</size>
         <input_file_ref idref="fl-66"/>
      </object_component>
      <object_component id="oc-1a1">
         <name>.debug_info</name>
         <load_address>0x3c81d</load_address>
         <run_address>0x3c81d</run_address>
         <size>0xed4</size>
         <input_file_ref idref="fl-67"/>
      </object_component>
      <object_component id="oc-1a5">
         <name>.debug_info</name>
         <load_address>0x3d6f1</load_address>
         <run_address>0x3d6f1</run_address>
         <size>0x744</size>
         <input_file_ref idref="fl-68"/>
      </object_component>
      <object_component id="oc-1ab">
         <name>.debug_info</name>
         <load_address>0x3de35</load_address>
[...]
         <object_component_ref idref="oc-c9"/>
      </symbol>
      <symbol id="sm-ba2">
         <name>_PAL_osProtectEntry</name>
         <value>0xe1ca</value>
         <object_component_ref idref="oc-ce"/>
      </symbol>
      <symbol id="sm-ba3">
         <name>_PAL_osProtectExit</name>
         <value>0xe1ed</value>
         <object_component_ref idref="oc-ce"/>
      </symbol>
      <symbol id="sm-bad">
         <name>_Get_Sar_Key</name>
         <value>0xe255</value>
         <object_component_ref idref="oc-d3"/>
      </symbol>
      <symbol id="sm-bae">
         <name>_Init_SAR</name>
         <value>0xe238</value>
         <object_component_ref idref="oc-d3"/>
      </symbol>
      <symbol id="sm-bc6">
         <name>_UTIL_circReadChar</name>
         <value>0xcb95</value>
         <object_component_ref idref="oc-d8"/>
      </symbol>
      <symbol id="sm-bc7">
         <name>_UTIL_circNew</name>
         <value>0xcb5f</value>
         <object_component_ref idref="oc-d8"/>
      </symbol>
      <symbol id="sm-bc8">
         <name>_UTIL_circWriteMultiple</name>
         <value>0xcc76</value>
         <object_component_ref idref="oc-d8"/>
      </symbol>
      <symbol id="sm-bc9">
         <name>_offset</name>
         <value>0x1a136</value>
         <object_component_ref idref="oc-d9"/>
      </symbol>
      <symbol id="sm-bca">
         <name>_UTIL_circWriteChar</name>
         <value>0xcbca</value>
         <object_component_ref idref="oc-d8"/>
      </symbol>
      <symbol id="sm-bcb">
         <name>_UTIL_circUnget</name>
         <value>0xccea</value>
         <object_component_ref idref="oc-d8"/>
      </symbol>
      <symbol id="sm-bcc">
         <name>_UTIL_circReadMultiple</name>
         <value>0xcbff</value>
         <object_component_ref idref="oc-d8"/>
      </symbol>
      <symbol id="sm-c1a">
         <name>reset_isr</name>
         <value>0xd6ef</value>
         <object_component_ref idref="oc-14"/>
      </symbol>
      <symbol id="sm-c1b">
         <name>RST</name>
         <value>0x200</value>
         <object_component_ref idref="oc-df"/>
      </symbol>
      <symbol id="sm-c25">
         <name>__addd</name>
         <value>0xc4f6</value>
         <object_component_ref idref="oc-e3"/>
      </symbol>
      <symbol id="sm-c31">
         <name>__sysstack</name>
         <value>0xf428</value>
         <object_component_ref idref="oc-1dd"/>
      </symbol>
      <symbol id="sm-c32">
         <name>_c_int00</name>
         <value>0xe204</value>
         <object_component_ref idref="oc-e7"/>
      </symbol>
      <symbol id="sm-c33">
         <name>__stack</name>
         <value>0xf040</value>
         <object_component_ref idref="oc-e8"/>
      </symbol>
      <symbol id="sm-c3d">
         <name>__eqld</name>
         <value>0xcad3</value>
         <object_component_ref idref="oc-ec"/>
      </symbol>
      <symbol id="sm-c3e">
         <name>__cmpd</name>
         <value>0xcb07</value>
         <object_component_ref idref="oc-ec"/>
      </symbol>
      <symbol id="sm-c3f">
         <name>__neqd</name>
         <value>0xc975</value>
         <object_component_ref idref="oc-ec"/>
      </symbol>
      <symbol id="sm-c40">
         <name>__gtrd</name>
         <value>0xca3e</value>
         <object_component_ref idref="oc-ec"/>
      </symbol>
      <symbol id="sm-c41">
         <name>__geqd</name>
         <value>0xca89</value>
         <object_component_ref idref="oc-ec"/>
      </symbol>
      <symbol id="sm-c42">
         <name>__leqd</name>
         <value>0xc9f1</value>
         <object_component_ref idref="oc-ec"/>
      </symbol>
      <symbol id="sm-c43">
         <name>__lssd</name>
         <value>0xc9a9</value>
         <object_component_ref idref="oc-ec"/>
      </symbol>
      <symbol id="sm-c4f">
         <name>__divd</name>
         <value>0xb6e1</value>
         <object_component_ref idref="oc-f0"/>
      </symbol>
      <symbol id="sm-c59">
         <name>__divli</name>
         <value>0xe105</value>
         <object_component_ref idref="oc-f4"/>
      </symbol>
      <symbol id="sm-c64">
         <name>__divul</name>
         <value>0xd847</value>
         <object_component_ref idref="oc-f8"/>
      </symbol>
      <symbol id="sm-c74">
         <name>C$$EXIT</name>
         <value>0xe3d3</value>
         <object_component_ref idref="oc-100"/>
      </symbol>
      <symbol id="sm-c75">
         <name>_exit</name>
         <value>0xe18c</value>
         <object_component_ref idref="oc-fc"/>
      </symbol>
      <symbol id="sm-c76">
         <name>_abort</name>
         <value>0xe3d2</value>
         <object_component_ref idref="oc-100"/>
      </symbol>
      <symbol id="sm-c77">
         <name>__cleanup_ptr</name>
         <value>0x1a63c</value>
         <object_component_ref idref="oc-fd"/>
      </symbol>
      <symbol id="sm-c78">
         <name>__dtors_ptr</name>
         <value>0x1a640</value>
         <object_component_ref idref="oc-fd"/>
      </symbol>
      <symbol id="sm-c82">
         <name>__fixdi</name>
         <value>0xe26b</value>
         <object_component_ref idref="oc-103"/>
      </symbol>
      <symbol id="sm-c8c">
         <name>__fixdli</name>
         <value>0xdc2b</value>
         <object_component_ref idref="oc-107"/>
      </symbol>
      <symbol id="sm-c96">
         <name>__fixdu</name>
         <value>0xe2e2</value>
         <object_component_ref idref="oc-10b"/>
      </symbol>
      <symbol id="sm-ca0">
         <name>__fixdul</name>
         <value>0xda59</value>
         <object_component_ref idref="oc-10f"/>
      </symbol>
      <symbol id="sm-caa">
         <name>__fltid</name>
         <value>0xe3bc</value>
         <object_component_ref idref="oc-113"/>
      </symbol>
      <symbol id="sm-cb6">
         <name>__fltlid</name>
         <value>0xdd72</value>
         <object_component_ref idref="oc-117"/>
      </symbol>
      <symbol id="sm-cc0">
         <name>__fltud</name>
         <value>0xe3ae</value>
         <object_component_ref idref="oc-11c"/>
      </symbol>
      <symbol id="sm-ccc">
         <name>__fltuld</name>
         <value>0xde93</value>
         <object_component_ref idref="oc-120"/>
      </symbol>
      <symbol id="sm-cd6">
         <name>__frcmpyd_div</name>
         <value>0xdb46</value>
         <object_component_ref idref="oc-125"/>
      </symbol>
      <symbol id="sm-ce0">
         <name>__divull</name>
         <value>0xc3cd</value>
         <object_component_ref idref="oc-129"/>
      </symbol>
      <symbol id="sm-ce1">
         <name>__mpylli</name>
         <value>0xc315</value>
         <object_component_ref idref="oc-129"/>
      </symbol>
      <symbol id="sm-ce2">
         <name>__remlli</name>
         <value>0xc2e6</value>
         <object_component_ref idref="oc-129"/>
      </symbol>
      <symbol id="sm-ce3">
         <name>__divlli</name>
         <value>0xc4c1</value>
         <object_component_ref idref="oc-129"/>
      </symbol>
      <symbol id="sm-ce4">
         <name>__remull</name>
         <value>0xc298</value>
         <object_component_ref idref="oc-129"/>
      </symbol>
      <symbol id="sm-cec">
         <name>__mpyli</name>
         <value>0xe357</value>
         <object_component_ref idref="oc-12d"/>
      </symbol>
      <symbol id="sm-ced">
         <name>I$$LMPY</name>
         <value>0xe357</value>
         <object_component_ref idref="oc-12d"/>
      </symbol>
      <symbol id="sm-cf7">
         <name>_memset</name>
         <value>0xe37c</value>
         <object_component_ref idref="oc-131"/>
      </symbol>
      <symbol id="sm-d01">
         <name>__mpyd</name>
         <value>0xd00b</value>
         <object_component_ref idref="oc-135"/>
      </symbol>
      <symbol id="sm-d0b">
         <name>_printf</name>
         <value>0xdf42</value>
         <object_component_ref idref="oc-139"/>
      </symbol>
      <symbol id="sm-d16">
         <name>__remul</name>
         <value>0xdbb9</value>
         <object_component_ref idref="oc-13d"/>
      </symbol>
      <symbol id="sm-d20">
         <name>_strcpy</name>
         <value>0xe32f</value>
         <object_component_ref idref="oc-141"/>
      </symbol>
      <symbol id="sm-d2a">
         <name>_strlen</name>
         <value>0xe38d</value>
         <object_component_ref idref="oc-145"/>
      </symbol>
      <symbol id="sm-d34">
         <name>__subd</name>
         <value>0xe343</value>
         <object_component_ref idref="oc-149"/>
      </symbol>
      <symbol id="sm-d3c">
         <name>__remu</name>
         <value>0xe2aa</value>
         <object_component_ref idref="oc-14d"/>
      </symbol>
      <symbol id="sm-d3d">
         <name>__divu</name>
         <value>0xe295</value>
         <object_component_ref idref="oc-14d"/>
      </symbol>
      <symbol id="sm-d3e">
         <name>I$$UMOD</name>
         <value>0xe2aa</value>
         <object_component_ref idref="oc-14d"/>
      </symbol>
      <symbol id="sm-d3f">
         <name>I$$UDIV</name>
         <value>0xe295</value>
         <object_component_ref idref="oc-14d"/>
      </symbol>
      <symbol id="sm-d49">
         <name>_Reset</name>
         <value>0x100</value>
         <object_component_ref idref="oc-152"/>
      </symbol>
      <symbol id="sm-d57">
         <name>__unlock</name>
         <value>0x1a638</value>
         <object_component_ref idref="oc-157"/>
      </symbol>
      <symbol id="sm-d58">
         <name>__lock</name>
         <value>0x1a634</value>
         <object_component_ref idref="oc-157"/>
      </symbol>
      <symbol id="sm-d59">
         <name>__register_lock</name>
         <value>0xe372</value>
         <object_component_ref idref="oc-156"/>
      </symbol>
      <symbol id="sm-d5a">
         <name>__nop</name>
         <value>0xe37a</value>
         <object_component_ref idref="oc-156"/>
      </symbol>
      <symbol id="sm-d5b">
         <name>__register_unlock</name>
         <value>0xe36a</value>
         <object_component_ref idref="oc-156"/>
      </symbol>
      <symbol id="sm-d6d">
         <name>__printfi</name>
         <value>0x2d85</value>
         <object_component_ref idref="oc-15c"/>
      </symbol>
      <symbol id="sm-d77">
         <name>__args_main</name>
         <value>0xdfdf</value>
         <object_component_ref idref="oc-162"/>
      </symbol>
      <symbol id="sm-d78">
         <name>__TI_args_main</name>
         <value>0x1</value>
      </symbol>
      <symbol id="sm-d82">
         <name>_atoi</name>
         <value>0xde37</value>
         <object_component_ref idref="oc-166"/>
      </symbol>
      <symbol id="sm-d8a">
         <name>_auto_init</name>
         <value>0xdf92</value>
         <object_component_ref idref="oc-16a"/>
      </symbol>
      <symbol id="sm-d92">
         <name>__ctypes_</name>
         <value>0xe3dc</value>
         <object_component_ref idref="oc-1df"/>
      </symbol>
      <symbol id="sm-d9c">
         <name>__tmpnams</name>
         <value>0x19c9c</value>
         <object_component_ref idref="oc-170"/>
      </symbol>
      <symbol id="sm-d9d">
         <name>__ft_end</name>
         <value>0x19ddc</value>
         <object_component_ref idref="oc-170"/>
      </symbol>
      <symbol id="sm-d9e">
         <name>__ftable</name>
         <value>0x19bac</value>
         <object_component_ref idref="oc-170"/>
      </symbol>
      <symbol id="sm-da8">
         <name>_putchar</name>
         <value>0xd838</value>
         <object_component_ref idref="oc-174"/>
      </symbol>
      <symbol id="sm-da9">
         <name>_putc</name>
         <value>0xd7a1</value>
         <object_component_ref idref="oc-174"/>
      </symbol>
      <symbol id="sm-daa">
         <name>_fputc</name>
         <value>0xd7a1</value>
         <object_component_ref idref="oc-174"/>
      </symbol>
      <symbol id="sm-db8">
         <name>_puts</name>
         <value>0xcfdd</value>
         <object_component_ref idref="oc-178"/>
      </symbol>
      <symbol id="sm-db9">
         <name>_fputs</name>
         <value>0xcea8</value>
         <object_component_ref idref="oc-178"/>
      </symbol>
      <symbol id="sm-dc3">
         <name>__frcmpyd</name>
         <value>0xdad0</value>
         <object_component_ref idref="oc-17d"/>
      </symbol>
      <symbol id="sm-dcd">
         <name>___isinf</name>
         <value>0xe2fd</value>
         <object_component_ref idref="oc-181"/>
      </symbol>
      <symbol id="sm-ddf">
         <name>_add_device</name>
         <value>0x95aa</value>
         <object_component_ref idref="oc-185"/>
      </symbol>
      <symbol id="sm-de0">
         <name>_rename</name>
         <value>0x92cc</value>
         <object_component_ref idref="oc-185"/>
      </symbol>
      <symbol id="sm-de1">
         <name>_read</name>
         <value>0x935b</value>
         <object_component_ref idref="oc-185"/>
      </symbol>
      <symbol id="sm-de2">
         <name>_unlink</name>
         <value>0x9299</value>
         <object_component_ref idref="oc-185"/>
      </symbol>
      <symbol id="sm-de3">
         <name>_remove_device</name>
         <value>0x9325</value>
         <object_component_ref idref="oc-185"/>
      </symbol>
      <symbol id="sm-de4">
         <name>_open</name>
         <value>0x9409</value>
         <object_component_ref idref="oc-185"/>
      </symbol>
      <symbol id="sm-de5">
         <name>_find_registered_device</name>
         <value>0x952e</value>
         <object_component_ref idref="oc-185"/>
      </symbol>
      <symbol id="sm-de6">
         <name>_lseek</name>
         <value>0x94c8</value>
         <object_component_ref idref="oc-185"/>
      </symbol>
      <symbol id="sm-de7">
         <name>_close</name>
         <value>0x9537</value>
         <object_component_ref idref="oc-185"/>
      </symbol>
      <symbol id="sm-de8">
         <name>_write</name>
         <value>0x9157</value>
         <object_component_ref idref="oc-185"/>
      </symbol>
      <symbol id="sm-df2">
         <name>_ltoa</name>
         <value>0xd8e8</value>
         <object_component_ref idref="oc-18b"/>
      </symbol>
      <symbol id="sm-dfd">
         <name>_memccpy</name>
         <value>0xe2bf</value>
         <object_component_ref idref="oc-18f"/>
      </symbol>
      <symbol id="sm-e05">
         <name>_memcpy</name>
         <value>0xe14d</value>
         <object_component_ref idref="oc-193"/>
      </symbol>
      <symbol id="sm-e0f">
         <name>__negd</name>
         <value>0xe39e</value>
         <object_component_ref idref="oc-197"/>
      </symbol>
      <symbol id="sm-e19">
         <name>__remli</name>
         <value>0xe02a</value>
         <object_component_ref idref="oc-19b"/>
      </symbol>
      <symbol id="sm-e25">
         <name>_HOSTopen</name>
         <value>0xa41d</value>
         <object_component_ref idref="oc-19f"/>
      </symbol>
      <symbol id="sm-e26">
         <name>_HOSTread</name>
         <value>0xa390</value>
         <object_component_ref idref="oc-19f"/>
      </symbol>
      <symbol id="sm-e27">
         <name>_HOSTtime</name>
         <value>0xa284</value>
         <object_component_ref idref="oc-19f"/>
      </symbol>
      <symbol id="sm-e28">
         <name>_getenv</name>
         <value>0xa112</value>
         <object_component_ref idref="oc-19f"/>
      </symbol>
      <symbol id="sm-e29">
         <name>_HOSTrename</name>
         <value>0xa2e2</value>
         <object_component_ref idref="oc-19f"/>
      </symbol>
      <symbol id="sm-e2a">
         <name>_HOSTclock</name>
         <value>0xa5dc</value>
         <object_component_ref idref="oc-19f"/>
      </symbol>
      <symbol id="sm-e2b">
         <name>_HOSTwrite</name>
         <value>0xa18d</value>
         <object_component_ref idref="oc-19f"/>
      </symbol>
      <symbol id="sm-e2c">
         <name>_HOSTlseek</name>
         <value>0xa4bc</value>
         <object_component_ref idref="oc-19f"/>
      </symbol>
      <symbol id="sm-e2d">
         <name>_HOSTunlink</name>
         <value>0xa21a</value>
         <object_component_ref idref="oc-19f"/>
      </symbol>
      <symbol id="sm-e2e">
         <name>_HOSTclose</name>
         <value>0xa571</value>
         <object_component_ref idref="oc-19f"/>
      </symbol>
      <symbol id="sm-e40">
         <name>C$$IO$$</name>
         <value>0xd6ea</value>
         <object_component_ref idref="oc-1a7"/>
      </symbol>
      <symbol id="sm-e41">
         <name>__CIOBUF_</name>
         <value>0xea00</value>
         <object_component_ref idref="oc-1a6"/>
      </symbol>
      <symbol id="sm-e42">
         <name>_readmsg</name>
         <value>0xdc9a</value>
         <object_component_ref idref="oc-1a4"/>
      </symbol>
      <symbol id="sm-e43">
         <name>_writemsg</name>
         <value>0xd635</value>
         <object_component_ref idref="oc-1a7"/>
      </symbol>
      <symbol id="sm-e4d">
         <name>__rd_ok</name>
         <value>0xd516</value>
         <object_component_ref idref="oc-1aa"/>
      </symbol>
      <symbol id="sm-e4e">
         <name>__wrt_ok</name>
         <value>0xd496</value>
         <object_component_ref idref="oc-1aa"/>
      </symbol>
      <symbol id="sm-e58">
         <name>__doflush</name>
         <value>0xd573</value>
         <object_component_ref idref="oc-1ae"/>
      </symbol>
      <symbol id="sm-e59">
         <name>_fflush</name>
         <value>0xd5dc</value>
         <object_component_ref idref="oc-1ae"/>
      </symbol>
      <symbol id="sm-e63">
         <name>_fseek</name>
         <value>0xdd07</value>
         <object_component_ref idref="oc-1b2"/>
      </symbol>
      <symbol id="sm-e6d">
         <name>_setvbuf</name>
         <value>0xd3b0</value>
         <object_component_ref idref="oc-1b6"/>
      </symbol>
      <symbol id="sm-e7c">
         <name>__cleanup</name>
         <value>0xc13a</value>
         <object_component_ref idref="oc-1ba"/>
      </symbol>
      <symbol id="sm-e7d">
         <name>_fopen</name>
         <value>0xc25d</value>
         <object_component_ref idref="oc-1ba"/>
      </symbol>
      <symbol id="sm-e7e">
         <name>_freopen</name>
         <value>0xc194</value>
         <object_component_ref idref="oc-1ba"/>
      </symbol>
      <symbol id="sm-e8e">
         <name>__sys_memory</name>
         <value>0xec40</value>
         <object_component_ref idref="oc-1c4"/>
      </symbol>
      <symbol id="sm-e8f">
         <name>_chkheap</name>
         <value>0xaac1</value>
         <object_component_ref idref="oc-1c0"/>
      </symbol>
      <symbol id="sm-e90">
         <name>_realloc</name>
         <value>0xa860</value>
         <object_component_ref idref="oc-1c0"/>
      </symbol>
      <symbol id="sm-e91">
         <name>_free_memory</name>
         <value>0xaa6b</value>
         <object_component_ref idref="oc-1c0"/>
      </symbol>
      <symbol id="sm-e92">
         <name>_max_free</name>
         <value>0xaa11</value>
         <object_component_ref idref="oc-1c0"/>
      </symbol>
      <symbol id="sm-e93">
         <name>_free</name>
         <value>0xa63a</value>
         <object_component_ref idref="oc-1c0"/>
      </symbol>
      <symbol id="sm-e94">
         <name>_calloc</name>
         <value>0xaac9</value>
         <object_component_ref idref="oc-1c0"/>
      </symbol>
      <symbol id="sm-e95">
         <name>_malloc</name>
         <value>0xa76b</value>
         <object_component_ref idref="oc-1c0"/>
      </symbol>
      <symbol id="sm-e96">
         <name>_minit</name>
         <value>0xa706</value>
         <object_component_ref idref="oc-1c0"/>
      </symbol>
      <symbol id="sm-ea0">
         <name>_fclose</name>
         <value>0xd965</value>
         <object_component_ref idref="oc-1c7"/>
      </symbol>
      <symbol id="sm-eaa">
         <name>_remove</name>
         <value>0xe3c8</value>
         <object_component_ref idref="oc-1cb"/>
      </symbol>
   </symbol_table>
</link_info>
