<?xml version="1.0"?>
<link_info>
   <banner>TMS320C55x Linker PC v4.4.1</banner>
   <copyright>Copyright (c) 1996-2012 Texas Instruments Incorporated</copyright>
   <link_time>0x57ea7fec</link_time>
   <output_file>ECGSystem.out</output_file>
   <entry_point>
      <name>reset_isr</name>
      <address>0xd32b</address>
   </entry_point>
   <input_file_list>
      <input_file id="fl-3">
         <path>.\</path>
         <kind>object</kind>
         <file>ADS1298Init.obj</file>
         <name>ADS1298Init.obj</name>
      </input_file>
      <input_file id="fl-4">
         <path>.\</path>
         <kind>object</kind>
         <file>ADS1298_Pacer.obj</file>
         <name>ADS1298_Pacer.obj</name>
      </input_file>
      <input_file id="fl-5">
         <path>.\</path>
         <kind>object</kind>
         <file>Arrythmia.obj</file>
         <name>Arrythmia.obj</name>
      </input_file>
      <input_file id="fl-6">
         <path>.\</path>
         <kind>object</kind>
         <file>Communication_protocol.obj</file>
         <name>Communication_protocol.obj</name>
      </input_file>
      <input_file id="fl-7">
         <path>.\</path>
         <kind>object</kind>
         <file>DiagnosticsTMS.obj</file>
         <name>DiagnosticsTMS.obj</name>
      </input_file>
      <input_file id="fl-8">
         <path>.\</path>
         <kind>object</kind>
         <file>ECGSystemFunctions.obj</file>
         <name>ECGSystemFunctions.obj</name>
      </input_file>
      <input_file id="fl-9">
         <path>.\</path>
         <kind>object</kind>
         <file>ECGSystemInit.obj</file>
         <name>ECGSystemInit.obj</name>
      </input_file>
      <input_file id="fl-a">
         <path>.\</path>
         <kind>object</kind>
         <file>ECGSystem_main.obj</file>
         <name>ECGSystem_main.obj</name>
      </input_file>
      <input_file id="fl-b">
         <path>.\</path>
         <kind>object</kind>
         <file>ECG_Filter_Co-efficients.obj</file>
         <name>ECG_Filter_Co-efficients.obj</name>
      </input_file>
      <input_file id="fl-c">
         <path>.\</path>
         <kind>object</kind>
         <file>FIR_Filter.obj</file>
         <name>FIR_Filter.obj</name>
      </input_file>
      <input_file id="fl-d">
         <path>.\</path>
         <kind>object</kind>
         <file>Filtering.obj</file>
         <name>Filtering.obj</name>
      </input_file>
      <input_file id="fl-e">
         <path>.\</path>
         <kind>object</kind>
         <file>I2C.obj</file>
         <name>I2C.obj</name>
      </input_file>
      <input_file id="fl-f">
         <path>.\</path>
         <kind>object</kind>
         <file>InterruptHandlers.obj</file>
         <name>InterruptHandlers.obj</name>
      </input_file>
      <input_file id="fl-10">
         <path>.\</path>
         <kind>object</kind>
         <file>Respiration_Module.obj</file>
         <name>Respiration_Module.obj</name>
      </input_file>
      <input_file id="fl-11">
         <path>.\</path>
         <kind>object</kind>
         <file>SPO2_Init_Functions.obj</file>
         <name>SPO2_Init_Functions.obj</name>
      </input_file>
      <input_file id="fl-12">
         <path>.\</path>
         <kind>object</kind>
         <file>SPO2_functions.obj</file>
         <name>SPO2_functions.obj</name>
      </input_file>
      <input_file id="fl-13">
         <path>.\</path>
         <kind>object</kind>
         <file>Status_Config_registers.obj</file>
         <name>Status_Config_registers.obj</name>
      </input_file>
      <input_file id="fl-14">
         <path>.\</path>
         <kind>object</kind>
         <file>cpu_clock_init.obj</file>
         <name>cpu_clock_init.obj</name>
      </input_file>
      <input_file id="fl-15">
         <path>.\</path>
         <kind>object</kind>
         <file>dda_spi.obj</file>
         <name>dda_spi.obj</name>
      </input_file>
      <input_file id="fl-16">
         <path>.\</path>
         <kind>object</kind>
         <file>dda_uart.obj</file>
         <name>dda_uart.obj</name>
      </input_file>
      <input_file id="fl-17">
         <path>.\</path>
         <kind>object</kind>
         <file>dda_uartCfg.obj</file>
         <name>dda_uartCfg.obj</name>
      </input_file>
      <input_file id="fl-18">
         <path>.\</path>
         <kind>object</kind>
         <file>ddc_spi.obj</file>
         <name>ddc_spi.obj</name>
      </input_file>
      <input_file id="fl-19">
         <path>.\</path>
         <kind>object</kind>
         <file>ddc_uart.obj</file>
         <name>ddc_uart.obj</name>
      </input_file>
      <input_file id="fl-1a">
         <path>.\</path>
         <kind>object</kind>
         <file>evm5515.obj</file>
         <name>evm5515.obj</name>
      </input_file>
      <input_file id="fl-1b">
         <path>.\</path>
         <kind>object</kind>
         <file>evm5515_uart.obj</file>
         <name>evm5515_uart.obj</name>
      </input_file>
      <input_file id="fl-1c">
         <path>.\</path>
         <kind>object</kind>
         <file>lcd.obj</file>
         <name>lcd.obj</name>
      </input_file>
      <input_file id="fl-1d">
         <path>.\</path>
         <kind>object</kind>
         <file>llc_spi.obj</file>
         <name>llc_spi.obj</name>
      </input_file>
      <input_file id="fl-1e">
         <path>.\</path>
         <kind>object</kind>
         <file>llc_uart.obj</file>
         <name>llc_uart.obj</name>
      </input_file>
      <input_file id="fl-1f">
         <path>.\</path>
         <kind>object</kind>
         <file>pal_osList.obj</file>
         <name>pal_osList.obj</name>
      </input_file>
      <input_file id="fl-20">
         <path>.\</path>
         <kind>object</kind>
         <file>pal_osSem.obj</file>
         <name>pal_osSem.obj</name>
      </input_file>
      <input_file id="fl-21">
         <path>.\</path>
         <kind>object</kind>
         <file>pal_osTime.obj</file>
         <name>pal_osTime.obj</name>
      </input_file>
      <input_file id="fl-22">
         <path>.\</path>
         <kind>object</kind>
         <file>pal_osprotect.obj</file>
         <name>pal_osprotect.obj</name>
      </input_file>
      <input_file id="fl-23">
         <path>.\</path>
         <kind>object</kind>
         <file>sar.obj</file>
         <name>sar.obj</name>
      </input_file>
      <input_file id="fl-24">
         <path>.\</path>
         <kind>object</kind>
         <file>util_circ.obj</file>
         <name>util_circ.obj</name>
      </input_file>
      <input_file id="fl-25">
         <path>.\</path>
         <kind>object</kind>
         <file>vectors.obj</file>
         <name>vectors.obj</name>
      </input_file>
      <input_file id="fl-3b">
         <path>C:\ti\ccsv6\tools\compiler\c5500_4.4.1\lib\</path>
         <kind>archive</kind>
         <file>rts55x.lib</file>
         <name>addd.obj</name>
      </input_file>
      <input_file id="fl-3c">
         <path>C:\ti\ccsv6\tools\compiler\c5500_4.4.1\lib\</path>
         <kind>archive</kind>
         <file>rts55x.lib</file>
         <name>boot.obj</name>
      </input_file>
      <input_file id="fl-3d">
         <path>C:\ti\ccsv6\tools\compiler\c5500_4.4.1\lib\</path>
         <kind>archive</kind>
         <file>rts55x.lib</file>
         <name>cmpd.obj</name>
      </input_file>
      <input_file id="fl-3e">
         <path>C:\ti\ccsv6\tools\compiler\c5500_4.4.1\lib\</path>
         <kind>archive</kind>
         <file>rts55x.lib</file>
         <name>divd.obj</name>
      </input_file>
      <input_file id="fl-3f">
         <path>C:\ti\ccsv6\tools\compiler\c5500_4.4.1\lib\</path>
         <kind>archive</kind>
         <file>rts55x.lib</file>
         <name>divli.obj</name>
      </input_file>
      <input_file id="fl-40">
         <path>C:\ti\ccsv6\tools\compiler\c5500_4.4.1\lib\</path>
         <kind>archive</kind>
         <file>rts55x.lib</file>
         <name>divul.obj</name>
      </input_file>
      <input_file id="fl-41">
         <path>C:\ti\ccsv6\tools\compiler\c5500_4.4.1\lib\</path>
         <kind>archive</kind>
         <file>rts55x.lib</file>
         <name>exit.obj</name>
      </input_file>
      <input_file id="fl-42">
         <path>C:\ti\ccsv6\tools\compiler\c5500_4.4.1\lib\</path>
         <kind>archive</kind>
         <file>rts55x.lib</file>
         <name>fixdi.obj</name>
      </input_file>
      <input_file id="fl-43">
         <path>C:\ti\ccsv6\tools\compiler\c5500_4.4.1\lib\</path>
         <kind>archive</kind>
         <file>rts55x.lib</file>
         <name>fixdli.obj</name>
      </input_file>
      <input_file id="fl-44">
         <path>C:\ti\ccsv6\tools\compiler\c5500_4.4.1\lib\</path>
         <kind>archive</kind>
         <file>rts55x.lib</file>
         <name>fixdu.obj</name>
      </input_file>
      <input_file id="fl-45">
         <path>C:\ti\ccsv6\tools\compiler\c5500_4.4.1\lib\</path>
         <kind>archive</kind>
         <file>rts55x.lib</file>
         <name>fixdul.obj</name>
      </input_file>
      <input_file id="fl-46">
         <path>C:\ti\ccsv6\tools\compiler\c5500_4.4.1\lib\</path>
         <kind>archive</kind>
         <file>rts55x.lib</file>
         <name>fltid.obj</name>
      </input_file>
      <input_file id="fl-47">
         <path>C:\ti\ccsv6\tools\compiler\c5500_4.4.1\lib\</path>
         <kind>archive</kind>
         <file>rts55x.lib</file>
         <name>fltlid.obj</name>
      </input_file>
      <input_file id="fl-48">
         <path>C:\ti\ccsv6\tools\compiler\c5500_4.4.1\lib\</path>
         <kind>archive</kind>
         <file>rts55x.lib</file>
         <name>fltud.obj</name>
      </input_file>
      <input_file id="fl-49">
         <path>C:\ti\ccsv6\tools\compiler\c5500_4.4.1\lib\</path>
         <kind>archive</kind>
         <file>rts55x.lib</file>
         <name>fltuld.obj</name>
      </input_file>
      <input_file id="fl-4a">
         <path>C:\ti\ccsv6\tools\compiler\c5500_4.4.1\lib\</path>
         <kind>archive</kind>
         <file>rts55x.lib</file>
         <name>frcmpyd_div.obj</name>
      </input_file>
      <input_file id="fl-4b">
         <path>C:\ti\ccsv6\tools\compiler\c5500_4.4.1\lib\</path>
         <kind>archive</kind>
         <file>rts55x.lib</file>
         <name>llmpy.obj</name>
      </input_file>
      <input_file id="fl-4c">
         <path>C:\ti\ccsv6\tools\compiler\c5500_4.4.1\lib\</path>
         <kind>archive</kind>
         <file>rts55x.lib</file>
         <name>lmpy.obj</name>
      </input_file>
      <input_file id="fl-4d">
         <path>C:\ti\ccsv6\tools\compiler\c5500_4.4.1\lib\</path>
         <kind>archive</kind>
         <file>rts55x.lib</file>
         <name>memset.obj</name>
      </input_file>
      <input_file id="fl-4e">
         <path>C:\ti\ccsv6\tools\compiler\c5500_4.4.1\lib\</path>
         <kind>archive</kind>
         <file>rts55x.lib</file>
         <name>mpyd.obj</name>
      </input_file>
      <input_file id="fl-4f">
         <path>C:\ti\ccsv6\tools\compiler\c5500_4.4.1\lib\</path>
         <kind>archive</kind>
         <file>rts55x.lib</file>
         <name>printf.obj</name>
      </input_file>
      <input_file id="fl-50">
         <path>C:\ti\ccsv6\tools\compiler\c5500_4.4.1\lib\</path>
         <kind>archive</kind>
         <file>rts55x.lib</file>
         <name>remul.obj</name>
      </input_file>
      <input_file id="fl-51">
         <path>C:\ti\ccsv6\tools\compiler\c5500_4.4.1\lib\</path>
         <kind>archive</kind>
         <file>rts55x.lib</file>
         <name>strcpy.obj</name>
      </input_file>
      <input_file id="fl-52">
         <path>C:\ti\ccsv6\tools\compiler\c5500_4.4.1\lib\</path>
         <kind>archive</kind>
         <file>rts55x.lib</file>
         <name>strlen.obj</name>
      </input_file>
      <input_file id="fl-53">
         <path>C:\ti\ccsv6\tools\compiler\c5500_4.4.1\lib\</path>
         <kind>archive</kind>
         <file>rts55x.lib</file>
         <name>subd.obj</name>
      </input_file>
      <input_file id="fl-54">
         <path>C:\ti\ccsv6\tools\compiler\c5500_4.4.1\lib\</path>
         <kind>archive</kind>
         <file>rts55x.lib</file>
         <name>udiv.obj</name>
      </input_file>
      <input_file id="fl-55">
         <path>C:\ti\ccsv6\tools\compiler\c5500_4.4.1\lib\</path>
         <kind>archive</kind>
         <file>rts55x.lib</file>
         <name>vectors.obj</name>
      </input_file>
      <input_file id="fl-56">
         <path>C:\ti\ccsv6\tools\compiler\c5500_4.4.1\lib\</path>
         <kind>archive</kind>
         <file>rts55x.lib</file>
         <name>_lock.obj</name>
      </input_file>
      <input_file id="fl-57">
         <path>C:\ti\ccsv6\tools\compiler\c5500_4.4.1\lib\</path>
         <kind>archive</kind>
         <file>rts55x.lib</file>
         <name>_printfi.obj</name>
      </input_file>
      <input_file id="fl-58">
         <path>C:\ti\ccsv6\tools\compiler\c5500_4.4.1\lib\</path>
         <kind>archive</kind>
         <file>rts55x.lib</file>
         <name>args_main.obj</name>
      </input_file>
      <input_file id="fl-59">
         <path>C:\ti\ccsv6\tools\compiler\c5500_4.4.1\lib\</path>
         <kind>archive</kind>
         <file>rts55x.lib</file>
         <name>atoi.obj</name>
      </input_file>
      <input_file id="fl-5a">
         <path>C:\ti\ccsv6\tools\compiler\c5500_4.4.1\lib\</path>
         <kind>archive</kind>
         <file>rts55x.lib</file>
         <name>autoinit.obj</name>
      </input_file>
      <input_file id="fl-5b">
         <path>C:\ti\ccsv6\tools\compiler\c5500_4.4.1\lib\</path>
         <kind>archive</kind>
         <file>rts55x.lib</file>
         <name>ctype.obj</name>
      </input_file>
      <input_file id="fl-5c">
         <path>C:\ti\ccsv6\tools\compiler\c5500_4.4.1\lib\</path>
         <kind>archive</kind>
         <file>rts55x.lib</file>
         <name>defs.obj</name>
      </input_file>
      <input_file id="fl-5d">
         <path>C:\ti\ccsv6\tools\compiler\c5500_4.4.1\lib\</path>
         <kind>archive</kind>
         <file>rts55x.lib</file>
         <name>fputc.obj</name>
      </input_file>
      <input_file id="fl-5e">
         <path>C:\ti\ccsv6\tools\compiler\c5500_4.4.1\lib\</path>
         <kind>archive</kind>
         <file>rts55x.lib</file>
         <name>fputs.obj</name>
      </input_file>
      <input_file id="fl-5f">
         <path>C:\ti\ccsv6\tools\compiler\c5500_4.4.1\lib\</path>
         <kind>archive</kind>
         <file>rts55x.lib</file>
         <name>frcmpyd.obj</name>
      </input_file>
      <input_file id="fl-60">
         <path>C:\ti\ccsv6\tools\compiler\c5500_4.4.1\lib\</path>
         <kind>archive</kind>
         <file>rts55x.lib</file>
         <name>isinf.obj</name>
      </input_file>
      <input_file id="fl-61">
         <path>C:\ti\ccsv6\tools\compiler\c5500_4.4.1\lib\</path>
         <kind>archive</kind>
         <file>rts55x.lib</file>
         <name>lowlev.obj</name>
      </input_file>
      <input_file id="fl-62">
         <path>C:\ti\ccsv6\tools\compiler\c5500_4.4.1\lib\</path>
         <kind>archive</kind>
         <file>rts55x.lib</file>
         <name>ltoa.obj</name>
      </input_file>
      <input_file id="fl-63">
         <path>C:\ti\ccsv6\tools\compiler\c5500_4.4.1\lib\</path>
         <kind>archive</kind>
         <file>rts55x.lib</file>
         <name>memccpy.obj</name>
      </input_file>
      <input_file id="fl-64">
         <path>C:\ti\ccsv6\tools\compiler\c5500_4.4.1\lib\</path>
         <kind>archive</kind>
         <file>rts55x.lib</file>
         <name>memcpy.obj</name>
      </input_file>
      <input_file id="fl-65">
         <path>C:\ti\ccsv6\tools\compiler\c5500_4.4.1\lib\</path>
         <kind>archive</kind>
         <file>rts55x.lib</file>
         <name>negd.obj</name>
      </input_file>
      <input_file id="fl-66">
         <path>C:\ti\ccsv6\tools\compiler\c5500_4.4.1\lib\</path>
         <kind>archive</kind>
         <file>rts55x.lib</file>
         <name>remli.obj</name>
      </input_file>
      <input_file id="fl-67">
         <path>C:\ti\ccsv6\tools\compiler\c5500_4.4.1\lib\</path>
         <kind>archive</kind>
         <file>rts55x.lib</file>
         <name>trgdrv.obj</name>
      </input_file>
      <input_file id="fl-68">
         <path>C:\ti\ccsv6\tools\compiler\c5500_4.4.1\lib\</path>
         <kind>archive</kind>
         <file>rts55x.lib</file>
         <name>trgmsg.obj</name>
      </input_file>
      <input_file id="fl-69">
         <path>C:\ti\ccsv6\tools\compiler\c5500_4.4.1\lib\</path>
         <kind>archive</kind>
         <file>rts55x.lib</file>
         <name>_io_perm.obj</name>
      </input_file>
      <input_file id="fl-6a">
         <path>C:\ti\ccsv6\tools\compiler\c5500_4.4.1\lib\</path>
         <kind>archive</kind>
         <file>rts55x.lib</file>
         <name>fflush.obj</name>
      </input_file>
      <input_file id="fl-6b">
         <path>C:\ti\ccsv6\tools\compiler\c5500_4.4.1\lib\</path>
         <kind>archive</kind>
         <file>rts55x.lib</file>
         <name>fseek.obj</name>
      </input_file>
      <input_file id="fl-6c">
         <path>C:\ti\ccsv6\tools\compiler\c5500_4.4.1\lib\</path>
         <kind>archive</kind>
         <file>rts55x.lib</file>
         <name>setvbuf.obj</name>
      </input_file>
      <input_file id="fl-6d">
         <path>C:\ti\ccsv6\tools\compiler\c5500_4.4.1\lib\</path>
         <kind>archive</kind>
         <file>rts55x.lib</file>
         <name>fopen.obj</name>
      </input_file>
      <input_file id="fl-6e">
         <path>C:\ti\ccsv6\tools\compiler\c5500_4.4.1\lib\</path>
         <kind>archive</kind>
         <file>rts55x.lib</file>
         <name>memory.obj</name>
      </input_file>
      <input_file id="fl-6f">
         <path>C:\ti\ccsv6\tools\compiler\c5500_4.4.1\lib\</path>
         <kind>archive</kind>
         <file>rts55x.lib</file>
         <name>fclose.obj</name>
      </input_file>
      <input_file id="fl-70">
         <path>C:\ti\ccsv6\tools\compiler\c5500_4.4.1\lib\</path>
         <kind>archive</kind>
         <file>rts55x.lib</file>
         <name>remove.obj</name>
      </input_file>
   </input_file_list>
   <object_component_list>
      <object_component id="oc-152">
         <name>vectors</name>
         <load_address>0x100</load_address>
         <run_address>0x100</run_address>
         <size>0x100</size>
         <input_file_ref idref="fl-55"/>
      </object_component>
      <object_component id="oc-df">
         <name>vectors</name>
         <load_address>0x200</load_address>
         <run_address>0x200</run_address>
         <size>0x100</size>
         <input_file_ref idref="fl-25"/>
      </object_component>
      <object_component id="oc-9d">
         <name>.text</name>
         <load_address>0x400</load_address>
         <run_address>0x400</run_address>
         <size>0x1623</size>
         <input_file_ref idref="fl-19"/>
      </object_component>
      <object_component id="oc-15c">
         <name>.text</name>
         <load_address>0x1a23</load_address>
         <run_address>0x1a23</run_address>
         <size>0x15a4</size>
         <input_file_ref idref="fl-57"/>
      </object_component>
      <object_component id="oc-41">
         <name>.text</name>
         <load_address>0x2fc7</load_address>
         <run_address>0x2fc7</run_address>
         <size>0xfe7</size>
         <input_file_ref idref="fl-a"/>
      </object_component>
      <object_component id="oc-34">
         <name>.text</name>
         <load_address>0x3fae</load_address>
         <run_address>0x3fae</run_address>
         <size>0xe76</size>
         <input_file_ref idref="fl-8"/>
      </object_component>
      <object_component id="oc-8b">
         <name>.text</name>
         <load_address>0x4e24</load_address>
         <run_address>0x4e24</run_address>
         <size>0xe51</size>
         <input_file_ref idref="fl-16"/>
      </object_component>
      <object_component id="oc-75">
         <name>.text</name>
         <load_address>0x5c75</load_address>
         <run_address>0x5c75</run_address>
         <size>0x8e6</size>
         <input_file_ref idref="fl-12"/>
      </object_component>
      <object_component id="oc-ac">
         <name>.text</name>
         <load_address>0x655b</load_address>
         <run_address>0x655b</run_address>
         <size>0x8d8</size>
         <input_file_ref idref="fl-1c"/>
      </object_component>
      <object_component id="oc-b4">
         <name>.text</name>
         <load_address>0x6e33</load_address>
         <run_address>0x6e33</run_address>
         <size>0x7ae</size>
         <input_file_ref idref="fl-1d"/>
      </object_component>
      <object_component id="oc-bf">
         <name>.text</name>
         <load_address>0x75e1</load_address>
         <run_address>0x75e1</run_address>
         <size>0x6b6</size>
         <input_file_ref idref="fl-1f"/>
      </object_component>
      <object_component id="oc-97">
         <name>.text</name>
         <load_address>0x7c97</load_address>
         <run_address>0x7c97</run_address>
         <size>0x680</size>
         <input_file_ref idref="fl-18"/>
      </object_component>
      <object_component id="oc-ba">
         <name>.text</name>
         <load_address>0x8317</load_address>
         <run_address>0x8317</run_address>
         <size>0x61a</size>
         <input_file_ref idref="fl-1e"/>
      </object_component>
      <object_component id="oc-26">
         <name>.text</name>
         <load_address>0x8931</load_address>
         <run_address>0x8931</run_address>
         <size>0x5b9</size>
         <input_file_ref idref="fl-6"/>
      </object_component>
      <object_component id="oc-185">
         <name>.text</name>
         <load_address>0x8eea</load_address>
         <run_address>0x8eea</run_address>
         <size>0x543</size>
         <input_file_ref idref="fl-61"/>
      </object_component>
      <object_component id="oc-6e">
         <name>.text</name>
         <load_address>0x942d</load_address>
         <run_address>0x942d</run_address>
         <size>0x541</size>
         <input_file_ref idref="fl-11"/>
      </object_component>
      <object_component id="oc-62">
         <name>.text:retain</name>
         <load_address>0x996e</load_address>
         <run_address>0x996e</run_address>
         <size>0x537</size>
         <input_file_ref idref="fl-f"/>
      </object_component>
      <object_component id="oc-19f">
         <name>.text</name>
         <load_address>0x9ea5</load_address>
         <run_address>0x9ea5</run_address>
         <size>0x528</size>
         <input_file_ref idref="fl-67"/>
      </object_component>
      <object_component id="oc-1c0">
         <name>.text</name>
         <load_address>0xa3cd</load_address>
         <run_address>0xa3cd</run_address>
         <size>0x4b5</size>
         <input_file_ref idref="fl-6e"/>
      </object_component>
      <object_component id="oc-1c">
         <name>.text</name>
         <load_address>0xa882</load_address>
         <run_address>0xa882</run_address>
         <size>0x3ec</size>
         <input_file_ref idref="fl-4"/>
      </object_component>
      <object_component id="oc-85">
         <name>.text</name>
         <load_address>0xac6e</load_address>
         <run_address>0xac6e</run_address>
         <size>0x3db</size>
         <input_file_ref idref="fl-15"/>
      </object_component>
      <object_component id="oc-f0">
         <name>.text</name>
         <load_address>0xb049</load_address>
         <run_address>0xb049</run_address>
         <size>0x3cc</size>
         <input_file_ref idref="fl-3e"/>
      </object_component>
      <object_component id="oc-58">
         <name>.text</name>
         <load_address>0xb415</load_address>
         <run_address>0xb415</run_address>
         <size>0x2e5</size>
         <input_file_ref idref="fl-e"/>
      </object_component>
      <object_component id="oc-3c">
         <name>.text</name>
         <load_address>0xb6fa</load_address>
         <run_address>0xb6fa</run_address>
         <size>0x2d4</size>
         <input_file_ref idref="fl-9"/>
      </object_component>
      <object_component id="oc-67">
         <name>.text</name>
         <load_address>0xb9ce</load_address>
         <run_address>0xb9ce</run_address>
         <size>0x287</size>
         <input_file_ref idref="fl-10"/>
      </object_component>
      <object_component id="oc-1ba">
         <name>.text</name>
         <load_address>0xbc55</load_address>
         <run_address>0xbc55</run_address>
         <size>0x27f</size>
         <input_file_ref idref="fl-6d"/>
      </object_component>
      <object_component id="oc-129">
         <name>.text</name>
         <load_address>0xbed4</load_address>
         <run_address>0xbed4</run_address>
         <size>0x25e</size>
         <input_file_ref idref="fl-4b"/>
      </object_component>
      <object_component id="oc-e3">
         <name>.text</name>
         <load_address>0xc132</load_address>
         <run_address>0xc132</run_address>
         <size>0x25a</size>
         <input_file_ref idref="fl-3b"/>
      </object_component>
      <object_component id="oc-51">
         <name>.text</name>
         <load_address>0xc38c</load_address>
         <run_address>0xc38c</run_address>
         <size>0x225</size>
         <input_file_ref idref="fl-d"/>
      </object_component>
      <object_component id="oc-ec">
         <name>.text</name>
         <load_address>0xc5b1</load_address>
         <run_address>0xc5b1</run_address>
         <size>0x1ea</size>
         <input_file_ref idref="fl-3d"/>
      </object_component>
      <object_component id="oc-d8">
         <name>.text</name>
         <load_address>0xc79b</load_address>
         <run_address>0xc79b</run_address>
         <size>0x1ab</size>
         <input_file_ref idref="fl-24"/>
      </object_component>
      <object_component id="oc-7e">
         <name>.text</name>
         <load_address>0xc946</load_address>
         <run_address>0xc946</run_address>
         <size>0x19e</size>
         <input_file_ref idref="fl-14"/>
      </object_component>
      <object_component id="oc-178">
         <name>.text</name>
         <load_address>0xcae4</load_address>
         <run_address>0xcae4</run_address>
         <size>0x163</size>
         <input_file_ref idref="fl-5e"/>
      </object_component>
      <object_component id="oc-135">
         <name>.text</name>
         <load_address>0xcc47</load_address>
         <run_address>0xcc47</run_address>
         <size>0x14c</size>
         <input_file_ref idref="fl-4e"/>
      </object_component>
      <object_component id="oc-15">
         <name>.text</name>
         <load_address>0xcd93</load_address>
         <run_address>0xcd93</run_address>
         <size>0x14a</size>
         <input_file_ref idref="fl-3"/>
      </object_component>
      <object_component id="oc-2d">
         <name>.text</name>
         <load_address>0xcedd</load_address>
         <run_address>0xcedd</run_address>
         <size>0x10f</size>
         <input_file_ref idref="fl-7"/>
      </object_component>
      <object_component id="oc-1b6">
         <name>.text</name>
         <load_address>0xcfec</load_address>
         <run_address>0xcfec</run_address>
         <size>0xe6</size>
         <input_file_ref idref="fl-6c"/>
      </object_component>
      <object_component id="oc-1aa">
         <name>.text</name>
         <load_address>0xd0d2</load_address>
         <run_address>0xd0d2</run_address>
         <size>0xdd</size>
         <input_file_ref idref="fl-69"/>
      </object_component>
      <object_component id="oc-1ae">
         <name>.text</name>
         <load_address>0xd1af</load_address>
         <run_address>0xd1af</run_address>
         <size>0xc2</size>
         <input_file_ref idref="fl-6a"/>
      </object_component>
      <object_component id="oc-1a7">
         <name>.text:CIO_breakpoint</name>
         <load_address>0xd271</load_address>
         <run_address>0xd271</run_address>
         <size>0xba</size>
         <input_file_ref idref="fl-68"/>
      </object_component>
      <object_component id="oc-14">
         <name>.text</name>
         <load_address>0xd32b</load_address>
         <run_address>0xd32b</run_address>
         <size>0xb2</size>
         <input_file_ref idref="fl-25"/>
      </object_component>
      <object_component id="oc-174">
         <name>.text</name>
         <load_address>0xd3dd</load_address>
         <run_address>0xd3dd</run_address>
         <size>0xa6</size>
         <input_file_ref idref="fl-5d"/>
      </object_component>
      <object_component id="oc-f8">
         <name>.text</name>
         <load_address>0xd483</load_address>
         <run_address>0xd483</run_address>
         <size>0xa1</size>
         <input_file_ref idref="fl-40"/>
      </object_component>
      <object_component id="oc-18b">
         <name>.text</name>
         <load_address>0xd524</load_address>
         <run_address>0xd524</run_address>
         <size>0x7d</size>
         <input_file_ref idref="fl-62"/>
      </object_component>
      <object_component id="oc-1c7">
         <name>.text</name>
         <load_address>0xd5a1</load_address>
         <run_address>0xd5a1</run_address>
         <size>0x7b</size>
         <input_file_ref idref="fl-6f"/>
      </object_component>
      <object_component id="oc-a7">
         <name>.text</name>
         <load_address>0xd61c</load_address>
         <run_address>0xd61c</run_address>
         <size>0x79</size>
         <input_file_ref idref="fl-1b"/>
      </object_component>
      <object_component id="oc-10f">
         <name>.text</name>
         <load_address>0xd695</load_address>
         <run_address>0xd695</run_address>
         <size>0x77</size>
         <input_file_ref idref="fl-45"/>
      </object_component>
      <object_component id="oc-17d">
         <name>.text</name>
         <load_address>0xd70c</load_address>
         <run_address>0xd70c</run_address>
         <size>0x76</size>
         <input_file_ref idref="fl-5f"/>
      </object_component>
      <object_component id="oc-125">
         <name>.text</name>
         <load_address>0xd782</load_address>
         <run_address>0xd782</run_address>
         <size>0x73</size>
         <input_file_ref idref="fl-4a"/>
      </object_component>
      <object_component id="oc-13d">
         <name>.text</name>
         <load_address>0xd7f5</load_address>
         <run_address>0xd7f5</run_address>
         <size>0x72</size>
         <input_file_ref idref="fl-50"/>
      </object_component>
      <object_component id="oc-107">
         <name>.text</name>
         <load_address>0xd867</load_address>
         <run_address>0xd867</run_address>
         <size>0x6f</size>
         <input_file_ref idref="fl-43"/>
      </object_component>
      <object_component id="oc-1a4">
         <name>.text</name>
         <load_address>0xd8d6</load_address>
         <run_address>0xd8d6</run_address>
         <size>0x6d</size>
         <input_file_ref idref="fl-68"/>
      </object_component>
      <object_component id="oc-1b2">
         <name>.text</name>
         <load_address>0xd943</load_address>
         <run_address>0xd943</run_address>
         <size>0x6b</size>
         <input_file_ref idref="fl-6b"/>
      </object_component>
      <object_component id="oc-117">
         <name>.text</name>
         <load_address>0xd9ae</load_address>
         <run_address>0xd9ae</run_address>
         <size>0x67</size>
         <input_file_ref idref="fl-47"/>
      </object_component>
      <object_component id="oc-c4">
         <name>.text</name>
         <load_address>0xda15</load_address>
         <run_address>0xda15</run_address>
         <size>0x5e</size>
         <input_file_ref idref="fl-20"/>
      </object_component>
      <object_component id="oc-166">
         <name>.text</name>
         <load_address>0xda73</load_address>
         <run_address>0xda73</run_address>
         <size>0x5c</size>
         <input_file_ref idref="fl-59"/>
      </object_component>
      <object_component id="oc-120">
         <name>.text</name>
         <load_address>0xdacf</load_address>
         <run_address>0xdacf</run_address>
         <size>0x5b</size>
         <input_file_ref idref="fl-49"/>
      </object_component>
      <object_component id="oc-a2">
         <name>.text</name>
         <load_address>0xdb2a</load_address>
         <run_address>0xdb2a</run_address>
         <size>0x54</size>
         <input_file_ref idref="fl-1a"/>
      </object_component>
      <object_component id="oc-139">
         <name>.text</name>
         <load_address>0xdb7e</load_address>
         <run_address>0xdb7e</run_address>
         <size>0x50</size>
         <input_file_ref idref="fl-4f"/>
      </object_component>
      <object_component id="oc-16a">
         <name>.text</name>
         <load_address>0xdbce</load_address>
         <run_address>0xdbce</run_address>
         <size>0x4d</size>
         <input_file_ref idref="fl-5a"/>
      </object_component>
      <object_component id="oc-162">
         <name>.text</name>
         <load_address>0xdc1b</load_address>
         <run_address>0xdc1b</run_address>
         <size>0x4b</size>
         <input_file_ref idref="fl-58"/>
      </object_component>
      <object_component id="oc-19b">
         <name>.text</name>
         <load_address>0xdc66</load_address>
         <run_address>0xdc66</run_address>
         <size>0x4b</size>
         <input_file_ref idref="fl-66"/>
      </object_component>
      <object_component id="oc-c9">
         <name>.text</name>
         <load_address>0xdcb1</load_address>
         <run_address>0xdcb1</run_address>
         <size>0x48</size>
         <input_file_ref idref="fl-21"/>
      </object_component>
      <object_component id="oc-f4">
         <name>.text</name>
         <load_address>0xdcf9</load_address>
         <run_address>0xdcf9</run_address>
         <size>0x48</size>
         <input_file_ref idref="fl-3f"/>
      </object_component>
      <object_component id="oc-193">
         <name>.text</name>
         <load_address>0xdd41</load_address>
         <run_address>0xdd41</run_address>
         <size>0x3f</size>
         <input_file_ref idref="fl-64"/>
      </object_component>
      <object_component id="oc-fc">
         <name>.text</name>
         <load_address>0xdd80</load_address>
         <run_address>0xdd80</run_address>
         <size>0x3e</size>
         <input_file_ref idref="fl-41"/>
      </object_component>
      <object_component id="oc-4d">
         <name>.text</name>
         <load_address>0xddbe</load_address>
         <run_address>0xddbe</run_address>
         <size>0x3a</size>
         <input_file_ref idref="fl-c"/>
      </object_component>
      <object_component id="oc-ce">
         <name>.text</name>
         <load_address>0xddf8</load_address>
         <run_address>0xddf8</run_address>
         <size>0x3a</size>
         <input_file_ref idref="fl-22"/>
      </object_component>
      <object_component id="oc-e7">
         <name>.text</name>
         <load_address>0xde32</load_address>
         <run_address>0xde32</run_address>
         <size>0x34</size>
         <input_file_ref idref="fl-3c"/>
      </object_component>
      <object_component id="oc-d3">
         <name>.text</name>
         <load_address>0xde66</load_address>
         <run_address>0xde66</run_address>
         <size>0x33</size>
         <input_file_ref idref="fl-23"/>
      </object_component>
      <object_component id="oc-103">
         <name>.text</name>
         <load_address>0xde99</load_address>
         <run_address>0xde99</run_address>
         <size>0x2a</size>
         <input_file_ref idref="fl-42"/>
      </object_component>
      <object_component id="oc-14d">
         <name>.text</name>
         <load_address>0xdec3</load_address>
         <run_address>0xdec3</run_address>
         <size>0x2a</size>
         <input_file_ref idref="fl-54"/>
      </object_component>
      <object_component id="oc-18f">
         <name>.text</name>
         <load_address>0xdeed</load_address>
         <run_address>0xdeed</run_address>
         <size>0x23</size>
         <input_file_ref idref="fl-63"/>
      </object_component>
      <object_component id="oc-10b">
         <name>.text</name>
         <load_address>0xdf10</load_address>
         <run_address>0xdf10</run_address>
         <size>0x1b</size>
         <input_file_ref idref="fl-44"/>
      </object_component>
      <object_component id="oc-181">
         <name>.text</name>
         <load_address>0xdf2b</load_address>
         <run_address>0xdf2b</run_address>
         <size>0x1a</size>
         <input_file_ref idref="fl-60"/>
      </object_component>
      <object_component id="oc-21">
         <name>.text</name>
         <load_address>0xdf45</load_address>
         <run_address>0xdf45</run_address>
         <size>0x18</size>
         <input_file_ref idref="fl-5"/>
      </object_component>
      <object_component id="oc-141">
         <name>.text</name>
         <load_address>0xdf5d</load_address>
         <run_address>0xdf5d</run_address>
         <size>0x14</size>
         <input_file_ref idref="fl-51"/>
      </object_component>
      <object_component id="oc-149">
         <name>.text</name>
         <load_address>0xdf71</load_address>
         <run_address>0xdf71</run_address>
         <size>0x14</size>
         <input_file_ref idref="fl-53"/>
      </object_component>
      <object_component id="oc-12d">
         <name>.text</name>
         <load_address>0xdf85</load_address>
         <run_address>0xdf85</run_address>
         <size>0x13</size>
         <input_file_ref idref="fl-4c"/>
      </object_component>
      <object_component id="oc-156">
         <name>.text</name>
         <load_address>0xdf98</load_address>
         <run_address>0xdf98</run_address>
         <size>0x12</size>
         <input_file_ref idref="fl-56"/>
      </object_component>
      <object_component id="oc-131">
         <name>.text</name>
         <load_address>0xdfaa</load_address>
         <run_address>0xdfaa</run_address>
         <size>0x11</size>
         <input_file_ref idref="fl-4d"/>
      </object_component>
      <object_component id="oc-145">
         <name>.text</name>
         <load_address>0xdfbb</load_address>
         <run_address>0xdfbb</run_address>
         <size>0x11</size>
         <input_file_ref idref="fl-52"/>
      </object_component>
      <object_component id="oc-197">
         <name>.text</name>
         <load_address>0xdfcc</load_address>
         <run_address>0xdfcc</run_address>
         <size>0x10</size>
         <input_file_ref idref="fl-65"/>
      </object_component>
      <object_component id="oc-11c">
         <name>.text</name>
         <load_address>0xdfdc</load_address>
         <run_address>0xdfdc</run_address>
         <size>0xe</size>
         <input_file_ref idref="fl-48"/>
      </object_component>
      <object_component id="oc-113">
         <name>.text</name>
         <load_address>0xdfea</load_address>
         <run_address>0xdfea</run_address>
         <size>0xc</size>
         <input_file_ref idref="fl-46"/>
      </object_component>
      <object_component id="oc-1cb">
         <name>.text</name>
         <load_address>0xdff6</load_address>
         <run_address>0xdff6</run_address>
         <size>0xa</size>
         <input_file_ref idref="fl-70"/>
      </object_component>
      <object_component id="oc-100">
         <name>.text:CIO_breakpoint</name>
         <load_address>0xe000</load_address>
         <run_address>0xe000</run_address>
         <size>0x7</size>
         <input_file_ref idref="fl-41"/>
      </object_component>
      <object_component id="oc-151">
         <name>.text</name>
         <load_address>0xe007</load_address>
         <run_address>0xe007</run_address>
         <size>0x2</size>
         <input_file_ref idref="fl-55"/>
      </object_component>
      <object_component id="oc-1da">
         <name>.switch:_PSP_uartIoctl</name>
         <load_address>0x18af0</load_address>
         <run_address>0x18af0</run_address>
         <size>0x3c</size>
         <input_file_ref idref="fl-16"/>
      </object_component>
      <object_component id="oc-1cf">
         <name>.switch:_ECG_LCDPlotCurrSample</name>
         <load_address>0x18b2c</load_address>
         <run_address>0x18b2c</run_address>
         <size>0x30</size>
         <input_file_ref idref="fl-8"/>
      </object_component>
      <object_component id="oc-1d1">
         <name>.switch:_ECG_LCD_LeadDisplay</name>
         <load_address>0x18b5c</load_address>
         <run_address>0x18b5c</run_address>
         <size>0x30</size>
         <input_file_ref idref="fl-a"/>
      </object_component>
      <object_component id="oc-1db">
         <name>.switch:__DDC_uartControl</name>
         <load_address>0x18b8c</load_address>
         <run_address>0x18b8c</run_address>
         <size>0x28</size>
         <input_file_ref idref="fl-19"/>
      </object_component>
      <object_component id="oc-35">
         <name>.bss</name>
         <load_address>0x10000</load_address>
         <run_address>0x10000</run_address>
         <size>0x2f76</size>
         <input_file_ref idref="fl-8"/>
      </object_component>
      <object_component id="oc-59">
         <name>.bss</name>
         <load_address>0x12f76</load_address>
         <run_address>0x12f76</run_address>
         <size>0x2</size>
         <input_file_ref idref="fl-e"/>
      </object_component>
      <object_component id="oc-42">
         <name>.bss</name>
         <load_address>0x12f78</load_address>
         <run_address>0x12f78</run_address>
         <size>0x27ec</size>
         <input_file_ref idref="fl-a"/>
      </object_component>
      <object_component id="oc-8c">
         <name>.bss</name>
         <load_address>0x15764</load_address>
         <run_address>0x15764</run_address>
         <size>0x90c</size>
         <input_file_ref idref="fl-16"/>
      </object_component>
      <object_component id="oc-5f">
         <name>.bss</name>
         <load_address>0x16070</load_address>
         <run_address>0x16070</run_address>
         <size>0x6d0</size>
         <input_file_ref idref="fl-f"/>
      </object_component>
      <object_component id="oc-ad">
         <name>.bss</name>
         <load_address>0x16740</load_address>
         <run_address>0x16740</run_address>
         <size>0x5b4</size>
         <input_file_ref idref="fl-1c"/>
      </object_component>
      <object_component id="oc-49">
         <name>.bss</name>
         <load_address>0x16cf4</load_address>
         <run_address>0x16cf4</run_address>
         <size>0x2be</size>
         <input_file_ref idref="fl-b"/>
      </object_component>
      <object_component id="oc-b5">
         <name>.bss</name>
         <load_address>0x16fb2</load_address>
         <run_address>0x16fb2</run_address>
         <size>0x2</size>
         <input_file_ref idref="fl-1d"/>
      </object_component>
      <object_component id="oc-170">
         <name>.bss</name>
         <load_address>0x16fb4</load_address>
         <run_address>0x16fb4</run_address>
         <size>0x232</size>
         <input_file_ref idref="fl-5c"/>
      </object_component>
      <object_component id="oc-1bb">
         <name>.bss</name>
         <load_address>0x171e6</load_address>
         <run_address>0x171e6</run_address>
         <size>0x2</size>
         <input_file_ref idref="fl-6d"/>
      </object_component>
      <object_component id="oc-52">
         <name>.bss</name>
         <load_address>0x171e8</load_address>
         <run_address>0x171e8</run_address>
         <size>0x1b6</size>
         <input_file_ref idref="fl-d"/>
      </object_component>
      <object_component id="oc-1a0">
         <name>.bss</name>
         <load_address>0x1739e</load_address>
         <run_address>0x1739e</run_address>
         <size>0x1a0</size>
         <input_file_ref idref="fl-67"/>
      </object_component>
      <object_component id="oc-d9">
         <name>.bss</name>
         <load_address>0x1753e</load_address>
         <run_address>0x1753e</run_address>
         <size>0x2</size>
         <input_file_ref idref="fl-24"/>
      </object_component>
      <object_component id="oc-76">
         <name>.bss</name>
         <load_address>0x17540</load_address>
         <run_address>0x17540</run_address>
         <size>0x164</size>
         <input_file_ref idref="fl-12"/>
      </object_component>
      <object_component id="oc-186">
         <name>.bss</name>
         <load_address>0x176a4</load_address>
         <run_address>0x176a4</run_address>
         <size>0xe2</size>
         <input_file_ref idref="fl-61"/>
      </object_component>
      <object_component id="oc-6f">
         <name>.bss</name>
         <load_address>0x17788</load_address>
         <run_address>0x17788</run_address>
         <size>0xc4</size>
         <input_file_ref idref="fl-11"/>
      </object_component>
      <object_component id="oc-16">
         <name>.bss</name>
         <load_address>0x1784c</load_address>
         <run_address>0x1784c</run_address>
         <size>0x70</size>
         <input_file_ref idref="fl-3"/>
      </object_component>
      <object_component id="oc-2e">
         <name>.bss</name>
         <load_address>0x178bc</load_address>
         <run_address>0x178bc</run_address>
         <size>0x70</size>
         <input_file_ref idref="fl-7"/>
      </object_component>
      <object_component id="oc-68">
         <name>.bss</name>
         <load_address>0x1792c</load_address>
         <run_address>0x1792c</run_address>
         <size>0x5e</size>
         <input_file_ref idref="fl-10"/>
      </object_component>
      <object_component id="oc-27">
         <name>.bss</name>
         <load_address>0x1798a</load_address>
         <run_address>0x1798a</run_address>
         <size>0x56</size>
         <input_file_ref idref="fl-6"/>
      </object_component>
      <object_component id="oc-98">
         <name>.bss</name>
         <load_address>0x179e0</load_address>
         <run_address>0x179e0</run_address>
         <size>0x24</size>
         <input_file_ref idref="fl-18"/>
      </object_component>
      <object_component id="oc-93">
         <name>.bss</name>
         <load_address>0x17a04</load_address>
         <run_address>0x17a04</run_address>
         <size>0x20</size>
         <input_file_ref idref="fl-17"/>
      </object_component>
      <object_component id="oc-86">
         <name>.bss</name>
         <load_address>0x17a24</load_address>
         <run_address>0x17a24</run_address>
         <size>0xc</size>
         <input_file_ref idref="fl-15"/>
      </object_component>
      <object_component id="oc-1c1">
         <name>.bss</name>
         <load_address>0x17a30</load_address>
         <run_address>0x17a30</run_address>
         <size>0xc</size>
         <input_file_ref idref="fl-6e"/>
      </object_component>
      <object_component id="oc-157">
         <name>.bss</name>
         <load_address>0x17a3c</load_address>
         <run_address>0x17a3c</run_address>
         <size>0x8</size>
         <input_file_ref idref="fl-56"/>
      </object_component>
      <object_component id="oc-fd">
         <name>.bss</name>
         <load_address>0x17a44</load_address>
         <run_address>0x17a44</run_address>
         <size>0x8</size>
         <input_file_ref idref="fl-41"/>
      </object_component>
      <object_component id="oc-7f">
         <name>.bss</name>
         <load_address>0x17a4c</load_address>
         <run_address>0x17a4c</run_address>
         <size>0x4</size>
         <input_file_ref idref="fl-14"/>
      </object_component>
      <object_component id="oc-af">
         <name>.cinit</name>
         <load_address>0x17a50</load_address>
         <run_address>0x17a50</run_address>
         <size>0x5b6</size>
         <input_file_ref idref="fl-1c"/>
      </object_component>
      <object_component id="oc-4b">
         <name>.cinit</name>
         <load_address>0x18006</load_address>
         <run_address>0x18006</run_address>
         <size>0x2c4</size>
         <input_file_ref idref="fl-b"/>
      </object_component>
      <object_component id="oc-54">
         <name>.cinit</name>
         <load_address>0x182ca</load_address>
         <run_address>0x182ca</run_address>
         <size>0x1b2</size>
         <input_file_ref idref="fl-d"/>
      </object_component>
      <object_component id="oc-37">
         <name>.cinit</name>
         <load_address>0x1847c</load_address>
         <run_address>0x1847c</run_address>
         <size>0x124</size>
         <input_file_ref idref="fl-8"/>
      </object_component>
      <object_component id="oc-44">
         <name>.cinit</name>
         <load_address>0x185a0</load_address>
         <run_address>0x185a0</run_address>
         <size>0x122</size>
         <input_file_ref idref="fl-a"/>
      </object_component>
      <object_component id="oc-71">
         <name>.cinit</name>
         <load_address>0x186c2</load_address>
         <run_address>0x186c2</run_address>
         <size>0xca</size>
         <input_file_ref idref="fl-11"/>
      </object_component>
      <object_component id="oc-61">
         <name>.cinit</name>
         <load_address>0x1878c</load_address>
         <run_address>0x1878c</run_address>
         <size>0xc8</size>
         <input_file_ref idref="fl-f"/>
      </object_component>
      <object_component id="oc-18">
         <name>.cinit</name>
         <load_address>0x18854</load_address>
         <run_address>0x18854</run_address>
         <size>0x72</size>
         <input_file_ref idref="fl-3"/>
      </object_component>
      <object_component id="oc-30">
         <name>.cinit</name>
         <load_address>0x188c6</load_address>
         <run_address>0x188c6</run_address>
         <size>0x72</size>
         <input_file_ref idref="fl-7"/>
      </object_component>
      <object_component id="oc-6a">
         <name>.cinit</name>
         <load_address>0x18938</load_address>
         <run_address>0x18938</run_address>
         <size>0x62</size>
         <input_file_ref idref="fl-10"/>
      </object_component>
      <object_component id="oc-188">
         <name>.cinit</name>
         <load_address>0x1899a</load_address>
         <run_address>0x1899a</run_address>
         <size>0x5a</size>
         <input_file_ref idref="fl-61"/>
      </object_component>
      <object_component id="oc-172">
         <name>.cinit</name>
         <load_address>0x189f4</load_address>
         <run_address>0x189f4</run_address>
         <size>0x54</size>
         <input_file_ref idref="fl-5c"/>
      </object_component>
      <object_component id="oc-95">
         <name>.cinit</name>
         <load_address>0x18a48</load_address>
         <run_address>0x18a48</run_address>
         <size>0x2c</size>
         <input_file_ref idref="fl-17"/>
      </object_component>
      <object_component id="oc-29">
         <name>.cinit</name>
         <load_address>0x18a74</load_address>
         <run_address>0x18a74</run_address>
         <size>0x20</size>
         <input_file_ref idref="fl-6"/>
      </object_component>
      <object_component id="oc-159">
         <name>.cinit</name>
         <load_address>0x18a94</load_address>
         <run_address>0x18a94</run_address>
         <size>0x14</size>
         <input_file_ref idref="fl-56"/>
      </object_component>
      <object_component id="oc-ff">
         <name>.cinit</name>
         <load_address>0x18aa8</load_address>
         <run_address>0x18aa8</run_address>
         <size>0x14</size>
         <input_file_ref idref="fl-41"/>
      </object_component>
      <object_component id="oc-81">
         <name>.cinit</name>
         <load_address>0x18abc</load_address>
         <run_address>0x18abc</run_address>
         <size>0xa</size>
         <input_file_ref idref="fl-14"/>
      </object_component>
      <object_component id="oc-5b">
         <name>.cinit</name>
         <load_address>0x18ac6</load_address>
         <run_address>0x18ac6</run_address>
         <size>0x8</size>
         <input_file_ref idref="fl-e"/>
      </object_component>
      <object_component id="oc-8e">
         <name>.cinit</name>
         <load_address>0x18ace</load_address>
         <run_address>0x18ace</run_address>
         <size>0x8</size>
         <input_file_ref idref="fl-16"/>
      </object_component>
      <object_component id="oc-1bd">
         <name>.cinit</name>
         <load_address>0x18ad6</load_address>
         <run_address>0x18ad6</run_address>
         <size>0x8</size>
         <input_file_ref idref="fl-6d"/>
      </object_component>
      <object_component id="oc-1c3">
         <name>.cinit</name>
         <load_address>0x18ade</load_address>
         <run_address>0x18ade</run_address>
         <size>0x8</size>
         <input_file_ref idref="fl-6e"/>
      </object_component>
      <object_component id="oc-db">
         <name>.cinit</name>
         <load_address>0x18ae6</load_address>
         <run_address>0x18ae6</run_address>
         <size>0x8</size>
         <input_file_ref idref="fl-24"/>
      </object_component>
      <object_component id="oc-1de">
         <name>.const:__ctypes_</name>
         <load_address>0xe00c</load_address>
         <run_address>0xe00c</run_address>
         <size>0x202</size>
         <input_file_ref idref="fl-5b"/>
      </object_component>
      <object_component id="oc-1d6">
         <name>.const:_$P$T1$6</name>
         <load_address>0xe20e</load_address>
         <run_address>0xe20e</run_address>
         <size>0x192</size>
         <input_file_ref idref="fl-d"/>
      </object_component>
      <object_component id="oc-45">
         <name>.const:.string</name>
         <load_address>0xe3a0</load_address>
         <run_address>0xe3a0</run_address>
         <size>0xc4</size>
         <input_file_ref idref="fl-a"/>
      </object_component>
      <object_component id="oc-15f">
         <name>.const:.string</name>
         <load_address>0xe464</load_address>
         <run_address>0xe464</run_address>
         <size>0x48</size>
         <input_file_ref idref="fl-57"/>
      </object_component>
      <object_component id="oc-8f">
         <name>.const:.string</name>
         <load_address>0xe4ac</load_address>
         <run_address>0xe4ac</run_address>
         <size>0x46</size>
         <input_file_ref idref="fl-16"/>
      </object_component>
      <object_component id="oc-b0">
         <name>.const:.string</name>
         <load_address>0xe4f4</load_address>
         <run_address>0xe4f4</run_address>
         <size>0x2c</size>
         <input_file_ref idref="fl-1c"/>
      </object_component>
      <object_component id="oc-1d7">
         <name>.const:_$P$T0$1</name>
         <load_address>0xe520</load_address>
         <run_address>0xe520</run_address>
         <size>0x28</size>
         <input_file_ref idref="fl-16"/>
      </object_component>
      <object_component id="oc-78">
         <name>.const</name>
         <load_address>0xe548</load_address>
         <run_address>0xe548</run_address>
         <size>0x1c</size>
         <input_file_ref idref="fl-12"/>
      </object_component>
      <object_component id="oc-15e">
         <name>.const</name>
         <load_address>0xe564</load_address>
         <run_address>0xe564</run_address>
         <size>0x18</size>
         <input_file_ref idref="fl-57"/>
      </object_component>
      <object_component id="oc-38">
         <name>.const</name>
         <load_address>0xe57c</load_address>
         <run_address>0xe57c</run_address>
         <size>0x14</size>
         <input_file_ref idref="fl-8"/>
      </object_component>
      <object_component id="oc-1d5">
         <name>.const:_$P$T0$4</name>
         <load_address>0xe590</load_address>
         <run_address>0xe590</run_address>
         <size>0x14</size>
         <input_file_ref idref="fl-d"/>
      </object_component>
      <object_component id="oc-1d2">
         <name>.const:_$P$T1$13</name>
         <load_address>0xe5a4</load_address>
         <run_address>0xe5a4</run_address>
         <size>0x10</size>
         <input_file_ref idref="fl-a"/>
      </object_component>
      <object_component id="oc-1dd">
         <name>.const:_initial_approx$1</name>
         <load_address>0xe5b4</load_address>
         <run_address>0xe5b4</run_address>
         <size>0x10</size>
         <input_file_ref idref="fl-3e"/>
      </object_component>
      <object_component id="oc-1d4">
         <name>.const:_$P$T3$15</name>
         <load_address>0xe5c4</load_address>
         <run_address>0xe5c4</run_address>
         <size>0xa</size>
         <input_file_ref idref="fl-a"/>
      </object_component>
      <object_component id="oc-1d0">
         <name>.const:_$P$T0$9</name>
         <load_address>0xe5ce</load_address>
         <run_address>0xe5ce</run_address>
         <size>0x8</size>
         <input_file_ref idref="fl-a"/>
      </object_component>
      <object_component id="oc-1d3">
         <name>.const:_$P$T2$14</name>
         <load_address>0xe5d6</load_address>
         <run_address>0xe5d6</run_address>
         <size>0x8</size>
         <input_file_ref idref="fl-a"/>
      </object_component>
      <object_component id="oc-1d9">
         <name>.const:_$P$T2$4</name>
         <load_address>0xe5e0</load_address>
         <run_address>0xe5e0</run_address>
         <size>0x8</size>
         <input_file_ref idref="fl-16"/>
      </object_component>
      <object_component id="oc-17a">
         <name>.const:.string</name>
         <load_address>0xe5e8</load_address>
         <run_address>0xe5e8</run_address>
         <size>0x4</size>
         <input_file_ref idref="fl-5e"/>
      </object_component>
      <object_component id="oc-63">
         <name>.const</name>
         <load_address>0xe5ec</load_address>
         <run_address>0xe5ec</run_address>
         <size>0x4</size>
         <input_file_ref idref="fl-f"/>
      </object_component>
      <object_component id="oc-1d8">
         <name>.const:_$P$T1$3</name>
         <load_address>0xe5f0</load_address>
         <run_address>0xe5f0</run_address>
         <size>0x4</size>
         <input_file_ref idref="fl-16"/>
      </object_component>
      <object_component id="oc-119">
         <name>.const</name>
         <load_address>0xe5f4</load_address>
         <run_address>0xe5f4</run_address>
         <size>0x4</size>
         <input_file_ref idref="fl-47"/>
      </object_component>
      <object_component id="oc-122">
         <name>.const</name>
         <load_address>0xe5f8</load_address>
         <run_address>0xe5f8</run_address>
         <size>0x4</size>
         <input_file_ref idref="fl-49"/>
      </object_component>
      <object_component id="oc-1a6">
         <name>.cio</name>
         <uninitialized>true</uninitialized>
         <run_address>0xe600</run_address>
         <size>0x240</size>
         <input_file_ref idref="fl-68"/>
      </object_component>
      <object_component id="oc-17">
         <name>.debug_info</name>
         <load_address>0x0</load_address>
         <run_address>0x0</run_address>
         <size>0x81c</size>
         <input_file_ref idref="fl-3"/>
      </object_component>
      <object_component id="oc-1d">
         <name>.debug_info</name>
         <load_address>0x81c</load_address>
         <run_address>0x81c</run_address>
         <size>0xafc</size>
         <input_file_ref idref="fl-4"/>
      </object_component>
      <object_component id="oc-22">
         <name>.debug_info</name>
         <load_address>0x1318</load_address>
         <run_address>0x1318</run_address>
         <size>0x585</size>
         <input_file_ref idref="fl-5"/>
      </object_component>
      <object_component id="oc-28">
         <name>.debug_info</name>
         <load_address>0x189d</load_address>
         <run_address>0x189d</run_address>
         <size>0x1b00</size>
         <input_file_ref idref="fl-6"/>
      </object_component>
      <object_component id="oc-2f">
         <name>.debug_info</name>
         <load_address>0x339d</load_address>
         <run_address>0x339d</run_address>
         <size>0x911</size>
         <input_file_ref idref="fl-7"/>
      </object_component>
      <object_component id="oc-36">
         <name>.debug_info</name>
         <load_address>0x3cae</load_address>
         <run_address>0x3cae</run_address>
         <size>0x230f</size>
         <input_file_ref idref="fl-8"/>
      </object_component>
      <object_component id="oc-3d">
         <name>.debug_info</name>
         <load_address>0x5fbd</load_address>
         <run_address>0x5fbd</run_address>
         <size>0x186d</size>
         <input_file_ref idref="fl-9"/>
      </object_component>
      <object_component id="oc-43">
         <name>.debug_info</name>
         <load_address>0x782a</load_address>
         <run_address>0x782a</run_address>
         <size>0x2b12</size>
         <input_file_ref idref="fl-a"/>
      </object_component>
      <object_component id="oc-4a">
         <name>.debug_info</name>
         <load_address>0xa33c</load_address>
         <run_address>0xa33c</run_address>
         <size>0x4cc</size>
         <input_file_ref idref="fl-b"/>
      </object_component>
      <object_component id="oc-4e">
         <name>.debug_info</name>
         <load_address>0xa808</load_address>
         <run_address>0xa808</run_address>
         <size>0xe1</size>
         <input_file_ref idref="fl-c"/>
      </object_component>
      <object_component id="oc-53">
         <name>.debug_info</name>
         <load_address>0xa8e9</load_address>
         <run_address>0xa8e9</run_address>
         <size>0xbe5</size>
         <input_file_ref idref="fl-d"/>
      </object_component>
      <object_component id="oc-5a">
         <name>.debug_info</name>
         <load_address>0xb4ce</load_address>
         <run_address>0xb4ce</run_address>
         <size>0x1600</size>
         <input_file_ref idref="fl-e"/>
      </object_component>
      <object_component id="oc-60">
         <name>.debug_info</name>
         <load_address>0xcace</load_address>
         <run_address>0xcace</run_address>
         <size>0x1066</size>
         <input_file_ref idref="fl-f"/>
      </object_component>
      <object_component id="oc-69">
         <name>.debug_info</name>
         <load_address>0xdb34</load_address>
         <run_address>0xdb34</run_address>
         <size>0xa84</size>
         <input_file_ref idref="fl-10"/>
      </object_component>
      <object_component id="oc-70">
         <name>.debug_info</name>
         <load_address>0xe5b8</load_address>
         <run_address>0xe5b8</run_address>
         <size>0x1cb8</size>
         <input_file_ref idref="fl-11"/>
      </object_component>
      <object_component id="oc-77">
         <name>.debug_info</name>
         <load_address>0x10270</load_address>
         <run_address>0x10270</run_address>
         <size>0x1466</size>
         <input_file_ref idref="fl-12"/>
      </object_component>
      <object_component id="oc-7c">
         <name>.debug_info</name>
         <load_address>0x116d6</load_address>
         <run_address>0x116d6</run_address>
         <size>0x47f</size>
         <input_file_ref idref="fl-13"/>
      </object_component>
      <object_component id="oc-80">
         <name>.debug_info</name>
         <load_address>0x11b55</load_address>
         <run_address>0x11b55</run_address>
         <size>0x931</size>
         <input_file_ref idref="fl-14"/>
      </object_component>
      <object_component id="oc-87">
         <name>.debug_info</name>
         <load_address>0x12486</load_address>
         <run_address>0x12486</run_address>
         <size>0x1e92</size>
         <input_file_ref idref="fl-15"/>
      </object_component>
      <object_component id="oc-8d">
         <name>.debug_info</name>
         <load_address>0x14318</load_address>
         <run_address>0x14318</run_address>
         <size>0x3ea9</size>
         <input_file_ref idref="fl-16"/>
      </object_component>
      <object_component id="oc-94">
         <name>.debug_info</name>
         <load_address>0x181c1</load_address>
         <run_address>0x181c1</run_address>
         <size>0x908</size>
         <input_file_ref idref="fl-17"/>
      </object_component>
      <object_component id="oc-99">
         <name>.debug_info</name>
         <load_address>0x18ac9</load_address>
         <run_address>0x18ac9</run_address>
         <size>0x21f1</size>
         <input_file_ref idref="fl-18"/>
      </object_component>
      <object_component id="oc-9e">
         <name>.debug_info</name>
         <load_address>0x1acba</load_address>
         <run_address>0x1acba</run_address>
         <size>0x4593</size>
         <input_file_ref idref="fl-19"/>
      </object_component>
      <object_component id="oc-a3">
         <name>.debug_info</name>
         <load_address>0x1f24d</load_address>
         <run_address>0x1f24d</run_address>
         <size>0x656</size>
         <input_file_ref idref="fl-1a"/>
      </object_component>
      <object_component id="oc-a8">
         <name>.debug_info</name>
         <load_address>0x1f8a3</load_address>
         <run_address>0x1f8a3</run_address>
         <size>0x62e</size>
         <input_file_ref idref="fl-1b"/>
      </object_component>
      <object_component id="oc-ae">
         <name>.debug_info</name>
         <load_address>0x1fed1</load_address>
         <run_address>0x1fed1</run_address>
         <size>0x206c</size>
         <input_file_ref idref="fl-1c"/>
      </object_component>
      <object_component id="oc-b6">
         <name>.debug_info</name>
         <load_address>0x21f3d</load_address>
         <run_address>0x21f3d</run_address>
         <size>0x2a0a</size>
         <input_file_ref idref="fl-1d"/>
      </object_component>
      <object_component id="oc-bb">
         <name>.debug_info</name>
         <load_address>0x24947</load_address>
         <run_address>0x24947</run_address>
         <size>0x21d7</size>
         <input_file_ref idref="fl-1e"/>
      </object_component>
      <object_component id="oc-c0">
         <name>.debug_info</name>
         <load_address>0x26b1e</load_address>
         <run_address>0x26b1e</run_address>
         <size>0x1ae2</size>
         <input_file_ref idref="fl-1f"/>
      </object_component>
      <object_component id="oc-c5">
         <name>.debug_info</name>
         <load_address>0x28600</load_address>
         <run_address>0x28600</run_address>
         <size>0x988</size>
         <input_file_ref idref="fl-20"/>
      </object_component>
      <object_component id="oc-ca">
         <name>.debug_info</name>
         <load_address>0x28f88</load_address>
         <run_address>0x28f88</run_address>
         <size>0x629</size>
         <input_file_ref idref="fl-21"/>
      </object_component>
      <object_component id="oc-cf">
         <name>.debug_info</name>
         <load_address>0x295b1</load_address>
         <run_address>0x295b1</run_address>
         <size>0x613</size>
         <input_file_ref idref="fl-22"/>
      </object_component>
      <object_component id="oc-d4">
         <name>.debug_info</name>
         <load_address>0x29bc4</load_address>
         <run_address>0x29bc4</run_address>
         <size>0x51f</size>
         <input_file_ref idref="fl-23"/>
      </object_component>
      <object_component id="oc-da">
         <name>.debug_info</name>
         <load_address>0x2a0e3</load_address>
         <run_address>0x2a0e3</run_address>
         <size>0xb19</size>
         <input_file_ref idref="fl-24"/>
      </object_component>
      <object_component id="oc-e0">
         <name>.debug_info</name>
         <load_address>0x2abfc</load_address>
         <run_address>0x2abfc</run_address>
         <size>0xf4</size>
         <input_file_ref idref="fl-25"/>
      </object_component>
      <object_component id="oc-e4">
         <name>.debug_info</name>
         <load_address>0x2acf0</load_address>
         <run_address>0x2acf0</run_address>
         <size>0x5ab</size>
         <input_file_ref idref="fl-3b"/>
      </object_component>
      <object_component id="oc-e9">
         <name>.debug_info</name>
         <load_address>0x2b29b</load_address>
         <run_address>0x2b29b</run_address>
         <size>0xe8</size>
         <input_file_ref idref="fl-3c"/>
      </object_component>
      <object_component id="oc-ed">
         <name>.debug_info</name>
         <load_address>0x2b383</load_address>
         <run_address>0x2b383</run_address>
         <size>0x81f</size>
         <input_file_ref idref="fl-3d"/>
      </object_component>
      <object_component id="oc-f1">
         <name>.debug_info</name>
         <load_address>0x2bba2</load_address>
         <run_address>0x2bba2</run_address>
         <size>0x7e8</size>
         <input_file_ref idref="fl-3e"/>
      </object_component>
      <object_component id="oc-f5">
         <name>.debug_info</name>
         <load_address>0x2c38a</load_address>
         <run_address>0x2c38a</run_address>
         <size>0x4f2</size>
         <input_file_ref idref="fl-3f"/>
      </object_component>
      <object_component id="oc-f9">
         <name>.debug_info</name>
         <load_address>0x2c87c</load_address>
         <run_address>0x2c87c</run_address>
         <size>0x534</size>
         <input_file_ref idref="fl-40"/>
      </object_component>
      <object_component id="oc-fe">
         <name>.debug_info</name>
         <load_address>0x2cdb0</load_address>
         <run_address>0x2cdb0</run_address>
         <size>0x5fb</size>
         <input_file_ref idref="fl-41"/>
      </object_component>
      <object_component id="oc-104">
         <name>.debug_info</name>
         <load_address>0x2d3ab</load_address>
         <run_address>0x2d3ab</run_address>
         <size>0x4cf</size>
         <input_file_ref idref="fl-42"/>
      </object_component>
      <object_component id="oc-108">
         <name>.debug_info</name>
         <load_address>0x2d87a</load_address>
         <run_address>0x2d87a</run_address>
         <size>0x534</size>
         <input_file_ref idref="fl-43"/>
      </object_component>
      <object_component id="oc-10c">
         <name>.debug_info</name>
         <load_address>0x2ddae</load_address>
         <run_address>0x2ddae</run_address>
         <size>0x4cf</size>
         <input_file_ref idref="fl-44"/>
      </object_component>
      <object_component id="oc-110">
         <name>.debug_info</name>
         <load_address>0x2e27d</load_address>
         <run_address>0x2e27d</run_address>
         <size>0x534</size>
         <input_file_ref idref="fl-45"/>
      </object_component>
      <object_component id="oc-114">
         <name>.debug_info</name>
         <load_address>0x2e7b1</load_address>
         <run_address>0x2e7b1</run_address>
         <size>0x4cf</size>
         <input_file_ref idref="fl-46"/>
      </object_component>
      <object_component id="oc-118">
         <name>.debug_info</name>
         <load_address>0x2ec80</load_address>
         <run_address>0x2ec80</run_address>
         <size>0x549</size>
         <input_file_ref idref="fl-47"/>
      </object_component>
      <object_component id="oc-11d">
         <name>.debug_info</name>
         <load_address>0x2f1c9</load_address>
         <run_address>0x2f1c9</run_address>
         <size>0x4cf</size>
         <input_file_ref idref="fl-48"/>
      </object_component>
      <object_component id="oc-121">
         <name>.debug_info</name>
         <load_address>0x2f698</load_address>
         <run_address>0x2f698</run_address>
         <size>0x549</size>
         <input_file_ref idref="fl-49"/>
      </object_component>
      <object_component id="oc-126">
         <name>.debug_info</name>
         <load_address>0x2fbe1</load_address>
         <run_address>0x2fbe1</run_address>
         <size>0x53e</size>
         <input_file_ref idref="fl-4a"/>
      </object_component>
      <object_component id="oc-12a">
         <name>.debug_info</name>
         <load_address>0x3011f</load_address>
         <run_address>0x3011f</run_address>
         <size>0x7d4</size>
         <input_file_ref idref="fl-4b"/>
      </object_component>
      <object_component id="oc-12e">
         <name>.debug_info</name>
         <load_address>0x308f3</load_address>
         <run_address>0x308f3</run_address>
         <size>0xbd</size>
         <input_file_ref idref="fl-4c"/>
      </object_component>
      <object_component id="oc-132">
         <name>.debug_info</name>
         <load_address>0x309b0</load_address>
         <run_address>0x309b0</run_address>
         <size>0x59d</size>
         <input_file_ref idref="fl-4d"/>
      </object_component>
      <object_component id="oc-136">
         <name>.debug_info</name>
         <load_address>0x30f4d</load_address>
         <run_address>0x30f4d</run_address>
         <size>0x55b</size>
         <input_file_ref idref="fl-4e"/>
      </object_component>
      <object_component id="oc-13a">
         <name>.debug_info</name>
         <load_address>0x314a8</load_address>
         <run_address>0x314a8</run_address>
         <size>0x76c</size>
         <input_file_ref idref="fl-4f"/>
      </object_component>
      <object_component id="oc-13e">
         <name>.debug_info</name>
         <load_address>0x31c14</load_address>
         <run_address>0x31c14</run_address>
         <size>0x534</size>
         <input_file_ref idref="fl-50"/>
      </object_component>
      <object_component id="oc-142">
         <name>.debug_info</name>
         <load_address>0x32148</load_address>
         <run_address>0x32148</run_address>
         <size>0x58e</size>
         <input_file_ref idref="fl-51"/>
      </object_component>
      <object_component id="oc-146">
         <name>.debug_info</name>
         <load_address>0x326d6</load_address>
         <run_address>0x326d6</run_address>
         <size>0x589</size>
         <input_file_ref idref="fl-52"/>
      </object_component>
      <object_component id="oc-14a">
         <name>.debug_info</name>
         <load_address>0x32c5f</load_address>
         <run_address>0x32c5f</run_address>
         <size>0x4de</size>
         <input_file_ref idref="fl-53"/>
      </object_component>
      <object_component id="oc-14e">
         <name>.debug_info</name>
         <load_address>0x3313d</load_address>
         <run_address>0x3313d</run_address>
         <size>0xef</size>
         <input_file_ref idref="fl-54"/>
      </object_component>
      <object_component id="oc-153">
         <name>.debug_info</name>
         <load_address>0x3322c</load_address>
         <run_address>0x3322c</run_address>
         <size>0xbc</size>
         <input_file_ref idref="fl-55"/>
      </object_component>
      <object_component id="oc-158">
         <name>.debug_info</name>
         <load_address>0x332e8</load_address>
         <run_address>0x332e8</run_address>
         <size>0x5bc</size>
         <input_file_ref idref="fl-56"/>
      </object_component>
      <object_component id="oc-15d">
         <name>.debug_info</name>
         <load_address>0x338a4</load_address>
         <run_address>0x338a4</run_address>
         <size>0x27bd</size>
         <input_file_ref idref="fl-57"/>
      </object_component>
      <object_component id="oc-163">
         <name>.debug_info</name>
         <load_address>0x36061</load_address>
         <run_address>0x36061</run_address>
         <size>0x586</size>
         <input_file_ref idref="fl-58"/>
      </object_component>
      <object_component id="oc-167">
         <name>.debug_info</name>
         <load_address>0x365e7</load_address>
         <run_address>0x365e7</run_address>
         <size>0x5a4</size>
         <input_file_ref idref="fl-59"/>
      </object_component>
      <object_component id="oc-16b">
         <name>.debug_info</name>
         <load_address>0x36b8b</load_address>
         <run_address>0x36b8b</run_address>
         <size>0xcd</size>
         <input_file_ref idref="fl-5a"/>
      </object_component>
      <object_component id="oc-16e">
         <name>.debug_info</name>
         <load_address>0x36c58</load_address>
         <run_address>0x36c58</run_address>
         <size>0x498</size>
         <input_file_ref idref="fl-5b"/>
      </object_component>
      <object_component id="oc-171">
         <name>.debug_info</name>
         <load_address>0x370f0</load_address>
         <run_address>0x370f0</run_address>
         <size>0x57e</size>
         <input_file_ref idref="fl-5c"/>
      </object_component>
      <object_component id="oc-175">
         <name>.debug_info</name>
         <load_address>0x3766e</load_address>
         <run_address>0x3766e</run_address>
         <size>0x6aa</size>
         <input_file_ref idref="fl-5d"/>
      </object_component>
      <object_component id="oc-179">
         <name>.debug_info</name>
         <load_address>0x37d18</load_address>
         <run_address>0x37d18</run_address>
         <size>0x942</size>
         <input_file_ref idref="fl-5e"/>
      </object_component>
      <object_component id="oc-17e">
         <name>.debug_info</name>
         <load_address>0x3865a</load_address>
         <run_address>0x3865a</run_address>
         <size>0x4d2</size>
         <input_file_ref idref="fl-5f"/>
      </object_component>
      <object_component id="oc-182">
         <name>.debug_info</name>
         <load_address>0x38b2c</load_address>
         <run_address>0x38b2c</run_address>
         <size>0x680</size>
         <input_file_ref idref="fl-60"/>
      </object_component>
      <object_component id="oc-187">
         <name>.debug_info</name>
         <load_address>0x391ac</load_address>
         <run_address>0x391ac</run_address>
         <size>0x144b</size>
         <input_file_ref idref="fl-61"/>
      </object_component>
      <object_component id="oc-18c">
         <name>.debug_info</name>
         <load_address>0x3a5f7</load_address>
         <run_address>0x3a5f7</run_address>
         <size>0x5ad</size>
         <input_file_ref idref="fl-62"/>
      </object_component>
      <object_component id="oc-190">
         <name>.debug_info</name>
         <load_address>0x3aba4</load_address>
         <run_address>0x3aba4</run_address>
         <size>0x574</size>
         <input_file_ref idref="fl-63"/>
      </object_component>
      <object_component id="oc-194">
         <name>.debug_info</name>
         <load_address>0x3b118</load_address>
         <run_address>0x3b118</run_address>
         <size>0xd1</size>
         <input_file_ref idref="fl-64"/>
      </object_component>
      <object_component id="oc-198">
         <name>.debug_info</name>
         <load_address>0x3b1e9</load_address>
         <run_address>0x3b1e9</run_address>
         <size>0x4b7</size>
         <input_file_ref idref="fl-65"/>
      </object_component>
      <object_component id="oc-19c">
         <name>.debug_info</name>
         <load_address>0x3b6a0</load_address>
         <run_address>0x3b6a0</run_address>
         <size>0x4f2</size>
         <input_file_ref idref="fl-66"/>
      </object_component>
      <object_component id="oc-1a1">
         <name>.debug_info</name>
         <load_address>0x3bb92</load_address>
         <run_address>0x3bb92</run_address>
         <size>0xed4</size>
         <input_file_ref idref="fl-67"/>
      </object_component>
      <object_component id="oc-1a5">
         <name>.debug_info</name>
         <load_address>0x3ca66</load_address>
         <run_address>0x3ca66</run_address>
         <size>0x744</size>
         <input_file_ref idref="fl-68"/>
      </object_component>
      <object_component id="oc-1ab">
         <name>.debug_info</name>
         <load_address>0x3d1aa</load_address>
         <run_address>0x3d1aa</run_address>
         <size>0x662</size>
         <input_file_ref idref="fl-69"/>
      </object_component>
      <object_component id="oc-1af">
         <name>.debug_info</name>
         <load_address>0x3d80c</load_address>
[...]
         <object_component_ref idref="oc-c9"/>
      </symbol>
      <symbol id="sm-b64">
         <name>_PAL_osProtectEntry</name>
         <value>0xddf8</value>
         <object_component_ref idref="oc-ce"/>
      </symbol>
      <symbol id="sm-b65">
         <name>_PAL_osProtectExit</name>
         <value>0xde1b</value>
         <object_component_ref idref="oc-ce"/>
      </symbol>
      <symbol id="sm-b6f">
         <name>_Get_Sar_Key</name>
         <value>0xde83</value>
         <object_component_ref idref="oc-d3"/>
      </symbol>
      <symbol id="sm-b70">
         <name>_Init_SAR</name>
         <value>0xde66</value>
         <object_component_ref idref="oc-d3"/>
      </symbol>
      <symbol id="sm-b88">
         <name>_UTIL_circReadChar</name>
         <value>0xc7d1</value>
         <object_component_ref idref="oc-d8"/>
      </symbol>
      <symbol id="sm-b89">
         <name>_UTIL_circNew</name>
         <value>0xc79b</value>
         <object_component_ref idref="oc-d8"/>
      </symbol>
      <symbol id="sm-b8a">
         <name>_UTIL_circWriteMultiple</name>
         <value>0xc8b2</value>
         <object_component_ref idref="oc-d8"/>
      </symbol>
      <symbol id="sm-b8b">
         <name>_offset</name>
         <value>0x1753e</value>
         <object_component_ref idref="oc-d9"/>
      </symbol>
      <symbol id="sm-b8c">
         <name>_UTIL_circWriteChar</name>
         <value>0xc806</value>
         <object_component_ref idref="oc-d8"/>
      </symbol>
      <symbol id="sm-b8d">
         <name>_UTIL_circUnget</name>
         <value>0xc926</value>
         <object_component_ref idref="oc-d8"/>
      </symbol>
      <symbol id="sm-b8e">
         <name>_UTIL_circReadMultiple</name>
         <value>0xc83b</value>
         <object_component_ref idref="oc-d8"/>
      </symbol>
      <symbol id="sm-bdc">
         <name>reset_isr</name>
         <value>0xd32b</value>
         <object_component_ref idref="oc-14"/>
      </symbol>
      <symbol id="sm-bdd">
         <name>RST</name>
         <value>0x200</value>
         <object_component_ref idref="oc-df"/>
      </symbol>
      <symbol id="sm-be7">
         <name>__addd</name>
         <value>0xc132</value>
         <object_component_ref idref="oc-e3"/>
      </symbol>
      <symbol id="sm-bf3">
         <name>__sysstack</name>
         <value>0xf028</value>
         <object_component_ref idref="oc-1dc"/>
      </symbol>
      <symbol id="sm-bf4">
         <name>_c_int00</name>
         <value>0xde32</value>
         <object_component_ref idref="oc-e7"/>
      </symbol>
      <symbol id="sm-bf5">
         <name>__stack</name>
         <value>0xec40</value>
         <object_component_ref idref="oc-e8"/>
      </symbol>
      <symbol id="sm-bff">
         <name>__eqld</name>
         <value>0xc70f</value>
         <object_component_ref idref="oc-ec"/>
      </symbol>
      <symbol id="sm-c00">
         <name>__cmpd</name>
         <value>0xc743</value>
         <object_component_ref idref="oc-ec"/>
      </symbol>
      <symbol id="sm-c01">
         <name>__neqd</name>
         <value>0xc5b1</value>
         <object_component_ref idref="oc-ec"/>
      </symbol>
      <symbol id="sm-c02">
         <name>__gtrd</name>
         <value>0xc67a</value>
         <object_component_ref idref="oc-ec"/>
      </symbol>
      <symbol id="sm-c03">
         <name>__geqd</name>
         <value>0xc6c5</value>
         <object_component_ref idref="oc-ec"/>
      </symbol>
      <symbol id="sm-c04">
         <name>__leqd</name>
         <value>0xc62d</value>
         <object_component_ref idref="oc-ec"/>
      </symbol>
      <symbol id="sm-c05">
         <name>__lssd</name>
         <value>0xc5e5</value>
         <object_component_ref idref="oc-ec"/>
      </symbol>
      <symbol id="sm-c11">
         <name>__divd</name>
         <value>0xb049</value>
         <object_component_ref idref="oc-f0"/>
      </symbol>
      <symbol id="sm-c1b">
         <name>__divli</name>
         <value>0xdcf9</value>
         <object_component_ref idref="oc-f4"/>
      </symbol>
      <symbol id="sm-c26">
         <name>__divul</name>
         <value>0xd483</value>
         <object_component_ref idref="oc-f8"/>
      </symbol>
      <symbol id="sm-c36">
         <name>C$$EXIT</name>
         <value>0xe001</value>
         <object_component_ref idref="oc-100"/>
      </symbol>
      <symbol id="sm-c37">
         <name>_exit</name>
         <value>0xdd80</value>
         <object_component_ref idref="oc-fc"/>
      </symbol>
      <symbol id="sm-c38">
         <name>_abort</name>
         <value>0xe000</value>
         <object_component_ref idref="oc-100"/>
      </symbol>
      <symbol id="sm-c39">
         <name>__cleanup_ptr</name>
         <value>0x17a44</value>
         <object_component_ref idref="oc-fd"/>
      </symbol>
      <symbol id="sm-c3a">
         <name>__dtors_ptr</name>
         <value>0x17a48</value>
         <object_component_ref idref="oc-fd"/>
      </symbol>
      <symbol id="sm-c44">
         <name>__fixdi</name>
         <value>0xde99</value>
         <object_component_ref idref="oc-103"/>
      </symbol>
      <symbol id="sm-c4e">
         <name>__fixdli</name>
         <value>0xd867</value>
         <object_component_ref idref="oc-107"/>
      </symbol>
      <symbol id="sm-c58">
         <name>__fixdu</name>
         <value>0xdf10</value>
         <object_component_ref idref="oc-10b"/>
      </symbol>
      <symbol id="sm-c62">
         <name>__fixdul</name>
         <value>0xd695</value>
         <object_component_ref idref="oc-10f"/>
      </symbol>
      <symbol id="sm-c6c">
         <name>__fltid</name>
         <value>0xdfea</value>
         <object_component_ref idref="oc-113"/>
      </symbol>
      <symbol id="sm-c78">
         <name>__fltlid</name>
         <value>0xd9ae</value>
         <object_component_ref idref="oc-117"/>
      </symbol>
      <symbol id="sm-c82">
         <name>__fltud</name>
         <value>0xdfdc</value>
         <object_component_ref idref="oc-11c"/>
      </symbol>
      <symbol id="sm-c8e">
         <name>__fltuld</name>
         <value>0xdacf</value>
         <object_component_ref idref="oc-120"/>
      </symbol>
      <symbol id="sm-c98">
         <name>__frcmpyd_div</name>
         <value>0xd782</value>
         <object_component_ref idref="oc-125"/>
      </symbol>
      <symbol id="sm-ca2">
         <name>__divull</name>
         <value>0xc009</value>
         <object_component_ref idref="oc-129"/>
      </symbol>
      <symbol id="sm-ca3">
         <name>__mpylli</name>
         <value>0xbf51</value>
         <object_component_ref idref="oc-129"/>
      </symbol>
      <symbol id="sm-ca4">
         <name>__remlli</name>
         <value>0xbf22</value>
         <object_component_ref idref="oc-129"/>
      </symbol>
      <symbol id="sm-ca5">
         <name>__divlli</name>
         <value>0xc0fd</value>
         <object_component_ref idref="oc-129"/>
      </symbol>
      <symbol id="sm-ca6">
         <name>__remull</name>
         <value>0xbed4</value>
         <object_component_ref idref="oc-129"/>
      </symbol>
      <symbol id="sm-cae">
         <name>__mpyli</name>
         <value>0xdf85</value>
         <object_component_ref idref="oc-12d"/>
      </symbol>
      <symbol id="sm-caf">
         <name>I$$LMPY</name>
         <value>0xdf85</value>
         <object_component_ref idref="oc-12d"/>
      </symbol>
      <symbol id="sm-cb9">
         <name>_memset</name>
         <value>0xdfaa</value>
         <object_component_ref idref="oc-131"/>
      </symbol>
      <symbol id="sm-cc3">
         <name>__mpyd</name>
         <value>0xcc47</value>
         <object_component_ref idref="oc-135"/>
      </symbol>
      <symbol id="sm-ccd">
         <name>_printf</name>
         <value>0xdb7e</value>
         <object_component_ref idref="oc-139"/>
      </symbol>
      <symbol id="sm-cd8">
         <name>__remul</name>
         <value>0xd7f5</value>
         <object_component_ref idref="oc-13d"/>
      </symbol>
      <symbol id="sm-ce2">
         <name>_strcpy</name>
         <value>0xdf5d</value>
         <object_component_ref idref="oc-141"/>
      </symbol>
      <symbol id="sm-cec">
         <name>_strlen</name>
         <value>0xdfbb</value>
         <object_component_ref idref="oc-145"/>
      </symbol>
      <symbol id="sm-cf6">
         <name>__subd</name>
         <value>0xdf71</value>
         <object_component_ref idref="oc-149"/>
      </symbol>
      <symbol id="sm-cfe">
         <name>__remu</name>
         <value>0xded8</value>
         <object_component_ref idref="oc-14d"/>
      </symbol>
      <symbol id="sm-cff">
         <name>__divu</name>
         <value>0xdec3</value>
         <object_component_ref idref="oc-14d"/>
      </symbol>
      <symbol id="sm-d00">
         <name>I$$UMOD</name>
         <value>0xded8</value>
         <object_component_ref idref="oc-14d"/>
      </symbol>
      <symbol id="sm-d01">
         <name>I$$UDIV</name>
         <value>0xdec3</value>
         <object_component_ref idref="oc-14d"/>
      </symbol>
      <symbol id="sm-d0b">
         <name>_Reset</name>
         <value>0x100</value>
         <object_component_ref idref="oc-152"/>
      </symbol>
      <symbol id="sm-d19">
         <name>__unlock</name>
         <value>0x17a40</value>
         <object_component_ref idref="oc-157"/>
      </symbol>
      <symbol id="sm-d1a">
         <name>__lock</name>
         <value>0x17a3c</value>
         <object_component_ref idref="oc-157"/>
      </symbol>
      <symbol id="sm-d1b">
         <name>__register_lock</name>
         <value>0xdfa0</value>
         <object_component_ref idref="oc-156"/>
      </symbol>
      <symbol id="sm-d1c">
         <name>__nop</name>
         <value>0xdfa8</value>
         <object_component_ref idref="oc-156"/>
      </symbol>
      <symbol id="sm-d1d">
         <name>__register_unlock</name>
         <value>0xdf98</value>
         <object_component_ref idref="oc-156"/>
      </symbol>
      <symbol id="sm-d2f">
         <name>__printfi</name>
         <value>0x2d85</value>
         <object_component_ref idref="oc-15c"/>
      </symbol>
      <symbol id="sm-d39">
         <name>__args_main</name>
         <value>0xdc1b</value>
         <object_component_ref idref="oc-162"/>
      </symbol>
      <symbol id="sm-d3a">
         <name>__TI_args_main</name>
         <value>0x1</value>
      </symbol>
      <symbol id="sm-d44">
         <name>_atoi</name>
         <value>0xda73</value>
         <object_component_ref idref="oc-166"/>
      </symbol>
      <symbol id="sm-d4c">
         <name>_auto_init</name>
         <value>0xdbce</value>
         <object_component_ref idref="oc-16a"/>
      </symbol>
      <symbol id="sm-d54">
         <name>__ctypes_</name>
         <value>0xe00c</value>
         <object_component_ref idref="oc-1de"/>
      </symbol>
      <symbol id="sm-d5e">
         <name>__tmpnams</name>
         <value>0x170a4</value>
         <object_component_ref idref="oc-170"/>
      </symbol>
      <symbol id="sm-d5f">
         <name>__ft_end</name>
         <value>0x171e4</value>
         <object_component_ref idref="oc-170"/>
      </symbol>
      <symbol id="sm-d60">
         <name>__ftable</name>
         <value>0x16fb4</value>
         <object_component_ref idref="oc-170"/>
      </symbol>
      <symbol id="sm-d6a">
         <name>_putchar</name>
         <value>0xd474</value>
         <object_component_ref idref="oc-174"/>
      </symbol>
      <symbol id="sm-d6b">
         <name>_putc</name>
         <value>0xd3dd</value>
         <object_component_ref idref="oc-174"/>
      </symbol>
      <symbol id="sm-d6c">
         <name>_fputc</name>
         <value>0xd3dd</value>
         <object_component_ref idref="oc-174"/>
      </symbol>
      <symbol id="sm-d7a">
         <name>_puts</name>
         <value>0xcc19</value>
         <object_component_ref idref="oc-178"/>
      </symbol>
      <symbol id="sm-d7b">
         <name>_fputs</name>
         <value>0xcae4</value>
         <object_component_ref idref="oc-178"/>
      </symbol>
      <symbol id="sm-d85">
         <name>__frcmpyd</name>
         <value>0xd70c</value>
         <object_component_ref idref="oc-17d"/>
      </symbol>
      <symbol id="sm-d8f">
         <name>___isinf</name>
         <value>0xdf2b</value>
         <object_component_ref idref="oc-181"/>
      </symbol>
      <symbol id="sm-da1">
         <name>_add_device</name>
         <value>0x933d</value>
         <object_component_ref idref="oc-185"/>
      </symbol>
      <symbol id="sm-da2">
         <name>_rename</name>
         <value>0x905f</value>
         <object_component_ref idref="oc-185"/>
      </symbol>
      <symbol id="sm-da3">
         <name>_read</name>
         <value>0x90ee</value>
         <object_component_ref idref="oc-185"/>
      </symbol>
      <symbol id="sm-da4">
         <name>_unlink</name>
         <value>0x902c</value>
         <object_component_ref idref="oc-185"/>
      </symbol>
      <symbol id="sm-da5">
         <name>_remove_device</name>
         <value>0x90b8</value>
         <object_component_ref idref="oc-185"/>
      </symbol>
      <symbol id="sm-da6">
         <name>_open</name>
         <value>0x919c</value>
         <object_component_ref idref="oc-185"/>
      </symbol>
      <symbol id="sm-da7">
         <name>_find_registered_device</name>
         <value>0x92c1</value>
         <object_component_ref idref="oc-185"/>
      </symbol>
      <symbol id="sm-da8">
         <name>_lseek</name>
         <value>0x925b</value>
         <object_component_ref idref="oc-185"/>
      </symbol>
      <symbol id="sm-da9">
         <name>_close</name>
         <value>0x92ca</value>
         <object_component_ref idref="oc-185"/>
      </symbol>
      <symbol id="sm-daa">
         <name>_write</name>
         <value>0x8eea</value>
         <object_component_ref idref="oc-185"/>
      </symbol>
      <symbol id="sm-db4">
         <name>_ltoa</name>
         <value>0xd524</value>
         <object_component_ref idref="oc-18b"/>
      </symbol>
      <symbol id="sm-dbf">
         <name>_memccpy</name>
         <value>0xdeed</value>
         <object_component_ref idref="oc-18f"/>
      </symbol>
      <symbol id="sm-dc7">
         <name>_memcpy</name>
         <value>0xdd41</value>
         <object_component_ref idref="oc-193"/>
      </symbol>
      <symbol id="sm-dd1">
         <name>__negd</name>
         <value>0xdfcc</value>
         <object_component_ref idref="oc-197"/>
      </symbol>
      <symbol id="sm-ddb">
         <name>__remli</name>
         <value>0xdc66</value>
         <object_component_ref idref="oc-19b"/>
      </symbol>
      <symbol id="sm-de7">
         <name>_HOSTopen</name>
         <value>0xa1b0</value>
         <object_component_ref idref="oc-19f"/>
      </symbol>
      <symbol id="sm-de8">
         <name>_HOSTread</name>
         <value>0xa123</value>
         <object_component_ref idref="oc-19f"/>
      </symbol>
      <symbol id="sm-de9">
         <name>_HOSTtime</name>
         <value>0xa017</value>
         <object_component_ref idref="oc-19f"/>
      </symbol>
      <symbol id="sm-dea">
         <name>_getenv</name>
         <value>0x9ea5</value>
         <object_component_ref idref="oc-19f"/>
      </symbol>
      <symbol id="sm-deb">
         <name>_HOSTrename</name>
         <value>0xa075</value>
         <object_component_ref idref="oc-19f"/>
      </symbol>
      <symbol id="sm-dec">
         <name>_HOSTclock</name>
         <value>0xa36f</value>
         <object_component_ref idref="oc-19f"/>
      </symbol>
      <symbol id="sm-ded">
         <name>_HOSTwrite</name>
         <value>0x9f20</value>
         <object_component_ref idref="oc-19f"/>
      </symbol>
      <symbol id="sm-dee">
         <name>_HOSTlseek</name>
         <value>0xa24f</value>
         <object_component_ref idref="oc-19f"/>
      </symbol>
      <symbol id="sm-def">
         <name>_HOSTunlink</name>
         <value>0x9fad</value>
         <object_component_ref idref="oc-19f"/>
      </symbol>
      <symbol id="sm-df0">
         <name>_HOSTclose</name>
         <value>0xa304</value>
         <object_component_ref idref="oc-19f"/>
      </symbol>
      <symbol id="sm-e02">
         <name>C$$IO$$</name>
         <value>0xd326</value>
         <object_component_ref idref="oc-1a7"/>
      </symbol>
      <symbol id="sm-e03">
         <name>__CIOBUF_</name>
         <value>0xe600</value>
         <object_component_ref idref="oc-1a6"/>
      </symbol>
      <symbol id="sm-e04">
         <name>_readmsg</name>
         <value>0xd8d6</value>
         <object_component_ref idref="oc-1a4"/>
      </symbol>
      <symbol id="sm-e05">
         <name>_writemsg</name>
         <value>0xd271</value>
         <object_component_ref idref="oc-1a7"/>
      </symbol>
      <symbol id="sm-e0f">
         <name>__rd_ok</name>
         <value>0xd152</value>
         <object_component_ref idref="oc-1aa"/>
      </symbol>
      <symbol id="sm-e10">
         <name>__wrt_ok</name>
         <value>0xd0d2</value>
         <object_component_ref idref="oc-1aa"/>
      </symbol>
      <symbol id="sm-e1a">
         <name>__doflush</name>
         <value>0xd1af</value>
         <object_component_ref idref="oc-1ae"/>
      </symbol>
      <symbol id="sm-e1b">
         <name>_fflush</name>
         <value>0xd218</value>
         <object_component_ref idref="oc-1ae"/>
      </symbol>
      <symbol id="sm-e25">
         <name>_fseek</name>
         <value>0xd943</value>
         <object_component_ref idref="oc-1b2"/>
      </symbol>
      <symbol id="sm-e2f">
         <name>_setvbuf</name>
         <value>0xcfec</value>
         <object_component_ref idref="oc-1b6"/>
      </symbol>
      <symbol id="sm-e3e">
         <name>__cleanup</name>
         <value>0xbd76</value>
         <object_component_ref idref="oc-1ba"/>
      </symbol>
      <symbol id="sm-e3f">
         <name>_fopen</name>
         <value>0xbe99</value>
         <object_component_ref idref="oc-1ba"/>
      </symbol>
      <symbol id="sm-e40">
         <name>_freopen</name>
         <value>0xbdd0</value>
         <object_component_ref idref="oc-1ba"/>
      </symbol>
      <symbol id="sm-e50">
         <name>__sys_memory</name>
         <value>0xe840</value>
         <object_component_ref idref="oc-1c4"/>
      </symbol>
      <symbol id="sm-e51">
         <name>_chkheap</name>
         <value>0xa854</value>
         <object_component_ref idref="oc-1c0"/>
      </symbol>
      <symbol id="sm-e52">
         <name>_realloc</name>
         <value>0xa5f3</value>
         <object_component_ref idref="oc-1c0"/>
      </symbol>
      <symbol id="sm-e53">
         <name>_free_memory</name>
         <value>0xa7fe</value>
         <object_component_ref idref="oc-1c0"/>
      </symbol>
      <symbol id="sm-e54">
         <name>_max_free</name>
         <value>0xa7a4</value>
         <object_component_ref idref="oc-1c0"/>
      </symbol>
      <symbol id="sm-e55">
         <name>_free</name>
         <value>0xa3cd</value>
         <object_component_ref idref="oc-1c0"/>
      </symbol>
      <symbol id="sm-e56">
         <name>_calloc</name>
         <value>0xa85c</value>
         <object_component_ref idref="oc-1c0"/>
      </symbol>
      <symbol id="sm-e57">
         <name>_malloc</name>
         <value>0xa4fe</value>
         <object_component_ref idref="oc-1c0"/>
      </symbol>
      <symbol id="sm-e58">
         <name>_minit</name>
         <value>0xa499</value>
         <object_component_ref idref="oc-1c0"/>
      </symbol>
      <symbol id="sm-e62">
         <name>_fclose</name>
         <value>0xd5a1</value>
         <object_component_ref idref="oc-1c7"/>
      </symbol>
      <symbol id="sm-e6c">
         <name>_remove</name>
         <value>0xdff6</value>
         <object_component_ref idref="oc-1cb"/>
      </symbol>
   </symbol_table>
</link_info>
