<?xml version="1.0"?>
<link_info>
   <banner>TMS320C55x Linker PC v4.4.1</banner>
   <copyright>Copyright (c) 1996-2012 Texas Instruments Incorporated</copyright>
   <link_time>0x577e4f1a</link_time>
   <output_file>ECGSystem.out</output_file>
   <entry_point>
      <name>reset_isr</name>
      <address>0xd9c2</address>
   </entry_point>
   <input_file_list>
      <input_file id="fl-3">
         <path>.\</path>
         <kind>object</kind>
         <file>ADS1298Init.obj</file>
         <name>ADS1298Init.obj</name>
      </input_file>
      <input_file id="fl-4">
         <path>.\</path>
         <kind>object</kind>
         <file>ADS1298_Pacer.obj</file>
         <name>ADS1298_Pacer.obj</name>
      </input_file>
      <input_file id="fl-5">
         <path>.\</path>
         <kind>object</kind>
         <file>ECGSystemFunctions.obj</file>
         <name>ECGSystemFunctions.obj</name>
      </input_file>
      <input_file id="fl-6">
         <path>.\</path>
         <kind>object</kind>
         <file>ECGSystemInit.obj</file>
         <name>ECGSystemInit.obj</name>
      </input_file>
      <input_file id="fl-7">
         <path>.\</path>
         <kind>object</kind>
         <file>ECGSystem_main.obj</file>
         <name>ECGSystem_main.obj</name>
      </input_file>
      <input_file id="fl-8">
         <path>.\</path>
         <kind>object</kind>
         <file>ECG_Filter_Co-efficients.obj</file>
         <name>ECG_Filter_Co-efficients.obj</name>
      </input_file>
      <input_file id="fl-9">
         <path>.\</path>
         <kind>object</kind>
         <file>FIR_Filter.obj</file>
         <name>FIR_Filter.obj</name>
      </input_file>
      <input_file id="fl-a">
         <path>.\</path>
         <kind>object</kind>
         <file>I2C.obj</file>
         <name>I2C.obj</name>
      </input_file>
      <input_file id="fl-b">
         <path>.\</path>
         <kind>object</kind>
         <file>InterruptHandlers.obj</file>
         <name>InterruptHandlers.obj</name>
      </input_file>
      <input_file id="fl-c">
         <path>.\</path>
         <kind>object</kind>
         <file>SPO2_Init_Functions.obj</file>
         <name>SPO2_Init_Functions.obj</name>
      </input_file>
      <input_file id="fl-d">
         <path>.\</path>
         <kind>object</kind>
         <file>cpu_clock_init.obj</file>
         <name>cpu_clock_init.obj</name>
      </input_file>
      <input_file id="fl-e">
         <path>.\</path>
         <kind>object</kind>
         <file>dda_dma.obj</file>
         <name>dda_dma.obj</name>
      </input_file>
      <input_file id="fl-f">
         <path>.\</path>
         <kind>object</kind>
         <file>dda_spi.obj</file>
         <name>dda_spi.obj</name>
      </input_file>
      <input_file id="fl-10">
         <path>.\</path>
         <kind>object</kind>
         <file>dda_uart.obj</file>
         <name>dda_uart.obj</name>
      </input_file>
      <input_file id="fl-11">
         <path>.\</path>
         <kind>object</kind>
         <file>dda_uartCfg.obj</file>
         <name>dda_uartCfg.obj</name>
      </input_file>
      <input_file id="fl-12">
         <path>.\</path>
         <kind>object</kind>
         <file>ddc_dma.obj</file>
         <name>ddc_dma.obj</name>
      </input_file>
      <input_file id="fl-13">
         <path>.\</path>
         <kind>object</kind>
         <file>ddc_spi.obj</file>
         <name>ddc_spi.obj</name>
      </input_file>
      <input_file id="fl-14">
         <path>.\</path>
         <kind>object</kind>
         <file>ddc_uart.obj</file>
         <name>ddc_uart.obj</name>
      </input_file>
      <input_file id="fl-15">
         <path>.\</path>
         <kind>object</kind>
         <file>evm5515.obj</file>
         <name>evm5515.obj</name>
      </input_file>
      <input_file id="fl-16">
         <path>.\</path>
         <kind>object</kind>
         <file>evm5515_uart.obj</file>
         <name>evm5515_uart.obj</name>
      </input_file>
      <input_file id="fl-17">
         <path>.\</path>
         <kind>object</kind>
         <file>lcd.obj</file>
         <name>lcd.obj</name>
      </input_file>
      <input_file id="fl-18">
         <path>.\</path>
         <kind>object</kind>
         <file>llc_spi.obj</file>
         <name>llc_spi.obj</name>
      </input_file>
      <input_file id="fl-19">
         <path>.\</path>
         <kind>object</kind>
         <file>llc_uart.obj</file>
         <name>llc_uart.obj</name>
      </input_file>
      <input_file id="fl-1a">
         <path>.\</path>
         <kind>object</kind>
         <file>pal_osList.obj</file>
         <name>pal_osList.obj</name>
      </input_file>
      <input_file id="fl-1b">
         <path>.\</path>
         <kind>object</kind>
         <file>pal_osSem.obj</file>
         <name>pal_osSem.obj</name>
      </input_file>
      <input_file id="fl-1c">
         <path>.\</path>
         <kind>object</kind>
         <file>pal_osTime.obj</file>
         <name>pal_osTime.obj</name>
      </input_file>
      <input_file id="fl-1d">
         <path>.\</path>
         <kind>object</kind>
         <file>pal_osprotect.obj</file>
         <name>pal_osprotect.obj</name>
      </input_file>
      <input_file id="fl-1e">
         <path>.\</path>
         <kind>object</kind>
         <file>sar.obj</file>
         <name>sar.obj</name>
      </input_file>
      <input_file id="fl-1f">
         <path>.\</path>
         <kind>object</kind>
         <file>util_circ.obj</file>
         <name>util_circ.obj</name>
      </input_file>
      <input_file id="fl-20">
         <path>.\</path>
         <kind>object</kind>
         <file>vectors.obj</file>
         <name>vectors.obj</name>
      </input_file>
      <input_file id="fl-36">
         <path>C:\ti\ccsv6\tools\compiler\c5500_4.4.1\lib\</path>
         <kind>archive</kind>
         <file>rts55x.lib</file>
         <name>boot.obj</name>
      </input_file>
      <input_file id="fl-37">
         <path>C:\ti\ccsv6\tools\compiler\c5500_4.4.1\lib\</path>
         <kind>archive</kind>
         <file>rts55x.lib</file>
         <name>divd.obj</name>
      </input_file>
      <input_file id="fl-38">
         <path>C:\ti\ccsv6\tools\compiler\c5500_4.4.1\lib\</path>
         <kind>archive</kind>
         <file>rts55x.lib</file>
         <name>divli.obj</name>
      </input_file>
      <input_file id="fl-39">
         <path>C:\ti\ccsv6\tools\compiler\c5500_4.4.1\lib\</path>
         <kind>archive</kind>
         <file>rts55x.lib</file>
         <name>divul.obj</name>
      </input_file>
      <input_file id="fl-3a">
         <path>C:\ti\ccsv6\tools\compiler\c5500_4.4.1\lib\</path>
         <kind>archive</kind>
         <file>rts55x.lib</file>
         <name>exit.obj</name>
      </input_file>
      <input_file id="fl-3b">
         <path>C:\ti\ccsv6\tools\compiler\c5500_4.4.1\lib\</path>
         <kind>archive</kind>
         <file>rts55x.lib</file>
         <name>fixdi.obj</name>
      </input_file>
      <input_file id="fl-3c">
         <path>C:\ti\ccsv6\tools\compiler\c5500_4.4.1\lib\</path>
         <kind>archive</kind>
         <file>rts55x.lib</file>
         <name>fixdli.obj</name>
      </input_file>
      <input_file id="fl-3d">
         <path>C:\ti\ccsv6\tools\compiler\c5500_4.4.1\lib\</path>
         <kind>archive</kind>
         <file>rts55x.lib</file>
         <name>fixdu.obj</name>
      </input_file>
      <input_file id="fl-3e">
         <path>C:\ti\ccsv6\tools\compiler\c5500_4.4.1\lib\</path>
         <kind>archive</kind>
         <file>rts55x.lib</file>
         <name>fixdul.obj</name>
      </input_file>
      <input_file id="fl-3f">
         <path>C:\ti\ccsv6\tools\compiler\c5500_4.4.1\lib\</path>
         <kind>archive</kind>
         <file>rts55x.lib</file>
         <name>fltid.obj</name>
      </input_file>
      <input_file id="fl-40">
         <path>C:\ti\ccsv6\tools\compiler\c5500_4.4.1\lib\</path>
         <kind>archive</kind>
         <file>rts55x.lib</file>
         <name>fltlid.obj</name>
      </input_file>
      <input_file id="fl-41">
         <path>C:\ti\ccsv6\tools\compiler\c5500_4.4.1\lib\</path>
         <kind>archive</kind>
         <file>rts55x.lib</file>
         <name>fltud.obj</name>
      </input_file>
      <input_file id="fl-42">
         <path>C:\ti\ccsv6\tools\compiler\c5500_4.4.1\lib\</path>
         <kind>archive</kind>
         <file>rts55x.lib</file>
         <name>fltuld.obj</name>
      </input_file>
      <input_file id="fl-43">
         <path>C:\ti\ccsv6\tools\compiler\c5500_4.4.1\lib\</path>
         <kind>archive</kind>
         <file>rts55x.lib</file>
         <name>frcmpyd_div.obj</name>
      </input_file>
      <input_file id="fl-44">
         <path>C:\ti\ccsv6\tools\compiler\c5500_4.4.1\lib\</path>
         <kind>archive</kind>
         <file>rts55x.lib</file>
         <name>lmpy.obj</name>
      </input_file>
      <input_file id="fl-45">
         <path>C:\ti\ccsv6\tools\compiler\c5500_4.4.1\lib\</path>
         <kind>archive</kind>
         <file>rts55x.lib</file>
         <name>memset.obj</name>
      </input_file>
      <input_file id="fl-46">
         <path>C:\ti\ccsv6\tools\compiler\c5500_4.4.1\lib\</path>
         <kind>archive</kind>
         <file>rts55x.lib</file>
         <name>mpyd.obj</name>
      </input_file>
      <input_file id="fl-47">
         <path>C:\ti\ccsv6\tools\compiler\c5500_4.4.1\lib\</path>
         <kind>archive</kind>
         <file>rts55x.lib</file>
         <name>printf.obj</name>
      </input_file>
      <input_file id="fl-48">
         <path>C:\ti\ccsv6\tools\compiler\c5500_4.4.1\lib\</path>
         <kind>archive</kind>
         <file>rts55x.lib</file>
         <name>remul.obj</name>
      </input_file>
      <input_file id="fl-49">
         <path>C:\ti\ccsv6\tools\compiler\c5500_4.4.1\lib\</path>
         <kind>archive</kind>
         <file>rts55x.lib</file>
         <name>strcpy.obj</name>
      </input_file>
      <input_file id="fl-4a">
         <path>C:\ti\ccsv6\tools\compiler\c5500_4.4.1\lib\</path>
         <kind>archive</kind>
         <file>rts55x.lib</file>
         <name>strlen.obj</name>
      </input_file>
      <input_file id="fl-4b">
         <path>C:\ti\ccsv6\tools\compiler\c5500_4.4.1\lib\</path>
         <kind>archive</kind>
         <file>rts55x.lib</file>
         <name>subd.obj</name>
      </input_file>
      <input_file id="fl-4c">
         <path>C:\ti\ccsv6\tools\compiler\c5500_4.4.1\lib\</path>
         <kind>archive</kind>
         <file>rts55x.lib</file>
         <name>udiv.obj</name>
      </input_file>
      <input_file id="fl-4d">
         <path>C:\ti\ccsv6\tools\compiler\c5500_4.4.1\lib\</path>
         <kind>archive</kind>
         <file>rts55x.lib</file>
         <name>vectors.obj</name>
      </input_file>
      <input_file id="fl-4e">
         <path>C:\ti\ccsv6\tools\compiler\c5500_4.4.1\lib\</path>
         <kind>archive</kind>
         <file>rts55x.lib</file>
         <name>_lock.obj</name>
      </input_file>
      <input_file id="fl-4f">
         <path>C:\ti\ccsv6\tools\compiler\c5500_4.4.1\lib\</path>
         <kind>archive</kind>
         <file>rts55x.lib</file>
         <name>_printfi.obj</name>
      </input_file>
      <input_file id="fl-50">
         <path>C:\ti\ccsv6\tools\compiler\c5500_4.4.1\lib\</path>
         <kind>archive</kind>
         <file>rts55x.lib</file>
         <name>addd.obj</name>
      </input_file>
      <input_file id="fl-51">
         <path>C:\ti\ccsv6\tools\compiler\c5500_4.4.1\lib\</path>
         <kind>archive</kind>
         <file>rts55x.lib</file>
         <name>args_main.obj</name>
      </input_file>
      <input_file id="fl-52">
         <path>C:\ti\ccsv6\tools\compiler\c5500_4.4.1\lib\</path>
         <kind>archive</kind>
         <file>rts55x.lib</file>
         <name>atoi.obj</name>
      </input_file>
      <input_file id="fl-53">
         <path>C:\ti\ccsv6\tools\compiler\c5500_4.4.1\lib\</path>
         <kind>archive</kind>
         <file>rts55x.lib</file>
         <name>autoinit.obj</name>
      </input_file>
      <input_file id="fl-54">
         <path>C:\ti\ccsv6\tools\compiler\c5500_4.4.1\lib\</path>
         <kind>archive</kind>
         <file>rts55x.lib</file>
         <name>cmpd.obj</name>
      </input_file>
      <input_file id="fl-55">
         <path>C:\ti\ccsv6\tools\compiler\c5500_4.4.1\lib\</path>
         <kind>archive</kind>
         <file>rts55x.lib</file>
         <name>ctype.obj</name>
      </input_file>
      <input_file id="fl-56">
         <path>C:\ti\ccsv6\tools\compiler\c5500_4.4.1\lib\</path>
         <kind>archive</kind>
         <file>rts55x.lib</file>
         <name>defs.obj</name>
      </input_file>
      <input_file id="fl-57">
         <path>C:\ti\ccsv6\tools\compiler\c5500_4.4.1\lib\</path>
         <kind>archive</kind>
         <file>rts55x.lib</file>
         <name>fputc.obj</name>
      </input_file>
      <input_file id="fl-58">
         <path>C:\ti\ccsv6\tools\compiler\c5500_4.4.1\lib\</path>
         <kind>archive</kind>
         <file>rts55x.lib</file>
         <name>fputs.obj</name>
      </input_file>
      <input_file id="fl-59">
         <path>C:\ti\ccsv6\tools\compiler\c5500_4.4.1\lib\</path>
         <kind>archive</kind>
         <file>rts55x.lib</file>
         <name>frcmpyd.obj</name>
      </input_file>
      <input_file id="fl-5a">
         <path>C:\ti\ccsv6\tools\compiler\c5500_4.4.1\lib\</path>
         <kind>archive</kind>
         <file>rts55x.lib</file>
         <name>isinf.obj</name>
      </input_file>
      <input_file id="fl-5b">
         <path>C:\ti\ccsv6\tools\compiler\c5500_4.4.1\lib\</path>
         <kind>archive</kind>
         <file>rts55x.lib</file>
         <name>llmpy.obj</name>
      </input_file>
      <input_file id="fl-5c">
         <path>C:\ti\ccsv6\tools\compiler\c5500_4.4.1\lib\</path>
         <kind>archive</kind>
         <file>rts55x.lib</file>
         <name>lowlev.obj</name>
      </input_file>
      <input_file id="fl-5d">
         <path>C:\ti\ccsv6\tools\compiler\c5500_4.4.1\lib\</path>
         <kind>archive</kind>
         <file>rts55x.lib</file>
         <name>ltoa.obj</name>
      </input_file>
      <input_file id="fl-5e">
         <path>C:\ti\ccsv6\tools\compiler\c5500_4.4.1\lib\</path>
         <kind>archive</kind>
         <file>rts55x.lib</file>
         <name>memccpy.obj</name>
      </input_file>
      <input_file id="fl-5f">
         <path>C:\ti\ccsv6\tools\compiler\c5500_4.4.1\lib\</path>
         <kind>archive</kind>
         <file>rts55x.lib</file>
         <name>memcpy.obj</name>
      </input_file>
      <input_file id="fl-60">
         <path>C:\ti\ccsv6\tools\compiler\c5500_4.4.1\lib\</path>
         <kind>archive</kind>
         <file>rts55x.lib</file>
         <name>negd.obj</name>
      </input_file>
      <input_file id="fl-61">
         <path>C:\ti\ccsv6\tools\compiler\c5500_4.4.1\lib\</path>
         <kind>archive</kind>
         <file>rts55x.lib</file>
         <name>remli.obj</name>
      </input_file>
      <input_file id="fl-62">
         <path>C:\ti\ccsv6\tools\compiler\c5500_4.4.1\lib\</path>
         <kind>archive</kind>
         <file>rts55x.lib</file>
         <name>trgdrv.obj</name>
      </input_file>
      <input_file id="fl-63">
         <path>C:\ti\ccsv6\tools\compiler\c5500_4.4.1\lib\</path>
         <kind>archive</kind>
         <file>rts55x.lib</file>
         <name>trgmsg.obj</name>
      </input_file>
      <input_file id="fl-64">
         <path>C:\ti\ccsv6\tools\compiler\c5500_4.4.1\lib\</path>
         <kind>archive</kind>
         <file>rts55x.lib</file>
         <name>_io_perm.obj</name>
      </input_file>
      <input_file id="fl-65">
         <path>C:\ti\ccsv6\tools\compiler\c5500_4.4.1\lib\</path>
         <kind>archive</kind>
         <file>rts55x.lib</file>
         <name>fflush.obj</name>
      </input_file>
      <input_file id="fl-66">
         <path>C:\ti\ccsv6\tools\compiler\c5500_4.4.1\lib\</path>
         <kind>archive</kind>
         <file>rts55x.lib</file>
         <name>fseek.obj</name>
      </input_file>
      <input_file id="fl-67">
         <path>C:\ti\ccsv6\tools\compiler\c5500_4.4.1\lib\</path>
         <kind>archive</kind>
         <file>rts55x.lib</file>
         <name>setvbuf.obj</name>
      </input_file>
      <input_file id="fl-68">
         <path>C:\ti\ccsv6\tools\compiler\c5500_4.4.1\lib\</path>
         <kind>archive</kind>
         <file>rts55x.lib</file>
         <name>fopen.obj</name>
      </input_file>
      <input_file id="fl-69">
         <path>C:\ti\ccsv6\tools\compiler\c5500_4.4.1\lib\</path>
         <kind>archive</kind>
         <file>rts55x.lib</file>
         <name>memory.obj</name>
      </input_file>
      <input_file id="fl-6a">
         <path>C:\ti\ccsv6\tools\compiler\c5500_4.4.1\lib\</path>
         <kind>archive</kind>
         <file>rts55x.lib</file>
         <name>fclose.obj</name>
      </input_file>
      <input_file id="fl-6b">
         <path>C:\ti\ccsv6\tools\compiler\c5500_4.4.1\lib\</path>
         <kind>archive</kind>
         <file>rts55x.lib</file>
         <name>remove.obj</name>
      </input_file>
   </input_file_list>
   <object_component_list>
      <object_component id="oc-127">
         <name>vectors</name>
         <load_address>0x100</load_address>
         <run_address>0x100</run_address>
         <size>0x100</size>
         <input_file_ref idref="fl-4d"/>
      </object_component>
      <object_component id="oc-c0">
         <name>vectors</name>
         <load_address>0x200</load_address>
         <run_address>0x200</run_address>
         <size>0x100</size>
         <input_file_ref idref="fl-20"/>
      </object_component>
      <object_component id="oc-7e">
         <name>.text</name>
         <load_address>0x400</load_address>
         <run_address>0x400</run_address>
         <size>0x1623</size>
         <input_file_ref idref="fl-14"/>
      </object_component>
      <object_component id="oc-131">
         <name>.text</name>
         <load_address>0x1a23</load_address>
         <run_address>0x1a23</run_address>
         <size>0x15a4</size>
         <input_file_ref idref="fl-4f"/>
      </object_component>
      <object_component id="oc-2e">
         <name>.text</name>
         <load_address>0x2fc7</load_address>
         <run_address>0x2fc7</run_address>
         <size>0x156d</size>
         <input_file_ref idref="fl-7"/>
      </object_component>
      <object_component id="oc-71">
         <name>.text</name>
         <load_address>0x4534</load_address>
         <run_address>0x4534</run_address>
         <size>0x1541</size>
         <input_file_ref idref="fl-12"/>
      </object_component>
      <object_component id="oc-21">
         <name>.text</name>
         <load_address>0x5a75</load_address>
         <run_address>0x5a75</run_address>
         <size>0x105e</size>
         <input_file_ref idref="fl-5"/>
      </object_component>
      <object_component id="oc-65">
         <name>.text</name>
         <load_address>0x6ad3</load_address>
         <run_address>0x6ad3</run_address>
         <size>0xe51</size>
         <input_file_ref idref="fl-10"/>
      </object_component>
      <object_component id="oc-8d">
         <name>.text</name>
         <load_address>0x7924</load_address>
         <run_address>0x7924</run_address>
         <size>0x8d8</size>
         <input_file_ref idref="fl-17"/>
      </object_component>
      <object_component id="oc-95">
         <name>.text</name>
         <load_address>0x81fc</load_address>
         <run_address>0x81fc</run_address>
         <size>0x790</size>
         <input_file_ref idref="fl-18"/>
      </object_component>
      <object_component id="oc-a0">
         <name>.text</name>
         <load_address>0x898c</load_address>
         <run_address>0x898c</run_address>
         <size>0x6b6</size>
         <input_file_ref idref="fl-1a"/>
      </object_component>
      <object_component id="oc-78">
         <name>.text</name>
         <load_address>0x9042</load_address>
         <run_address>0x9042</run_address>
         <size>0x680</size>
         <input_file_ref idref="fl-13"/>
      </object_component>
      <object_component id="oc-9b">
         <name>.text</name>
         <load_address>0x96c2</load_address>
         <run_address>0x96c2</run_address>
         <size>0x61a</size>
         <input_file_ref idref="fl-19"/>
      </object_component>
      <object_component id="oc-166">
         <name>.text</name>
         <load_address>0x9cdc</load_address>
         <run_address>0x9cdc</run_address>
         <size>0x543</size>
         <input_file_ref idref="fl-5c"/>
      </object_component>
      <object_component id="oc-180">
         <name>.text</name>
         <load_address>0xa21f</load_address>
         <run_address>0xa21f</run_address>
         <size>0x528</size>
         <input_file_ref idref="fl-62"/>
      </object_component>
      <object_component id="oc-4c">
         <name>.text</name>
         <load_address>0xa747</load_address>
         <run_address>0xa747</run_address>
         <size>0x4c0</size>
         <input_file_ref idref="fl-c"/>
      </object_component>
      <object_component id="oc-1a1">
         <name>.text</name>
         <load_address>0xac07</load_address>
         <run_address>0xac07</run_address>
         <size>0x4b5</size>
         <input_file_ref idref="fl-69"/>
      </object_component>
      <object_component id="oc-1c">
         <name>.text</name>
         <load_address>0xb0bc</load_address>
         <run_address>0xb0bc</run_address>
         <size>0x3ec</size>
         <input_file_ref idref="fl-4"/>
      </object_component>
      <object_component id="oc-5f">
         <name>.text</name>
         <load_address>0xb4a8</load_address>
         <run_address>0xb4a8</run_address>
         <size>0x3db</size>
         <input_file_ref idref="fl-f"/>
      </object_component>
      <object_component id="oc-c9">
         <name>.text</name>
         <load_address>0xb883</load_address>
         <run_address>0xb883</run_address>
         <size>0x3cc</size>
         <input_file_ref idref="fl-37"/>
      </object_component>
      <object_component id="oc-47">
         <name>.text:retain</name>
         <load_address>0xbc4f</load_address>
         <run_address>0xbc4f</run_address>
         <size>0x38f</size>
         <input_file_ref idref="fl-b"/>
      </object_component>
      <object_component id="oc-29">
         <name>.text</name>
         <load_address>0xbfde</load_address>
         <run_address>0xbfde</run_address>
         <size>0x2fd</size>
         <input_file_ref idref="fl-6"/>
      </object_component>
      <object_component id="oc-19b">
         <name>.text</name>
         <load_address>0xc2db</load_address>
         <run_address>0xc2db</run_address>
         <size>0x27f</size>
         <input_file_ref idref="fl-68"/>
      </object_component>
      <object_component id="oc-162">
         <name>.text</name>
         <load_address>0xc55a</load_address>
         <run_address>0xc55a</run_address>
         <size>0x25e</size>
         <input_file_ref idref="fl-5b"/>
      </object_component>
      <object_component id="oc-137">
         <name>.text</name>
         <load_address>0xc7b8</load_address>
         <run_address>0xc7b8</run_address>
         <size>0x25a</size>
         <input_file_ref idref="fl-50"/>
      </object_component>
      <object_component id="oc-147">
         <name>.text</name>
         <load_address>0xca12</load_address>
         <run_address>0xca12</run_address>
         <size>0x1ea</size>
         <input_file_ref idref="fl-54"/>
      </object_component>
      <object_component id="oc-3f">
         <name>.text</name>
         <load_address>0xcbfc</load_address>
         <run_address>0xcbfc</run_address>
         <size>0x1bc</size>
         <input_file_ref idref="fl-a"/>
      </object_component>
      <object_component id="oc-b9">
         <name>.text</name>
         <load_address>0xcdb8</load_address>
         <run_address>0xcdb8</run_address>
         <size>0x1ab</size>
         <input_file_ref idref="fl-1f"/>
      </object_component>
      <object_component id="oc-53">
         <name>.text</name>
         <load_address>0xcf63</load_address>
         <run_address>0xcf63</run_address>
         <size>0x19e</size>
         <input_file_ref idref="fl-d"/>
      </object_component>
      <object_component id="oc-5a">
         <name>.text</name>
         <load_address>0xd101</load_address>
         <run_address>0xd101</run_address>
         <size>0x189</size>
         <input_file_ref idref="fl-e"/>
      </object_component>
      <object_component id="oc-155">
         <name>.text</name>
         <load_address>0xd28a</load_address>
         <run_address>0xd28a</run_address>
         <size>0x163</size>
         <input_file_ref idref="fl-58"/>
      </object_component>
      <object_component id="oc-10a">
         <name>.text</name>
         <load_address>0xd3ed</load_address>
         <run_address>0xd3ed</run_address>
         <size>0x14c</size>
         <input_file_ref idref="fl-46"/>
      </object_component>
      <object_component id="oc-15">
         <name>.text</name>
         <load_address>0xd539</load_address>
         <run_address>0xd539</run_address>
         <size>0x14a</size>
         <input_file_ref idref="fl-3"/>
      </object_component>
      <object_component id="oc-197">
         <name>.text</name>
         <load_address>0xd683</load_address>
         <run_address>0xd683</run_address>
         <size>0xe6</size>
         <input_file_ref idref="fl-67"/>
      </object_component>
      <object_component id="oc-18b">
         <name>.text</name>
         <load_address>0xd769</load_address>
         <run_address>0xd769</run_address>
         <size>0xdd</size>
         <input_file_ref idref="fl-64"/>
      </object_component>
      <object_component id="oc-18f">
         <name>.text</name>
         <load_address>0xd846</load_address>
         <run_address>0xd846</run_address>
         <size>0xc2</size>
         <input_file_ref idref="fl-65"/>
      </object_component>
      <object_component id="oc-188">
         <name>.text:CIO_breakpoint</name>
         <load_address>0xd908</load_address>
         <run_address>0xd908</run_address>
         <size>0xba</size>
         <input_file_ref idref="fl-63"/>
      </object_component>
      <object_component id="oc-14">
         <name>.text</name>
         <load_address>0xd9c2</load_address>
         <run_address>0xd9c2</run_address>
         <size>0xaa</size>
         <input_file_ref idref="fl-20"/>
      </object_component>
      <object_component id="oc-151">
         <name>.text</name>
         <load_address>0xda6c</load_address>
         <run_address>0xda6c</run_address>
         <size>0xa6</size>
         <input_file_ref idref="fl-57"/>
      </object_component>
      <object_component id="oc-d1">
         <name>.text</name>
         <load_address>0xdb12</load_address>
         <run_address>0xdb12</run_address>
         <size>0xa1</size>
         <input_file_ref idref="fl-39"/>
      </object_component>
      <object_component id="oc-16c">
         <name>.text</name>
         <load_address>0xdbb3</load_address>
         <run_address>0xdbb3</run_address>
         <size>0x7d</size>
         <input_file_ref idref="fl-5d"/>
      </object_component>
      <object_component id="oc-1a8">
         <name>.text</name>
         <load_address>0xdc30</load_address>
         <run_address>0xdc30</run_address>
         <size>0x7b</size>
         <input_file_ref idref="fl-6a"/>
      </object_component>
      <object_component id="oc-88">
         <name>.text</name>
         <load_address>0xdcab</load_address>
         <run_address>0xdcab</run_address>
         <size>0x79</size>
         <input_file_ref idref="fl-16"/>
      </object_component>
      <object_component id="oc-e8">
         <name>.text</name>
         <load_address>0xdd24</load_address>
         <run_address>0xdd24</run_address>
         <size>0x77</size>
         <input_file_ref idref="fl-3e"/>
      </object_component>
      <object_component id="oc-15a">
         <name>.text</name>
         <load_address>0xdd9b</load_address>
         <run_address>0xdd9b</run_address>
         <size>0x76</size>
         <input_file_ref idref="fl-59"/>
      </object_component>
      <object_component id="oc-fe">
         <name>.text</name>
         <load_address>0xde11</load_address>
         <run_address>0xde11</run_address>
         <size>0x73</size>
         <input_file_ref idref="fl-43"/>
      </object_component>
      <object_component id="oc-112">
         <name>.text</name>
         <load_address>0xde84</load_address>
         <run_address>0xde84</run_address>
         <size>0x72</size>
         <input_file_ref idref="fl-48"/>
      </object_component>
      <object_component id="oc-e0">
         <name>.text</name>
         <load_address>0xdef6</load_address>
         <run_address>0xdef6</run_address>
         <size>0x6f</size>
         <input_file_ref idref="fl-3c"/>
      </object_component>
      <object_component id="oc-185">
         <name>.text</name>
         <load_address>0xdf65</load_address>
         <run_address>0xdf65</run_address>
         <size>0x6d</size>
         <input_file_ref idref="fl-63"/>
      </object_component>
      <object_component id="oc-193">
         <name>.text</name>
         <load_address>0xdfd2</load_address>
         <run_address>0xdfd2</run_address>
         <size>0x6b</size>
         <input_file_ref idref="fl-66"/>
      </object_component>
      <object_component id="oc-f0">
         <name>.text</name>
         <load_address>0xe03d</load_address>
         <run_address>0xe03d</run_address>
         <size>0x67</size>
         <input_file_ref idref="fl-40"/>
      </object_component>
      <object_component id="oc-a5">
         <name>.text</name>
         <load_address>0xe0a4</load_address>
         <run_address>0xe0a4</run_address>
         <size>0x5e</size>
         <input_file_ref idref="fl-1b"/>
      </object_component>
      <object_component id="oc-13f">
         <name>.text</name>
         <load_address>0xe102</load_address>
         <run_address>0xe102</run_address>
         <size>0x5c</size>
         <input_file_ref idref="fl-52"/>
      </object_component>
      <object_component id="oc-f9">
         <name>.text</name>
         <load_address>0xe15e</load_address>
         <run_address>0xe15e</run_address>
         <size>0x5b</size>
         <input_file_ref idref="fl-42"/>
      </object_component>
      <object_component id="oc-83">
         <name>.text</name>
         <load_address>0xe1b9</load_address>
         <run_address>0xe1b9</run_address>
         <size>0x54</size>
         <input_file_ref idref="fl-15"/>
      </object_component>
      <object_component id="oc-10e">
         <name>.text</name>
         <load_address>0xe20d</load_address>
         <run_address>0xe20d</run_address>
         <size>0x50</size>
         <input_file_ref idref="fl-47"/>
      </object_component>
      <object_component id="oc-143">
         <name>.text</name>
         <load_address>0xe25d</load_address>
         <run_address>0xe25d</run_address>
         <size>0x4d</size>
         <input_file_ref idref="fl-53"/>
      </object_component>
      <object_component id="oc-13b">
         <name>.text</name>
         <load_address>0xe2aa</load_address>
         <run_address>0xe2aa</run_address>
         <size>0x4b</size>
         <input_file_ref idref="fl-51"/>
      </object_component>
      <object_component id="oc-17c">
         <name>.text</name>
         <load_address>0xe2f5</load_address>
         <run_address>0xe2f5</run_address>
         <size>0x4b</size>
         <input_file_ref idref="fl-61"/>
      </object_component>
      <object_component id="oc-aa">
         <name>.text</name>
         <load_address>0xe340</load_address>
         <run_address>0xe340</run_address>
         <size>0x48</size>
         <input_file_ref idref="fl-1c"/>
      </object_component>
      <object_component id="oc-cd">
         <name>.text</name>
         <load_address>0xe388</load_address>
         <run_address>0xe388</run_address>
         <size>0x48</size>
         <input_file_ref idref="fl-38"/>
      </object_component>
      <object_component id="oc-174">
         <name>.text</name>
         <load_address>0xe3d0</load_address>
         <run_address>0xe3d0</run_address>
         <size>0x3f</size>
         <input_file_ref idref="fl-5f"/>
      </object_component>
      <object_component id="oc-d5">
         <name>.text</name>
         <load_address>0xe40f</load_address>
         <run_address>0xe40f</run_address>
         <size>0x3e</size>
         <input_file_ref idref="fl-3a"/>
      </object_component>
      <object_component id="oc-3b">
         <name>.text</name>
         <load_address>0xe44d</load_address>
         <run_address>0xe44d</run_address>
         <size>0x3a</size>
         <input_file_ref idref="fl-9"/>
      </object_component>
      <object_component id="oc-af">
         <name>.text</name>
         <load_address>0xe487</load_address>
         <run_address>0xe487</run_address>
         <size>0x3a</size>
         <input_file_ref idref="fl-1d"/>
      </object_component>
      <object_component id="oc-c4">
         <name>.text</name>
         <load_address>0xe4c1</load_address>
         <run_address>0xe4c1</run_address>
         <size>0x34</size>
         <input_file_ref idref="fl-36"/>
      </object_component>
      <object_component id="oc-b4">
         <name>.text</name>
         <load_address>0xe4f5</load_address>
         <run_address>0xe4f5</run_address>
         <size>0x33</size>
         <input_file_ref idref="fl-1e"/>
      </object_component>
      <object_component id="oc-dc">
         <name>.text</name>
         <load_address>0xe528</load_address>
         <run_address>0xe528</run_address>
         <size>0x2a</size>
         <input_file_ref idref="fl-3b"/>
      </object_component>
      <object_component id="oc-122">
         <name>.text</name>
         <load_address>0xe552</load_address>
         <run_address>0xe552</run_address>
         <size>0x2a</size>
         <input_file_ref idref="fl-4c"/>
      </object_component>
      <object_component id="oc-170">
         <name>.text</name>
         <load_address>0xe57c</load_address>
         <run_address>0xe57c</run_address>
         <size>0x23</size>
         <input_file_ref idref="fl-5e"/>
      </object_component>
      <object_component id="oc-e4">
         <name>.text</name>
         <load_address>0xe59f</load_address>
         <run_address>0xe59f</run_address>
         <size>0x1b</size>
         <input_file_ref idref="fl-3d"/>
      </object_component>
      <object_component id="oc-15e">
         <name>.text</name>
         <load_address>0xe5ba</load_address>
         <run_address>0xe5ba</run_address>
         <size>0x1a</size>
         <input_file_ref idref="fl-5a"/>
      </object_component>
      <object_component id="oc-116">
         <name>.text</name>
         <load_address>0xe5d4</load_address>
         <run_address>0xe5d4</run_address>
         <size>0x14</size>
         <input_file_ref idref="fl-49"/>
      </object_component>
      <object_component id="oc-11e">
         <name>.text</name>
         <load_address>0xe5e8</load_address>
         <run_address>0xe5e8</run_address>
         <size>0x14</size>
         <input_file_ref idref="fl-4b"/>
      </object_component>
      <object_component id="oc-102">
         <name>.text</name>
         <load_address>0xe5fc</load_address>
         <run_address>0xe5fc</run_address>
         <size>0x13</size>
         <input_file_ref idref="fl-44"/>
      </object_component>
      <object_component id="oc-12b">
         <name>.text</name>
         <load_address>0xe60f</load_address>
         <run_address>0xe60f</run_address>
         <size>0x12</size>
         <input_file_ref idref="fl-4e"/>
      </object_component>
      <object_component id="oc-106">
         <name>.text</name>
         <load_address>0xe621</load_address>
         <run_address>0xe621</run_address>
         <size>0x11</size>
         <input_file_ref idref="fl-45"/>
      </object_component>
      <object_component id="oc-11a">
         <name>.text</name>
         <load_address>0xe632</load_address>
         <run_address>0xe632</run_address>
         <size>0x11</size>
         <input_file_ref idref="fl-4a"/>
      </object_component>
      <object_component id="oc-178">
         <name>.text</name>
         <load_address>0xe643</load_address>
         <run_address>0xe643</run_address>
         <size>0x10</size>
         <input_file_ref idref="fl-60"/>
      </object_component>
      <object_component id="oc-f5">
         <name>.text</name>
         <load_address>0xe653</load_address>
         <run_address>0xe653</run_address>
         <size>0xe</size>
         <input_file_ref idref="fl-41"/>
      </object_component>
      <object_component id="oc-ec">
         <name>.text</name>
         <load_address>0xe661</load_address>
         <run_address>0xe661</run_address>
         <size>0xc</size>
         <input_file_ref idref="fl-3f"/>
      </object_component>
      <object_component id="oc-1ac">
         <name>.text</name>
         <load_address>0xe66d</load_address>
         <run_address>0xe66d</run_address>
         <size>0xa</size>
         <input_file_ref idref="fl-6b"/>
      </object_component>
      <object_component id="oc-d9">
         <name>.text:CIO_breakpoint</name>
         <load_address>0xe677</load_address>
         <run_address>0xe677</run_address>
         <size>0x7</size>
         <input_file_ref idref="fl-3a"/>
      </object_component>
      <object_component id="oc-126">
         <name>.text</name>
         <load_address>0xe67e</load_address>
         <run_address>0xe67e</run_address>
         <size>0x2</size>
         <input_file_ref idref="fl-4d"/>
      </object_component>
      <object_component id="oc-1bb">
         <name>.switch:_PSP_uartIoctl</name>
         <load_address>0x16918</load_address>
         <run_address>0x16918</run_address>
         <size>0x3c</size>
         <input_file_ref idref="fl-10"/>
      </object_component>
      <object_component id="oc-1b1">
         <name>.switch:_ECG_LCDPlotCurrSample</name>
         <load_address>0x16954</load_address>
         <run_address>0x16954</run_address>
         <size>0x30</size>
         <input_file_ref idref="fl-5"/>
      </object_component>
      <object_component id="oc-1b3">
         <name>.switch:_ECG_LCD_LeadDisplay</name>
         <load_address>0x16984</load_address>
         <run_address>0x16984</run_address>
         <size>0x30</size>
         <input_file_ref idref="fl-7"/>
      </object_component>
      <object_component id="oc-1bc">
         <name>.switch:__DDC_uartControl</name>
         <load_address>0x169b4</load_address>
         <run_address>0x169b4</run_address>
         <size>0x28</size>
         <input_file_ref idref="fl-14"/>
      </object_component>
      <object_component id="oc-22">
         <name>.bss</name>
         <load_address>0x10000</load_address>
         <run_address>0x10000</run_address>
         <size>0x345c</size>
         <input_file_ref idref="fl-5"/>
      </object_component>
      <object_component id="oc-66">
         <name>.bss</name>
         <load_address>0x1345c</load_address>
         <run_address>0x1345c</run_address>
         <size>0x90c</size>
         <input_file_ref idref="fl-10"/>
      </object_component>
      <object_component id="oc-44">
         <name>.bss</name>
         <load_address>0x13d68</load_address>
         <run_address>0x13d68</run_address>
         <size>0x744</size>
         <input_file_ref idref="fl-b"/>
      </object_component>
      <object_component id="oc-8e">
         <name>.bss</name>
         <load_address>0x144ac</load_address>
         <run_address>0x144ac</run_address>
         <size>0x5b4</size>
         <input_file_ref idref="fl-17"/>
      </object_component>
      <object_component id="oc-2f">
         <name>.bss</name>
         <load_address>0x14a60</load_address>
         <run_address>0x14a60</run_address>
         <size>0x2ea</size>
         <input_file_ref idref="fl-7"/>
      </object_component>
      <object_component id="oc-37">
         <name>.bss</name>
         <load_address>0x14d4a</load_address>
         <run_address>0x14d4a</run_address>
         <size>0x2be</size>
         <input_file_ref idref="fl-8"/>
      </object_component>
      <object_component id="oc-72">
         <name>.bss</name>
         <load_address>0x15008</load_address>
         <run_address>0x15008</run_address>
         <size>0x298</size>
         <input_file_ref idref="fl-12"/>
      </object_component>
      <object_component id="oc-14d">
         <name>.bss</name>
         <load_address>0x152a0</load_address>
         <run_address>0x152a0</run_address>
         <size>0x232</size>
         <input_file_ref idref="fl-56"/>
      </object_component>
      <object_component id="oc-181">
         <name>.bss</name>
         <load_address>0x154d2</load_address>
         <run_address>0x154d2</run_address>
         <size>0x1a0</size>
         <input_file_ref idref="fl-62"/>
      </object_component>
      <object_component id="oc-96">
         <name>.bss</name>
         <load_address>0x15672</load_address>
         <run_address>0x15672</run_address>
         <size>0x2</size>
         <input_file_ref idref="fl-18"/>
      </object_component>
      <object_component id="oc-167">
         <name>.bss</name>
         <load_address>0x15674</load_address>
         <run_address>0x15674</run_address>
         <size>0xe2</size>
         <input_file_ref idref="fl-5c"/>
      </object_component>
      <object_component id="oc-19c">
         <name>.bss</name>
         <load_address>0x15756</load_address>
         <run_address>0x15756</run_address>
         <size>0x2</size>
         <input_file_ref idref="fl-68"/>
      </object_component>
      <object_component id="oc-4d">
         <name>.bss</name>
         <load_address>0x15758</load_address>
         <run_address>0x15758</run_address>
         <size>0xc4</size>
         <input_file_ref idref="fl-c"/>
      </object_component>
      <object_component id="oc-16">
         <name>.bss</name>
         <load_address>0x1581c</load_address>
         <run_address>0x1581c</run_address>
         <size>0x70</size>
         <input_file_ref idref="fl-3"/>
      </object_component>
      <object_component id="oc-79">
         <name>.bss</name>
         <load_address>0x1588c</load_address>
         <run_address>0x1588c</run_address>
         <size>0x24</size>
         <input_file_ref idref="fl-13"/>
      </object_component>
      <object_component id="oc-6d">
         <name>.bss</name>
         <load_address>0x158b0</load_address>
         <run_address>0x158b0</run_address>
         <size>0x20</size>
         <input_file_ref idref="fl-11"/>
      </object_component>
      <object_component id="oc-60">
         <name>.bss</name>
         <load_address>0x158d0</load_address>
         <run_address>0x158d0</run_address>
         <size>0xc</size>
         <input_file_ref idref="fl-f"/>
      </object_component>
      <object_component id="oc-1a2">
         <name>.bss</name>
         <load_address>0x158dc</load_address>
         <run_address>0x158dc</run_address>
         <size>0xc</size>
         <input_file_ref idref="fl-69"/>
      </object_component>
      <object_component id="oc-12c">
         <name>.bss</name>
         <load_address>0x158e8</load_address>
         <run_address>0x158e8</run_address>
         <size>0x8</size>
         <input_file_ref idref="fl-4e"/>
      </object_component>
      <object_component id="oc-d6">
         <name>.bss</name>
         <load_address>0x158f0</load_address>
         <run_address>0x158f0</run_address>
         <size>0x8</size>
         <input_file_ref idref="fl-3a"/>
      </object_component>
      <object_component id="oc-54">
         <name>.bss</name>
         <load_address>0x158f8</load_address>
         <run_address>0x158f8</run_address>
         <size>0x4</size>
         <input_file_ref idref="fl-d"/>
      </object_component>
      <object_component id="oc-ba">
         <name>.bss</name>
         <load_address>0x158fc</load_address>
         <run_address>0x158fc</run_address>
         <size>0x2</size>
         <input_file_ref idref="fl-1f"/>
      </object_component>
      <object_component id="oc-90">
         <name>.cinit</name>
         <load_address>0x158fe</load_address>
         <run_address>0x158fe</run_address>
         <size>0x5b6</size>
         <input_file_ref idref="fl-17"/>
      </object_component>
      <object_component id="oc-39">
         <name>.cinit</name>
         <load_address>0x15eb4</load_address>
         <run_address>0x15eb4</run_address>
         <size>0x2c4</size>
         <input_file_ref idref="fl-8"/>
      </object_component>
      <object_component id="oc-31">
         <name>.cinit</name>
         <load_address>0x16178</load_address>
         <run_address>0x16178</run_address>
         <size>0x2ac</size>
         <input_file_ref idref="fl-7"/>
      </object_component>
      <object_component id="oc-24">
         <name>.cinit</name>
         <load_address>0x16424</load_address>
         <run_address>0x16424</run_address>
         <size>0x164</size>
         <input_file_ref idref="fl-5"/>
      </object_component>
      <object_component id="oc-4f">
         <name>.cinit</name>
         <load_address>0x16588</load_address>
         <run_address>0x16588</run_address>
         <size>0xca</size>
         <input_file_ref idref="fl-c"/>
      </object_component>
      <object_component id="oc-74">
         <name>.cinit</name>
         <load_address>0x16652</load_address>
         <run_address>0x16652</run_address>
         <size>0x94</size>
         <input_file_ref idref="fl-12"/>
      </object_component>
      <object_component id="oc-46">
         <name>.cinit</name>
         <load_address>0x166e6</load_address>
         <run_address>0x166e6</run_address>
         <size>0x92</size>
         <input_file_ref idref="fl-b"/>
      </object_component>
      <object_component id="oc-18">
         <name>.cinit</name>
         <load_address>0x16778</load_address>
         <run_address>0x16778</run_address>
         <size>0x72</size>
         <input_file_ref idref="fl-3"/>
      </object_component>
      <object_component id="oc-169">
         <name>.cinit</name>
         <load_address>0x167ea</load_address>
         <run_address>0x167ea</run_address>
         <size>0x5a</size>
         <input_file_ref idref="fl-5c"/>
      </object_component>
      <object_component id="oc-14f">
         <name>.cinit</name>
         <load_address>0x16844</load_address>
         <run_address>0x16844</run_address>
         <size>0x54</size>
         <input_file_ref idref="fl-56"/>
      </object_component>
      <object_component id="oc-6f">
         <name>.cinit</name>
         <load_address>0x16898</load_address>
         <run_address>0x16898</run_address>
         <size>0x2c</size>
         <input_file_ref idref="fl-11"/>
      </object_component>
      <object_component id="oc-12e">
         <name>.cinit</name>
         <load_address>0x168c4</load_address>
         <run_address>0x168c4</run_address>
         <size>0x14</size>
         <input_file_ref idref="fl-4e"/>
      </object_component>
      <object_component id="oc-d8">
         <name>.cinit</name>
         <load_address>0x168d8</load_address>
         <run_address>0x168d8</run_address>
         <size>0x14</size>
         <input_file_ref idref="fl-3a"/>
      </object_component>
      <object_component id="oc-56">
         <name>.cinit</name>
         <load_address>0x168ec</load_address>
         <run_address>0x168ec</run_address>
         <size>0xa</size>
         <input_file_ref idref="fl-d"/>
      </object_component>
      <object_component id="oc-68">
         <name>.cinit</name>
         <load_address>0x168f6</load_address>
         <run_address>0x168f6</run_address>
         <size>0x8</size>
         <input_file_ref idref="fl-10"/>
      </object_component>
      <object_component id="oc-19e">
         <name>.cinit</name>
         <load_address>0x168fe</load_address>
         <run_address>0x168fe</run_address>
         <size>0x8</size>
         <input_file_ref idref="fl-68"/>
      </object_component>
      <object_component id="oc-1a4">
         <name>.cinit</name>
         <load_address>0x16906</load_address>
         <run_address>0x16906</run_address>
         <size>0x8</size>
         <input_file_ref idref="fl-69"/>
      </object_component>
      <object_component id="oc-bc">
         <name>.cinit</name>
         <load_address>0x1690e</load_address>
         <run_address>0x1690e</run_address>
         <size>0x8</size>
         <input_file_ref idref="fl-1f"/>
      </object_component>
      <object_component id="oc-1bf">
         <name>.const:__ctypes_</name>
         <load_address>0xe684</load_address>
         <run_address>0xe684</run_address>
         <size>0x202</size>
         <input_file_ref idref="fl-55"/>
      </object_component>
      <object_component id="oc-1b4">
         <name>.const:_$P$T1$28</name>
         <load_address>0xe886</load_address>
         <run_address>0xe886</run_address>
         <size>0x192</size>
         <input_file_ref idref="fl-7"/>
      </object_component>
      <object_component id="oc-33">
         <name>.const:.string</name>
         <load_address>0xea18</load_address>
         <run_address>0xea18</run_address>
         <size>0xc4</size>
         <input_file_ref idref="fl-7"/>
      </object_component>
      <object_component id="oc-134">
         <name>.const:.string</name>
         <load_address>0xeadc</load_address>
         <run_address>0xeadc</run_address>
         <size>0x48</size>
         <input_file_ref idref="fl-4f"/>
      </object_component>
      <object_component id="oc-69">
         <name>.const:.string</name>
         <load_address>0xeb24</load_address>
         <run_address>0xeb24</run_address>
         <size>0x46</size>
         <input_file_ref idref="fl-10"/>
      </object_component>
      <object_component id="oc-91">
         <name>.const:.string</name>
         <load_address>0xeb6c</load_address>
         <run_address>0xeb6c</run_address>
         <size>0x2c</size>
         <input_file_ref idref="fl-17"/>
      </object_component>
      <object_component id="oc-1b8">
         <name>.const:_$P$T0$1</name>
         <load_address>0xeb98</load_address>
         <run_address>0xeb98</run_address>
         <size>0x28</size>
         <input_file_ref idref="fl-10"/>
      </object_component>
      <object_component id="oc-133">
         <name>.const</name>
         <load_address>0xebc0</load_address>
         <run_address>0xebc0</run_address>
         <size>0x18</size>
         <input_file_ref idref="fl-4f"/>
      </object_component>
      <object_component id="oc-25">
         <name>.const</name>
         <load_address>0xebd8</load_address>
         <run_address>0xebd8</run_address>
         <size>0x14</size>
         <input_file_ref idref="fl-5"/>
      </object_component>
      <object_component id="oc-1b5">
         <name>.const:_$P$T2$29</name>
         <load_address>0xebec</load_address>
         <run_address>0xebec</run_address>
         <size>0x14</size>
         <input_file_ref idref="fl-7"/>
      </object_component>
      <object_component id="oc-1b6">
         <name>.const:_$P$T3$40</name>
         <load_address>0xec00</load_address>
         <run_address>0xec00</run_address>
         <size>0x10</size>
         <input_file_ref idref="fl-7"/>
      </object_component>
      <object_component id="oc-1b7">
         <name>.const:_$P$T4$41</name>
         <load_address>0xec10</load_address>
         <run_address>0xec10</run_address>
         <size>0x10</size>
         <input_file_ref idref="fl-7"/>
      </object_component>
      <object_component id="oc-1be">
         <name>.const:_initial_approx$1</name>
         <load_address>0xec20</load_address>
         <run_address>0xec20</run_address>
         <size>0x10</size>
         <input_file_ref idref="fl-37"/>
      </object_component>
      <object_component id="oc-1b0">
         <name>.const:_$P$T0$5</name>
         <load_address>0xec30</load_address>
         <run_address>0xec30</run_address>
         <size>0xa</size>
         <input_file_ref idref="fl-5"/>
      </object_component>
      <object_component id="oc-1b2">
         <name>.const:_$P$T0$9</name>
         <load_address>0xec3a</load_address>
         <run_address>0xec3a</run_address>
         <size>0x8</size>
         <input_file_ref idref="fl-7"/>
      </object_component>
      <object_component id="oc-1ba">
         <name>.const:_$P$T2$4</name>
         <load_address>0xec44</load_address>
         <run_address>0xec44</run_address>
         <size>0x8</size>
         <input_file_ref idref="fl-10"/>
      </object_component>
      <object_component id="oc-157">
         <name>.const:.string</name>
         <load_address>0xec4c</load_address>
         <run_address>0xec4c</run_address>
         <size>0x4</size>
         <input_file_ref idref="fl-58"/>
      </object_component>
      <object_component id="oc-32">
         <name>.const</name>
         <load_address>0xec50</load_address>
         <run_address>0xec50</run_address>
         <size>0x4</size>
         <input_file_ref idref="fl-7"/>
      </object_component>
      <object_component id="oc-48">
         <name>.const</name>
         <load_address>0xec54</load_address>
         <run_address>0xec54</run_address>
         <size>0x4</size>
         <input_file_ref idref="fl-b"/>
      </object_component>
      <object_component id="oc-1b9">
         <name>.const:_$P$T1$3</name>
         <load_address>0xec58</load_address>
         <run_address>0xec58</run_address>
         <size>0x4</size>
         <input_file_ref idref="fl-10"/>
      </object_component>
      <object_component id="oc-f2">
         <name>.const</name>
         <load_address>0xec5c</load_address>
         <run_address>0xec5c</run_address>
         <size>0x4</size>
         <input_file_ref idref="fl-40"/>
      </object_component>
      <object_component id="oc-fb">
         <name>.const</name>
         <load_address>0xec60</load_address>
         <run_address>0xec60</run_address>
         <size>0x4</size>
         <input_file_ref idref="fl-42"/>
      </object_component>
      <object_component id="oc-187">
         <name>.cio</name>
         <uninitialized>true</uninitialized>
         <run_address>0xec68</run_address>
         <size>0x240</size>
         <input_file_ref idref="fl-63"/>
      </object_component>
      <object_component id="oc-17">
         <name>.debug_info</name>
         <load_address>0x0</load_address>
         <run_address>0x0</run_address>
         <size>0x81a</size>
         <input_file_ref idref="fl-3"/>
      </object_component>
      <object_component id="oc-1d">
         <name>.debug_info</name>
         <load_address>0x81a</load_address>
         <run_address>0x81a</run_address>
         <size>0xaf9</size>
         <input_file_ref idref="fl-4"/>
      </object_component>
      <object_component id="oc-23">
         <name>.debug_info</name>
         <load_address>0x1313</load_address>
         <run_address>0x1313</run_address>
         <size>0x2937</size>
         <input_file_ref idref="fl-5"/>
      </object_component>
      <object_component id="oc-2a">
         <name>.debug_info</name>
         <load_address>0x3c4a</load_address>
         <run_address>0x3c4a</run_address>
         <size>0x1b99</size>
         <input_file_ref idref="fl-6"/>
      </object_component>
      <object_component id="oc-30">
         <name>.debug_info</name>
         <load_address>0x57e3</load_address>
         <run_address>0x57e3</run_address>
         <size>0x3482</size>
         <input_file_ref idref="fl-7"/>
      </object_component>
      <object_component id="oc-38">
         <name>.debug_info</name>
         <load_address>0x8c65</load_address>
         <run_address>0x8c65</run_address>
         <size>0x4c9</size>
         <input_file_ref idref="fl-8"/>
      </object_component>
      <object_component id="oc-3c">
         <name>.debug_info</name>
         <load_address>0x912e</load_address>
         <run_address>0x912e</run_address>
         <size>0xde</size>
         <input_file_ref idref="fl-9"/>
      </object_component>
      <object_component id="oc-40">
         <name>.debug_info</name>
         <load_address>0x920c</load_address>
         <run_address>0x920c</run_address>
         <size>0x102f</size>
         <input_file_ref idref="fl-a"/>
      </object_component>
      <object_component id="oc-45">
         <name>.debug_info</name>
         <load_address>0xa23b</load_address>
         <run_address>0xa23b</run_address>
         <size>0xee2</size>
         <input_file_ref idref="fl-b"/>
      </object_component>
      <object_component id="oc-4e">
         <name>.debug_info</name>
         <load_address>0xb11d</load_address>
         <run_address>0xb11d</run_address>
         <size>0x19fd</size>
         <input_file_ref idref="fl-c"/>
      </object_component>
      <object_component id="oc-55">
         <name>.debug_info</name>
         <load_address>0xcb1a</load_address>
         <run_address>0xcb1a</run_address>
         <size>0x92e</size>
         <input_file_ref idref="fl-d"/>
      </object_component>
      <object_component id="oc-5b">
         <name>.debug_info</name>
         <load_address>0xd448</load_address>
         <run_address>0xd448</run_address>
         <size>0x17a6</size>
         <input_file_ref idref="fl-e"/>
      </object_component>
      <object_component id="oc-61">
         <name>.debug_info</name>
         <load_address>0xebee</load_address>
         <run_address>0xebee</run_address>
         <size>0x1e85</size>
         <input_file_ref idref="fl-f"/>
      </object_component>
      <object_component id="oc-67">
         <name>.debug_info</name>
         <load_address>0x10a73</load_address>
         <run_address>0x10a73</run_address>
         <size>0x3ea6</size>
         <input_file_ref idref="fl-10"/>
      </object_component>
      <object_component id="oc-6e">
         <name>.debug_info</name>
         <load_address>0x14919</load_address>
         <run_address>0x14919</run_address>
         <size>0x905</size>
         <input_file_ref idref="fl-11"/>
      </object_component>
      <object_component id="oc-73">
         <name>.debug_info</name>
         <load_address>0x1521e</load_address>
         <run_address>0x1521e</run_address>
         <size>0x2dd4</size>
         <input_file_ref idref="fl-12"/>
      </object_component>
      <object_component id="oc-7a">
         <name>.debug_info</name>
         <load_address>0x17ff2</load_address>
         <run_address>0x17ff2</run_address>
         <size>0x21e4</size>
         <input_file_ref idref="fl-13"/>
      </object_component>
      <object_component id="oc-7f">
         <name>.debug_info</name>
         <load_address>0x1a1d6</load_address>
         <run_address>0x1a1d6</run_address>
         <size>0x4590</size>
         <input_file_ref idref="fl-14"/>
      </object_component>
      <object_component id="oc-84">
         <name>.debug_info</name>
         <load_address>0x1e766</load_address>
         <run_address>0x1e766</run_address>
         <size>0x653</size>
         <input_file_ref idref="fl-15"/>
      </object_component>
      <object_component id="oc-89">
         <name>.debug_info</name>
         <load_address>0x1edb9</load_address>
         <run_address>0x1edb9</run_address>
         <size>0x62b</size>
         <input_file_ref idref="fl-16"/>
      </object_component>
      <object_component id="oc-8f">
         <name>.debug_info</name>
         <load_address>0x1f3e4</load_address>
         <run_address>0x1f3e4</run_address>
         <size>0x2069</size>
         <input_file_ref idref="fl-17"/>
      </object_component>
      <object_component id="oc-97">
         <name>.debug_info</name>
         <load_address>0x2144d</load_address>
         <run_address>0x2144d</run_address>
         <size>0x2a18</size>
         <input_file_ref idref="fl-18"/>
      </object_component>
      <object_component id="oc-9c">
         <name>.debug_info</name>
         <load_address>0x23e65</load_address>
         <run_address>0x23e65</run_address>
         <size>0x21d6</size>
         <input_file_ref idref="fl-19"/>
      </object_component>
      <object_component id="oc-a1">
         <name>.debug_info</name>
         <load_address>0x2603b</load_address>
         <run_address>0x2603b</run_address>
         <size>0x1adf</size>
         <input_file_ref idref="fl-1a"/>
      </object_component>
      <object_component id="oc-a6">
         <name>.debug_info</name>
         <load_address>0x27b1a</load_address>
         <run_address>0x27b1a</run_address>
         <size>0x985</size>
         <input_file_ref idref="fl-1b"/>
      </object_component>
      <object_component id="oc-ab">
         <name>.debug_info</name>
         <load_address>0x2849f</load_address>
         <run_address>0x2849f</run_address>
         <size>0x626</size>
         <input_file_ref idref="fl-1c"/>
      </object_component>
      <object_component id="oc-b0">
         <name>.debug_info</name>
         <load_address>0x28ac5</load_address>
         <run_address>0x28ac5</run_address>
         <size>0x610</size>
         <input_file_ref idref="fl-1d"/>
      </object_component>
      <object_component id="oc-b5">
         <name>.debug_info</name>
         <load_address>0x290d5</load_address>
         <run_address>0x290d5</run_address>
         <size>0x51c</size>
         <input_file_ref idref="fl-1e"/>
      </object_component>
      <object_component id="oc-bb">
         <name>.debug_info</name>
         <load_address>0x295f1</load_address>
         <run_address>0x295f1</run_address>
         <size>0xb16</size>
         <input_file_ref idref="fl-1f"/>
      </object_component>
      <object_component id="oc-c1">
         <name>.debug_info</name>
         <load_address>0x2a107</load_address>
         <run_address>0x2a107</run_address>
         <size>0xf1</size>
         <input_file_ref idref="fl-20"/>
      </object_component>
      <object_component id="oc-c6">
         <name>.debug_info</name>
         <load_address>0x2a1f8</load_address>
         <run_address>0x2a1f8</run_address>
         <size>0xe8</size>
         <input_file_ref idref="fl-36"/>
      </object_component>
      <object_component id="oc-ca">
         <name>.debug_info</name>
         <load_address>0x2a2e0</load_address>
         <run_address>0x2a2e0</run_address>
         <size>0x7e8</size>
         <input_file_ref idref="fl-37"/>
      </object_component>
      <object_component id="oc-ce">
         <name>.debug_info</name>
         <load_address>0x2aac8</load_address>
         <run_address>0x2aac8</run_address>
         <size>0x4f2</size>
         <input_file_ref idref="fl-38"/>
      </object_component>
      <object_component id="oc-d2">
         <name>.debug_info</name>
         <load_address>0x2afba</load_address>
         <run_address>0x2afba</run_address>
         <size>0x534</size>
         <input_file_ref idref="fl-39"/>
      </object_component>
      <object_component id="oc-d7">
         <name>.debug_info</name>
         <load_address>0x2b4ee</load_address>
         <run_address>0x2b4ee</run_address>
         <size>0x5fb</size>
         <input_file_ref idref="fl-3a"/>
      </object_component>
      <object_component id="oc-dd">
         <name>.debug_info</name>
         <load_address>0x2bae9</load_address>
         <run_address>0x2bae9</run_address>
         <size>0x4cf</size>
         <input_file_ref idref="fl-3b"/>
      </object_component>
      <object_component id="oc-e1">
         <name>.debug_info</name>
         <load_address>0x2bfb8</load_address>
         <run_address>0x2bfb8</run_address>
         <size>0x534</size>
         <input_file_ref idref="fl-3c"/>
      </object_component>
      <object_component id="oc-e5">
         <name>.debug_info</name>
         <load_address>0x2c4ec</load_address>
         <run_address>0x2c4ec</run_address>
         <size>0x4cf</size>
         <input_file_ref idref="fl-3d"/>
      </object_component>
      <object_component id="oc-e9">
         <name>.debug_info</name>
         <load_address>0x2c9bb</load_address>
         <run_address>0x2c9bb</run_address>
         <size>0x534</size>
         <input_file_ref idref="fl-3e"/>
      </object_component>
      <object_component id="oc-ed">
         <name>.debug_info</name>
         <load_address>0x2ceef</load_address>
         <run_address>0x2ceef</run_address>
         <size>0x4cf</size>
         <input_file_ref idref="fl-3f"/>
      </object_component>
      <object_component id="oc-f1">
         <name>.debug_info</name>
         <load_address>0x2d3be</load_address>
         <run_address>0x2d3be</run_address>
         <size>0x549</size>
         <input_file_ref idref="fl-40"/>
      </object_component>
      <object_component id="oc-f6">
         <name>.debug_info</name>
         <load_address>0x2d907</load_address>
         <run_address>0x2d907</run_address>
         <size>0x4cf</size>
         <input_file_ref idref="fl-41"/>
      </object_component>
      <object_component id="oc-fa">
         <name>.debug_info</name>
         <load_address>0x2ddd6</load_address>
         <run_address>0x2ddd6</run_address>
         <size>0x549</size>
         <input_file_ref idref="fl-42"/>
      </object_component>
      <object_component id="oc-ff">
         <name>.debug_info</name>
         <load_address>0x2e31f</load_address>
         <run_address>0x2e31f</run_address>
         <size>0x53e</size>
         <input_file_ref idref="fl-43"/>
      </object_component>
      <object_component id="oc-103">
         <name>.debug_info</name>
         <load_address>0x2e85d</load_address>
         <run_address>0x2e85d</run_address>
         <size>0xbd</size>
         <input_file_ref idref="fl-44"/>
      </object_component>
      <object_component id="oc-107">
         <name>.debug_info</name>
         <load_address>0x2e91a</load_address>
         <run_address>0x2e91a</run_address>
         <size>0x59d</size>
         <input_file_ref idref="fl-45"/>
      </object_component>
      <object_component id="oc-10b">
         <name>.debug_info</name>
         <load_address>0x2eeb7</load_address>
         <run_address>0x2eeb7</run_address>
         <size>0x55b</size>
         <input_file_ref idref="fl-46"/>
      </object_component>
      <object_component id="oc-10f">
         <name>.debug_info</name>
         <load_address>0x2f412</load_address>
         <run_address>0x2f412</run_address>
         <size>0x76c</size>
         <input_file_ref idref="fl-47"/>
      </object_component>
      <object_component id="oc-113">
         <name>.debug_info</name>
         <load_address>0x2fb7e</load_address>
         <run_address>0x2fb7e</run_address>
         <size>0x534</size>
         <input_file_ref idref="fl-48"/>
      </object_component>
      <object_component id="oc-117">
         <name>.debug_info</name>
         <load_address>0x300b2</load_address>
         <run_address>0x300b2</run_address>
         <size>0x58e</size>
         <input_file_ref idref="fl-49"/>
      </object_component>
      <object_component id="oc-11b">
         <name>.debug_info</name>
         <load_address>0x30640</load_address>
         <run_address>0x30640</run_address>
         <size>0x589</size>
         <input_file_ref idref="fl-4a"/>
      </object_component>
      <object_component id="oc-11f">
         <name>.debug_info</name>
         <load_address>0x30bc9</load_address>
         <run_address>0x30bc9</run_address>
         <size>0x4de</size>
         <input_file_ref idref="fl-4b"/>
      </object_component>
      <object_component id="oc-123">
         <name>.debug_info</name>
         <load_address>0x310a7</load_address>
         <run_address>0x310a7</run_address>
         <size>0xef</size>
         <input_file_ref idref="fl-4c"/>
      </object_component>
      <object_component id="oc-128">
         <name>.debug_info</name>
         <load_address>0x31196</load_address>
         <run_address>0x31196</run_address>
         <size>0xbc</size>
         <input_file_ref idref="fl-4d"/>
      </object_component>
      <object_component id="oc-12d">
         <name>.debug_info</name>
         <load_address>0x31252</load_address>
         <run_address>0x31252</run_address>
         <size>0x5bc</size>
         <input_file_ref idref="fl-4e"/>
      </object_component>
      <object_component id="oc-132">
         <name>.debug_info</name>
         <load_address>0x3180e</load_address>
         <run_address>0x3180e</run_address>
         <size>0x27bd</size>
         <input_file_ref idref="fl-4f"/>
      </object_component>
      <object_component id="oc-138">
         <name>.debug_info</name>
         <load_address>0x33fcb</load_address>
         <run_address>0x33fcb</run_address>
         <size>0x5ab</size>
         <input_file_ref idref="fl-50"/>
      </object_component>
      <object_component id="oc-13c">
         <name>.debug_info</name>
         <load_address>0x34576</load_address>
         <run_address>0x34576</run_address>
         <size>0x586</size>
         <input_file_ref idref="fl-51"/>
      </object_component>
      <object_component id="oc-140">
         <name>.debug_info</name>
         <load_address>0x34afc</load_address>
         <run_address>0x34afc</run_address>
         <size>0x5a4</size>
         <input_file_ref idref="fl-52"/>
      </object_component>
      <object_component id="oc-144">
         <name>.debug_info</name>
         <load_address>0x350a0</load_address>
         <run_address>0x350a0</run_address>
         <size>0xcd</size>
         <input_file_ref idref="fl-53"/>
      </object_component>
      <object_component id="oc-148">
         <name>.debug_info</name>
         <load_address>0x3516d</load_address>
         <run_address>0x3516d</run_address>
         <size>0x81f</size>
         <input_file_ref idref="fl-54"/>
      </object_component>
      <object_component id="oc-14b">
         <name>.debug_info</name>
         <load_address>0x3598c</load_address>
         <run_address>0x3598c</run_address>
         <size>0x498</size>
         <input_file_ref idref="fl-55"/>
      </object_component>
      <object_component id="oc-14e">
         <name>.debug_info</name>
         <load_address>0x35e24</load_address>
         <run_address>0x35e24</run_address>
         <size>0x57e</size>
         <input_file_ref idref="fl-56"/>
      </object_component>
      <object_component id="oc-152">
         <name>.debug_info</name>
         <load_address>0x363a2</load_address>
         <run_address>0x363a2</run_address>
         <size>0x6aa</size>
         <input_file_ref idref="fl-57"/>
      </object_component>
      <object_component id="oc-156">
         <name>.debug_info</name>
         <load_address>0x36a4c</load_address>
         <run_address>0x36a4c</run_address>
         <size>0x942</size>
         <input_file_ref idref="fl-58"/>
      </object_component>
      <object_component id="oc-15b">
         <name>.debug_info</name>
         <load_address>0x3738e</load_address>
         <run_address>0x3738e</run_address>
         <size>0x4d2</size>
         <input_file_ref idref="fl-59"/>
      </object_component>
      <object_component id="oc-15f">
         <name>.debug_info</name>
         <load_address>0x37860</load_address>
         <run_address>0x37860</run_address>
         <size>0x680</size>
         <input_file_ref idref="fl-5a"/>
      </object_component>
      <object_component id="oc-163">
         <name>.debug_info</name>
         <load_address>0x37ee0</load_address>
         <run_address>0x37ee0</run_address>
         <size>0x7d4</size>
         <input_file_ref idref="fl-5b"/>
      </object_component>
      <object_component id="oc-168">
         <name>.debug_info</name>
         <load_address>0x386b4</load_address>
         <run_address>0x386b4</run_address>
         <size>0x144b</size>
         <input_file_ref idref="fl-5c"/>
      </object_component>
      <object_component id="oc-16d">
         <name>.debug_info</name>
         <load_address>0x39aff</load_address>
         <run_address>0x39aff</run_address>
         <size>0x5ad</size>
         <input_file_ref idref="fl-5d"/>
      </object_component>
      <object_component id="oc-171">
         <name>.debug_info</name>
         <load_address>0x3a0ac</load_address>
         <run_address>0x3a0ac</run_address>
         <size>0x574</size>
         <input_file_ref idref="fl-5e"/>
      </object_component>
      <object_component id="oc-175">
         <name>.debug_info</name>
         <load_address>0x3a620</load_address>
         <run_address>0x3a620</run_address>
         <size>0xd1</size>
         <input_file_ref idref="fl-5f"/>
      </object_component>
      <object_component id="oc-179">
         <name>.debug_info</name>
         <load_address>0x3a6f1</load_address>
         <run_address>0x3a6f1</run_address>
         <size>0x4b7</size>
         <input_file_ref idref="fl-60"/>
      </object_component>
      <object_component id="oc-17d">
         <name>.debug_info</name>
         <load_address>0x3aba8</load_address>
         <run_address>0x3aba8</run_address>
         <size>0x4f2</size>
         <input_file_ref idref="fl-61"/>
      </object_component>
      <object_component id="oc-182">
         <name>.debug_info</name>
         <load_address>0x3b09a</load_address>
         <run_address>0x3b09a</run_address>
         <size>0xed4</size>
         <input_file_ref idref="fl-62"/>
      </object_component>
      <object_component id="oc-186">
         <name>.debug_info</name>
         <load_address>0x3bf6e</load_address>
         <run_address>0x3bf6e</run_address>
         <size>0x744</size>
         <input_file_ref idref="fl-63"/>
      </object_component>
      <object_component id="oc-18c">
         <name>.debug_info</name>
         <load_address>0x3c6b2</load_address>
         <run_address>0x3c6b2</run_address>
         <size>0x662</size>
         <input_file_ref idref="fl-64"/>
      </object_component>
      <object_component id="oc-190">
         <name>.debug_info</name>
         <load_address>0x3cd14</load_address>
         <run_address>0x3cd14</run_address>
         <size>0x706</size>
         <input_file_ref idref="fl-65"/>
      </object_component>
      <object_component id="oc-194">
         <name>.debug_info</name>
         <load_address>0x3d41a</load_address>
         <run_address>0x3d41a</run_address>
         <size>0x5f7</size>
         <input_file_ref idref="fl-66"/>
      </object_component>
      <object_component id="oc-198">
         <name>.debug_info</name>
         <load_address>0x3da11</load_address>
         <run_address>0x3da11</run_address>
         <size>0x64a</size>
         <input_file_ref idref="fl-67"/>
      </object_component>
      <object_component id="oc-19d">
         <name>.debug_info</name>
         <load_address>0x3e05b</load_address>
         <run_address>0x3e05b</run_address>
         <size>0xa1c</size>
         <input_file_ref idref="fl-68"/>
      </object_component>
      <object_component id="oc-1a3">
         <name>.debug_info</name>
         <load_address>0x3ea77</load_address>
         <run_address>0x3ea77</run_address>
         <size>0xb97</size>
         <input_file_ref idref="fl-69"/>
      </object_component>
      <object_component id="oc-1a9">
         <name>.debug_info</name>
         <load_address>0x3f60e</load_address>
         <run_address>0x3f60e</run_address>
         <size>0x64f</size>
         <input_file_ref idref="fl-6a"/>
      </object_component>
      <object_component id="oc-1ad">
         <name>.debug_info</name>
         <load_address>0x3fc5d</load_address>
         <run_address>0x3fc5d</run_address>
         <size>0x510</size>
         <input_file_ref idref="fl-6b"/>
      </object_component>
      <object_component id="oc-1e5">
         <name>.debug_info</name>
         <load_address>0x4016d</load_address>
         <run_address>0x4016d</run_address>
         <size>0x6e</size>
      </object_component>
      <object_component id="oc-19">
         <name>.debug_frame</name>
         <load_address>0x0</load_address>
         <run_address>0x0</run_address>
         <size>0xe5</size>
         <input_file_ref idref="fl-3"/>
      </object_component>
      <object_component id="oc-1e">
         <name>.debug_frame</name>
         <load_address>0xe5</load_address>
         <run_address>0xe5</run_address>
         <size>0x11f</size>
         <input_file_ref idref="fl-4"/>
      </object_component>
      <object_component id="oc-26">
         <name>.debug_frame</name>
         <load_address>0x204</load_address>
         <run_address>0x204</run_address>
         <size>0x1ac</size>
         <input_file_ref idref="fl-5"/>
      </object_component>
      <object_component id="oc-2b">
         <name>.debug_frame</name>
         <load_address>0x3b0</load_address>
         <run_address>0x3b0</run_address>
         <size>0x1bd</size>
         <input_file_ref idref="fl-6"/>
      </object_component>
      <object_component id="oc-34">
         <name>.debug_frame</name>
         <load_address>0x56d</load_address>
         <run_address>0x56d</run_address>
         <size>0x220</size>
         <input_file_ref idref="fl-7"/>
      </object_component>
      <object_component id="oc-41">
         <name>.debug_frame</name>
         <load_address>0x78d</load_address>
         <run_address>0x78d</run_address>
         <size>0x102</size>
         <input_file_ref idref="fl-a"/>
      </object_component>
      <object_component id="oc-49">
         <name>.debug_frame</name>
         <load_address>0x88f</load_address>
         <run_address>0x88f</run_address>
         <size>0x335</size>
         <input_file_ref idref="fl-b"/>
      </object_component>
      <object_component id="oc-50">
         <name>.debug_frame</name>
         <load_address>0xbc4</load_address>
         <run_address>0xbc4</run_address>
         <size>0x144</size>
         <input_file_ref idref="fl-c"/>
      </object_component>
      <object_component id="oc-57">
         <name>.debug_frame</name>
         <load_address>0xd08</load_address>
         <run_address>0xd08</run_address>
         <size>0xe5</size>
         <input_file_ref idref="fl-d"/>
      </object_component>
      <object_component id="oc-5c">
         <name>.debug_frame</name>
         <load_address>0xded</load_address>
         <run_address>0xded</run_address>
         <size>0x1e1</size>
         <input_file_ref idref="fl-e"/>
      </object_component>
      <object_component id="oc-62">
         <name>.debug_frame</name>
         <load_address>0xfce</load_address>
         <run_address>0xfce</run_address>
         <size>0x1ae</size>
         <input_file_ref idref="fl-f"/>
      </object_component>
      <object_component id="oc-6a">
         <name>.debug_frame</name>
         <load_address>0x117c</load_address>
         <run_address>0x117c</run_address>
         <size>0x25e</size>
         <input_file_ref idref="fl-10"/>
      </object_component>
      <object_component id="oc-75">
         <name>.debug_frame</name>
         <load_address>0x13da</load_address>
         <run_address>0x13da</run_address>
         <size>0x2b8</size>
         <input_file_ref idref="fl-12"/>
      </object_component>
      <object_component id="oc-7b">
         <name>.debug_frame</name>
         <load_address>0x1692</load_address>
         <run_address>0x1692</run_address>
         <size>0x1dd</size>
         <input_file_ref idref="fl-13"/>
      </object_component>
      <object_component id="oc-80">
         <name>.debug_frame</name>
[...]
         <object_component_ref idref="oc-aa"/>
      </symbol>
      <symbol id="sm-abb">
         <name>_PAL_osProtectEntry</name>
         <value>0xe487</value>
         <object_component_ref idref="oc-af"/>
      </symbol>
      <symbol id="sm-abc">
         <name>_PAL_osProtectExit</name>
         <value>0xe4aa</value>
         <object_component_ref idref="oc-af"/>
      </symbol>
      <symbol id="sm-ac6">
         <name>_Get_Sar_Key</name>
         <value>0xe512</value>
         <object_component_ref idref="oc-b4"/>
      </symbol>
      <symbol id="sm-ac7">
         <name>_Init_SAR</name>
         <value>0xe4f5</value>
         <object_component_ref idref="oc-b4"/>
      </symbol>
      <symbol id="sm-adf">
         <name>_UTIL_circReadChar</name>
         <value>0xcdee</value>
         <object_component_ref idref="oc-b9"/>
      </symbol>
      <symbol id="sm-ae0">
         <name>_UTIL_circNew</name>
         <value>0xcdb8</value>
         <object_component_ref idref="oc-b9"/>
      </symbol>
      <symbol id="sm-ae1">
         <name>_UTIL_circWriteMultiple</name>
         <value>0xcecf</value>
         <object_component_ref idref="oc-b9"/>
      </symbol>
      <symbol id="sm-ae2">
         <name>_offset</name>
         <value>0x158fc</value>
         <object_component_ref idref="oc-ba"/>
      </symbol>
      <symbol id="sm-ae3">
         <name>_UTIL_circWriteChar</name>
         <value>0xce23</value>
         <object_component_ref idref="oc-b9"/>
      </symbol>
      <symbol id="sm-ae4">
         <name>_UTIL_circUnget</name>
         <value>0xcf43</value>
         <object_component_ref idref="oc-b9"/>
      </symbol>
      <symbol id="sm-ae5">
         <name>_UTIL_circReadMultiple</name>
         <value>0xce58</value>
         <object_component_ref idref="oc-b9"/>
      </symbol>
      <symbol id="sm-b33">
         <name>reset_isr</name>
         <value>0xd9c2</value>
         <object_component_ref idref="oc-14"/>
      </symbol>
      <symbol id="sm-b34">
         <name>RST</name>
         <value>0x200</value>
         <object_component_ref idref="oc-c0"/>
      </symbol>
      <symbol id="sm-b40">
         <name>__sysstack</name>
         <value>0xf690</value>
         <object_component_ref idref="oc-1bd"/>
      </symbol>
      <symbol id="sm-b41">
         <name>_c_int00</name>
         <value>0xe4c1</value>
         <object_component_ref idref="oc-c4"/>
      </symbol>
      <symbol id="sm-b42">
         <name>__stack</name>
         <value>0xf2a8</value>
         <object_component_ref idref="oc-c5"/>
      </symbol>
      <symbol id="sm-b4e">
         <name>__divd</name>
         <value>0xb883</value>
         <object_component_ref idref="oc-c9"/>
      </symbol>
      <symbol id="sm-b58">
         <name>__divli</name>
         <value>0xe388</value>
         <object_component_ref idref="oc-cd"/>
      </symbol>
      <symbol id="sm-b63">
         <name>__divul</name>
         <value>0xdb12</value>
         <object_component_ref idref="oc-d1"/>
      </symbol>
      <symbol id="sm-b73">
         <name>C$$EXIT</name>
         <value>0xe678</value>
         <object_component_ref idref="oc-d9"/>
      </symbol>
      <symbol id="sm-b74">
         <name>_exit</name>
         <value>0xe40f</value>
         <object_component_ref idref="oc-d5"/>
      </symbol>
      <symbol id="sm-b75">
         <name>_abort</name>
         <value>0xe677</value>
         <object_component_ref idref="oc-d9"/>
      </symbol>
      <symbol id="sm-b76">
         <name>__cleanup_ptr</name>
         <value>0x158f0</value>
         <object_component_ref idref="oc-d6"/>
      </symbol>
      <symbol id="sm-b77">
         <name>__dtors_ptr</name>
         <value>0x158f4</value>
         <object_component_ref idref="oc-d6"/>
      </symbol>
      <symbol id="sm-b81">
         <name>__fixdi</name>
         <value>0xe528</value>
         <object_component_ref idref="oc-dc"/>
      </symbol>
      <symbol id="sm-b8b">
         <name>__fixdli</name>
         <value>0xdef6</value>
         <object_component_ref idref="oc-e0"/>
      </symbol>
      <symbol id="sm-b95">
         <name>__fixdu</name>
         <value>0xe59f</value>
         <object_component_ref idref="oc-e4"/>
      </symbol>
      <symbol id="sm-b9f">
         <name>__fixdul</name>
         <value>0xdd24</value>
         <object_component_ref idref="oc-e8"/>
      </symbol>
      <symbol id="sm-ba9">
         <name>__fltid</name>
         <value>0xe661</value>
         <object_component_ref idref="oc-ec"/>
      </symbol>
      <symbol id="sm-bb5">
         <name>__fltlid</name>
         <value>0xe03d</value>
         <object_component_ref idref="oc-f0"/>
      </symbol>
      <symbol id="sm-bbf">
         <name>__fltud</name>
         <value>0xe653</value>
         <object_component_ref idref="oc-f5"/>
      </symbol>
      <symbol id="sm-bcb">
         <name>__fltuld</name>
         <value>0xe15e</value>
         <object_component_ref idref="oc-f9"/>
      </symbol>
      <symbol id="sm-bd5">
         <name>__frcmpyd_div</name>
         <value>0xde11</value>
         <object_component_ref idref="oc-fe"/>
      </symbol>
      <symbol id="sm-bdd">
         <name>__mpyli</name>
         <value>0xe5fc</value>
         <object_component_ref idref="oc-102"/>
      </symbol>
      <symbol id="sm-bde">
         <name>I$$LMPY</name>
         <value>0xe5fc</value>
         <object_component_ref idref="oc-102"/>
      </symbol>
      <symbol id="sm-be8">
         <name>_memset</name>
         <value>0xe621</value>
         <object_component_ref idref="oc-106"/>
      </symbol>
      <symbol id="sm-bf2">
         <name>__mpyd</name>
         <value>0xd3ed</value>
         <object_component_ref idref="oc-10a"/>
      </symbol>
      <symbol id="sm-bfc">
         <name>_printf</name>
         <value>0xe20d</value>
         <object_component_ref idref="oc-10e"/>
      </symbol>
      <symbol id="sm-c07">
         <name>__remul</name>
         <value>0xde84</value>
         <object_component_ref idref="oc-112"/>
      </symbol>
      <symbol id="sm-c11">
         <name>_strcpy</name>
         <value>0xe5d4</value>
         <object_component_ref idref="oc-116"/>
      </symbol>
      <symbol id="sm-c1b">
         <name>_strlen</name>
         <value>0xe632</value>
         <object_component_ref idref="oc-11a"/>
      </symbol>
      <symbol id="sm-c25">
         <name>__subd</name>
         <value>0xe5e8</value>
         <object_component_ref idref="oc-11e"/>
      </symbol>
      <symbol id="sm-c2d">
         <name>__remu</name>
         <value>0xe567</value>
         <object_component_ref idref="oc-122"/>
      </symbol>
      <symbol id="sm-c2e">
         <name>__divu</name>
         <value>0xe552</value>
         <object_component_ref idref="oc-122"/>
      </symbol>
      <symbol id="sm-c2f">
         <name>I$$UMOD</name>
         <value>0xe567</value>
         <object_component_ref idref="oc-122"/>
      </symbol>
      <symbol id="sm-c30">
         <name>I$$UDIV</name>
         <value>0xe552</value>
         <object_component_ref idref="oc-122"/>
      </symbol>
      <symbol id="sm-c3a">
         <name>_Reset</name>
         <value>0x100</value>
         <object_component_ref idref="oc-127"/>
      </symbol>
      <symbol id="sm-c48">
         <name>__unlock</name>
         <value>0x158ec</value>
         <object_component_ref idref="oc-12c"/>
      </symbol>
      <symbol id="sm-c49">
         <name>__lock</name>
         <value>0x158e8</value>
         <object_component_ref idref="oc-12c"/>
      </symbol>
      <symbol id="sm-c4a">
         <name>__register_lock</name>
         <value>0xe617</value>
         <object_component_ref idref="oc-12b"/>
      </symbol>
      <symbol id="sm-c4b">
         <name>__nop</name>
         <value>0xe61f</value>
         <object_component_ref idref="oc-12b"/>
      </symbol>
      <symbol id="sm-c4c">
         <name>__register_unlock</name>
         <value>0xe60f</value>
         <object_component_ref idref="oc-12b"/>
      </symbol>
      <symbol id="sm-c5e">
         <name>__printfi</name>
         <value>0x2d85</value>
         <object_component_ref idref="oc-131"/>
      </symbol>
      <symbol id="sm-c68">
         <name>__addd</name>
         <value>0xc7b8</value>
         <object_component_ref idref="oc-137"/>
      </symbol>
      <symbol id="sm-c72">
         <name>__args_main</name>
         <value>0xe2aa</value>
         <object_component_ref idref="oc-13b"/>
      </symbol>
      <symbol id="sm-c73">
         <name>__TI_args_main</name>
         <value>0x1</value>
      </symbol>
      <symbol id="sm-c7d">
         <name>_atoi</name>
         <value>0xe102</value>
         <object_component_ref idref="oc-13f"/>
      </symbol>
      <symbol id="sm-c85">
         <name>_auto_init</name>
         <value>0xe25d</value>
         <object_component_ref idref="oc-143"/>
      </symbol>
      <symbol id="sm-c8f">
         <name>__eqld</name>
         <value>0xcb70</value>
         <object_component_ref idref="oc-147"/>
      </symbol>
      <symbol id="sm-c90">
         <name>__cmpd</name>
         <value>0xcba4</value>
         <object_component_ref idref="oc-147"/>
      </symbol>
      <symbol id="sm-c91">
         <name>__neqd</name>
         <value>0xca12</value>
         <object_component_ref idref="oc-147"/>
      </symbol>
      <symbol id="sm-c92">
         <name>__gtrd</name>
         <value>0xcadb</value>
         <object_component_ref idref="oc-147"/>
      </symbol>
      <symbol id="sm-c93">
         <name>__geqd</name>
         <value>0xcb26</value>
         <object_component_ref idref="oc-147"/>
      </symbol>
      <symbol id="sm-c94">
         <name>__leqd</name>
         <value>0xca8e</value>
         <object_component_ref idref="oc-147"/>
      </symbol>
      <symbol id="sm-c95">
         <name>__lssd</name>
         <value>0xca46</value>
         <object_component_ref idref="oc-147"/>
      </symbol>
      <symbol id="sm-c9d">
         <name>__ctypes_</name>
         <value>0xe684</value>
         <object_component_ref idref="oc-1bf"/>
      </symbol>
      <symbol id="sm-ca7">
         <name>__tmpnams</name>
         <value>0x15390</value>
         <object_component_ref idref="oc-14d"/>
      </symbol>
      <symbol id="sm-ca8">
         <name>__ft_end</name>
         <value>0x154d0</value>
         <object_component_ref idref="oc-14d"/>
      </symbol>
      <symbol id="sm-ca9">
         <name>__ftable</name>
         <value>0x152a0</value>
         <object_component_ref idref="oc-14d"/>
      </symbol>
      <symbol id="sm-cb3">
         <name>_putchar</name>
         <value>0xdb03</value>
         <object_component_ref idref="oc-151"/>
      </symbol>
      <symbol id="sm-cb4">
         <name>_putc</name>
         <value>0xda6c</value>
         <object_component_ref idref="oc-151"/>
      </symbol>
      <symbol id="sm-cb5">
         <name>_fputc</name>
         <value>0xda6c</value>
         <object_component_ref idref="oc-151"/>
      </symbol>
      <symbol id="sm-cc3">
         <name>_puts</name>
         <value>0xd3bf</value>
         <object_component_ref idref="oc-155"/>
      </symbol>
      <symbol id="sm-cc4">
         <name>_fputs</name>
         <value>0xd28a</value>
         <object_component_ref idref="oc-155"/>
      </symbol>
      <symbol id="sm-cce">
         <name>__frcmpyd</name>
         <value>0xdd9b</value>
         <object_component_ref idref="oc-15a"/>
      </symbol>
      <symbol id="sm-cd8">
         <name>___isinf</name>
         <value>0xe5ba</value>
         <object_component_ref idref="oc-15e"/>
      </symbol>
      <symbol id="sm-ce2">
         <name>__divull</name>
         <value>0xc68f</value>
         <object_component_ref idref="oc-162"/>
      </symbol>
      <symbol id="sm-ce3">
         <name>__mpylli</name>
         <value>0xc5d7</value>
         <object_component_ref idref="oc-162"/>
      </symbol>
      <symbol id="sm-ce4">
         <name>__remlli</name>
         <value>0xc5a8</value>
         <object_component_ref idref="oc-162"/>
      </symbol>
      <symbol id="sm-ce5">
         <name>__divlli</name>
         <value>0xc783</value>
         <object_component_ref idref="oc-162"/>
      </symbol>
      <symbol id="sm-ce6">
         <name>__remull</name>
         <value>0xc55a</value>
         <object_component_ref idref="oc-162"/>
      </symbol>
      <symbol id="sm-cf8">
         <name>_add_device</name>
         <value>0xa12f</value>
         <object_component_ref idref="oc-166"/>
      </symbol>
      <symbol id="sm-cf9">
         <name>_rename</name>
         <value>0x9e51</value>
         <object_component_ref idref="oc-166"/>
      </symbol>
      <symbol id="sm-cfa">
         <name>_read</name>
         <value>0x9ee0</value>
         <object_component_ref idref="oc-166"/>
      </symbol>
      <symbol id="sm-cfb">
         <name>_unlink</name>
         <value>0x9e1e</value>
         <object_component_ref idref="oc-166"/>
      </symbol>
      <symbol id="sm-cfc">
         <name>_remove_device</name>
         <value>0x9eaa</value>
         <object_component_ref idref="oc-166"/>
      </symbol>
      <symbol id="sm-cfd">
         <name>_open</name>
         <value>0x9f8e</value>
         <object_component_ref idref="oc-166"/>
      </symbol>
      <symbol id="sm-cfe">
         <name>_find_registered_device</name>
         <value>0xa0b3</value>
         <object_component_ref idref="oc-166"/>
      </symbol>
      <symbol id="sm-cff">
         <name>_lseek</name>
         <value>0xa04d</value>
         <object_component_ref idref="oc-166"/>
      </symbol>
      <symbol id="sm-d00">
         <name>_close</name>
         <value>0xa0bc</value>
         <object_component_ref idref="oc-166"/>
      </symbol>
      <symbol id="sm-d01">
         <name>_write</name>
         <value>0x9cdc</value>
         <object_component_ref idref="oc-166"/>
      </symbol>
      <symbol id="sm-d0b">
         <name>_ltoa</name>
         <value>0xdbb3</value>
         <object_component_ref idref="oc-16c"/>
      </symbol>
      <symbol id="sm-d16">
         <name>_memccpy</name>
         <value>0xe57c</value>
         <object_component_ref idref="oc-170"/>
      </symbol>
      <symbol id="sm-d1e">
         <name>_memcpy</name>
         <value>0xe3d0</value>
         <object_component_ref idref="oc-174"/>
      </symbol>
      <symbol id="sm-d28">
         <name>__negd</name>
         <value>0xe643</value>
         <object_component_ref idref="oc-178"/>
      </symbol>
      <symbol id="sm-d32">
         <name>__remli</name>
         <value>0xe2f5</value>
         <object_component_ref idref="oc-17c"/>
      </symbol>
      <symbol id="sm-d3e">
         <name>_HOSTopen</name>
         <value>0xa52a</value>
         <object_component_ref idref="oc-180"/>
      </symbol>
      <symbol id="sm-d3f">
         <name>_HOSTread</name>
         <value>0xa49d</value>
         <object_component_ref idref="oc-180"/>
      </symbol>
      <symbol id="sm-d40">
         <name>_HOSTtime</name>
         <value>0xa391</value>
         <object_component_ref idref="oc-180"/>
      </symbol>
      <symbol id="sm-d41">
         <name>_getenv</name>
         <value>0xa21f</value>
         <object_component_ref idref="oc-180"/>
      </symbol>
      <symbol id="sm-d42">
         <name>_HOSTrename</name>
         <value>0xa3ef</value>
         <object_component_ref idref="oc-180"/>
      </symbol>
      <symbol id="sm-d43">
         <name>_HOSTclock</name>
         <value>0xa6e9</value>
         <object_component_ref idref="oc-180"/>
      </symbol>
      <symbol id="sm-d44">
         <name>_HOSTwrite</name>
         <value>0xa29a</value>
         <object_component_ref idref="oc-180"/>
      </symbol>
      <symbol id="sm-d45">
         <name>_HOSTlseek</name>
         <value>0xa5c9</value>
         <object_component_ref idref="oc-180"/>
      </symbol>
      <symbol id="sm-d46">
         <name>_HOSTunlink</name>
         <value>0xa327</value>
         <object_component_ref idref="oc-180"/>
      </symbol>
      <symbol id="sm-d47">
         <name>_HOSTclose</name>
         <value>0xa67e</value>
         <object_component_ref idref="oc-180"/>
      </symbol>
      <symbol id="sm-d59">
         <name>C$$IO$$</name>
         <value>0xd9bd</value>
         <object_component_ref idref="oc-188"/>
      </symbol>
      <symbol id="sm-d5a">
         <name>__CIOBUF_</name>
         <value>0xec68</value>
         <object_component_ref idref="oc-187"/>
      </symbol>
      <symbol id="sm-d5b">
         <name>_readmsg</name>
         <value>0xdf65</value>
         <object_component_ref idref="oc-185"/>
      </symbol>
      <symbol id="sm-d5c">
         <name>_writemsg</name>
         <value>0xd908</value>
         <object_component_ref idref="oc-188"/>
      </symbol>
      <symbol id="sm-d66">
         <name>__rd_ok</name>
         <value>0xd7e9</value>
         <object_component_ref idref="oc-18b"/>
      </symbol>
      <symbol id="sm-d67">
         <name>__wrt_ok</name>
         <value>0xd769</value>
         <object_component_ref idref="oc-18b"/>
      </symbol>
      <symbol id="sm-d71">
         <name>__doflush</name>
         <value>0xd846</value>
         <object_component_ref idref="oc-18f"/>
      </symbol>
      <symbol id="sm-d72">
         <name>_fflush</name>
         <value>0xd8af</value>
         <object_component_ref idref="oc-18f"/>
      </symbol>
      <symbol id="sm-d7c">
         <name>_fseek</name>
         <value>0xdfd2</value>
         <object_component_ref idref="oc-193"/>
      </symbol>
      <symbol id="sm-d86">
         <name>_setvbuf</name>
         <value>0xd683</value>
         <object_component_ref idref="oc-197"/>
      </symbol>
      <symbol id="sm-d95">
         <name>__cleanup</name>
         <value>0xc3fc</value>
         <object_component_ref idref="oc-19b"/>
      </symbol>
      <symbol id="sm-d96">
         <name>_fopen</name>
         <value>0xc51f</value>
         <object_component_ref idref="oc-19b"/>
      </symbol>
      <symbol id="sm-d97">
         <name>_freopen</name>
         <value>0xc456</value>
         <object_component_ref idref="oc-19b"/>
      </symbol>
      <symbol id="sm-da7">
         <name>__sys_memory</name>
         <value>0xeea8</value>
         <object_component_ref idref="oc-1a5"/>
      </symbol>
      <symbol id="sm-da8">
         <name>_chkheap</name>
         <value>0xb08e</value>
         <object_component_ref idref="oc-1a1"/>
      </symbol>
      <symbol id="sm-da9">
         <name>_realloc</name>
         <value>0xae2d</value>
         <object_component_ref idref="oc-1a1"/>
      </symbol>
      <symbol id="sm-daa">
         <name>_free_memory</name>
         <value>0xb038</value>
         <object_component_ref idref="oc-1a1"/>
      </symbol>
      <symbol id="sm-dab">
         <name>_max_free</name>
         <value>0xafde</value>
         <object_component_ref idref="oc-1a1"/>
      </symbol>
      <symbol id="sm-dac">
         <name>_free</name>
         <value>0xac07</value>
         <object_component_ref idref="oc-1a1"/>
      </symbol>
      <symbol id="sm-dad">
         <name>_calloc</name>
         <value>0xb096</value>
         <object_component_ref idref="oc-1a1"/>
      </symbol>
      <symbol id="sm-dae">
         <name>_malloc</name>
         <value>0xad38</value>
         <object_component_ref idref="oc-1a1"/>
      </symbol>
      <symbol id="sm-daf">
         <name>_minit</name>
         <value>0xacd3</value>
         <object_component_ref idref="oc-1a1"/>
      </symbol>
      <symbol id="sm-db9">
         <name>_fclose</name>
         <value>0xdc30</value>
         <object_component_ref idref="oc-1a8"/>
      </symbol>
      <symbol id="sm-dc3">
         <name>_remove</name>
         <value>0xe66d</value>
         <object_component_ref idref="oc-1ac"/>
      </symbol>
   </symbol_table>
</link_info>
