******************************************************************************
              TMS320C55x Linker PC v4.4.1                      
******************************************************************************
>> Linked Wed Nov 16 18:06:28 2016

OUTPUT FILE NAME:   <ECGSystem.out>
ENTRY POINT SYMBOL: "reset_isr"  address: 0000da7e


MEMORY CONFIGURATION

         name            origin    length      used     unused   attr    fill
                        (bytes)   (bytes)    (bytes)   (bytes)
----------------------  --------  ---------  --------  --------  ----  --------
  MMR                   00000000   000000c0  00000000  000000c0  RW  
  VEC                   000000c0   00000300  00000200  00000100  R  X
  DARAM                 00000400   0000fa00  0000f7a0  00000260  RW  
  SARAM_3               00010000   0003a000  0000b7dc  0002e824  RW  
  EMIF_CS0              00050000   007b0000  00000000  007b0000  RW  
  EMIF_CS2              00800000   00400000  00000000  00400000  RW  
  EMIF_CS3              00c00000   00200000  00000000  00200000  RW  
  EMIF_CS4              00e00000   00100000  00000000  00100000  RW  
  EMIF_CS5              00f00000   000e0000  00000000  000e0000  RW  
  SAROM_0               00fe0000   00008000  00000000  00008000  R  X
  SAROM_1               00fe8000   00008000  00000000  00008000  R  X
  SAROM_2               00ff0000   00008000  00000000  00008000  R  X
  SAROM_3               00ff8000   00008000  00000000  00008000  R  X


SECTION ALLOCATION MAP
(Addresses surrounded by []'s are displayed for convenience only!)

output                                                          attributes/
section   page  orgn(bytes) orgn(words) len(bytes) len(words)   input sections
--------  ----  ----------- ----------- ---------- ----------   --------------
vectors      0     00000100  [ 00000080 ] 00000200          *   
                   00000100  [ 00000080 ] 00000100          *   rts55x.lib : vectors.obj (vectors)
                   00000200  [ 00000100 ] 00000100          *   vectors.obj (vectors)

.text        0     00000400  [ 00000200 ] 0000e36c          *   
                   00000400  [ 00000200 ] 00001623          *   ddc_uart.obj (.text)
                   00001a23  [ 00000d11+] 000015a4          *   rts55x.lib : _printfi.obj (.text)
                   00002fc7  [ 000017e3+] 0000100a          *   ECGSystem_main.obj (.text)
                   00003fd1  [ 00001fe8+] 00000fc0          *   ECGSystemFunctions.obj (.text)
                   00004f91  [ 000027c8+] 00000e51          *   dda_uart.obj (.text)
                   00005de2  [ 00002ef1 ] 000008e6          *   SPO2_functions.obj (.text)
                   000066c8  [ 00003364 ] 000008d8          *   lcd.obj (.text)
                   00006fa0  [ 000037d0 ] 000007b8          *   ECGSystemInit.obj (.text)
                   00007758  [ 00003bac ] 000007ae          *   llc_spi.obj (.text)
                   00007f06  [ 00003f83 ] 000006bb          *   Communication_protocol.obj (.text)
                   000085c1  [ 000042e0+] 000006b6          *   pal_osList.obj (.text)
                   00008c77  [ 0000463b+] 00000680          *   ddc_spi.obj (.text)
                   000092f7  [ 0000497b+] 0000061a          *   llc_uart.obj (.text)
                   00009911  [ 00004c88+] 00000543          *   rts55x.lib : lowlev.obj (.text)
                   00009e54  [ 00004f2a ] 00000541          *   SPO2_Init_Functions.obj (.text)
                   0000a395  [ 000051ca+] 00000537          *   InterruptHandlers.obj (.text:retain)
                   0000a8cc  [ 00005466 ] 00000528          *   rts55x.lib : trgdrv.obj (.text)
                   0000adf4  [ 000056fa ] 000004b5          *              : memory.obj (.text)
                   0000b2a9  [ 00005954+] 000003ec          *   ADS1298_Pacer.obj (.text)
                   0000b695  [ 00005b4a+] 000003db          *   dda_spi.obj (.text)
                   0000ba70  [ 00005d38 ] 000003cc          *   rts55x.lib : divd.obj (.text)
                   0000be3c  [ 00005f1e ] 000002e5          *   I2C.obj (.text)
                   0000c121  [ 00006090+] 00000287          *   Respiration_Module.obj (.text)
                   0000c3a8  [ 000061d4 ] 0000027f          *   rts55x.lib : fopen.obj (.text)
                   0000c627  [ 00006313+] 0000025e          *              : llmpy.obj (.text)
                   0000c885  [ 00006442+] 0000025a          *              : addd.obj (.text)
                   0000cadf  [ 0000656f+] 00000225          *   Filtering.obj (.text)
                   0000cd04  [ 00006682 ] 000001ea          *   rts55x.lib : cmpd.obj (.text)
                   0000ceee  [ 00006777 ] 000001ab          *   util_circ.obj (.text)
                   0000d099  [ 0000684c+] 0000019e          *   cpu_clock_init.obj (.text)
                   0000d237  [ 0000691b+] 00000163          *   rts55x.lib : fputs.obj (.text)
                   0000d39a  [ 000069cd ] 0000014c          *              : mpyd.obj (.text)
                   0000d4e6  [ 00006a73 ] 0000014a          *   ADS1298Init.obj (.text)
                   0000d630  [ 00006b18 ] 0000010f          *   DiagnosticsTMS.obj (.text)
                   0000d73f  [ 00006b9f+] 000000e6          *   rts55x.lib : setvbuf.obj (.text)
                   0000d825  [ 00006c12+] 000000dd          *              : _io_perm.obj (.text)
                   0000d902  [ 00006c81 ] 000000c2          *              : fflush.obj (.text)
                   0000d9c4  [ 00006ce2 ] 000000ba          *              : trgmsg.obj (.text:CIO_breakpoint)
                   0000da7e  [ 00006d3f ] 000000b2          *   vectors.obj (.text)
                   0000db30  [ 00006d98 ] 000000a6          *   rts55x.lib : fputc.obj (.text)
                   0000dbd6  [ 00006deb ] 000000a1          *              : divul.obj (.text)
                   0000dc77  [ 00006e3b+] 0000007d          *              : ltoa.obj (.text)
                   0000dcf4  [ 00006e7a ] 0000007b          *              : fclose.obj (.text)
                   0000dd6f  [ 00006eb7+] 00000079          *   evm5515_uart.obj (.text)
                   0000dde8  [ 00006ef4 ] 00000077          *   rts55x.lib : fixdul.obj (.text)
                   0000de5f  [ 00006f2f+] 00000076          *              : frcmpyd.obj (.text)
                   0000ded5  [ 00006f6a+] 00000073          *              : frcmpyd_div.obj (.text)
                   0000df48  [ 00006fa4 ] 00000072          *              : remul.obj (.text)
                   0000dfba  [ 00006fdd ] 0000006f          *              : fixdli.obj (.text)
                   0000e029  [ 00007014+] 0000006d          *              : trgmsg.obj (.text)
                   0000e096  [ 0000704b ] 0000006b          *              : fseek.obj (.text)
                   0000e101  [ 00007080+] 00000067          *              : fltlid.obj (.text)
                   0000e168  [ 000070b4 ] 0000005e          *   pal_osSem.obj (.text)
                   0000e1c6  [ 000070e3 ] 0000005c          *   rts55x.lib : atoi.obj (.text)
                   0000e222  [ 00007111 ] 0000005b          *              : fltuld.obj (.text)
                   0000e27d  [ 0000713e+] 00000054          *   evm5515.obj (.text)
                   0000e2d1  [ 00007168+] 00000050          *   rts55x.lib : printf.obj (.text)
                   0000e321  [ 00007190+] 0000004d          *              : autoinit.obj (.text)
                   0000e36e  [ 000071b7 ] 0000004b          *              : args_main.obj (.text)
                   0000e3b9  [ 000071dc+] 0000004b          *              : remli.obj (.text)
                   0000e404  [ 00007202 ] 00000048          *   FIR_Filter.obj (.text)
                   0000e44c  [ 00007226 ] 00000048          *   pal_osTime.obj (.text)
                   0000e494  [ 0000724a ] 00000048          *   rts55x.lib : divli.obj (.text)
                   0000e4dc  [ 0000726e ] 0000003f          *              : memcpy.obj (.text)
                   0000e51b  [ 0000728d+] 0000003e          *              : exit.obj (.text)
                   0000e559  [ 000072ac+] 0000003a          *   pal_osprotect.obj (.text)
                   0000e593  [ 000072c9+] 00000034          *   rts55x.lib : boot.obj (.text)
                   0000e5c7  [ 000072e3+] 00000033          *   sar.obj (.text)
                   0000e5fa  [ 000072fd ] 0000002a          *   rts55x.lib : fixdi.obj (.text)
                   0000e624  [ 00007312 ] 0000002a          *              : udiv.obj (.text)
                   0000e64e  [ 00007327 ] 00000023          *              : memccpy.obj (.text)
                   0000e671  [ 00007338+] 0000001b          *              : fixdu.obj (.text)
                   0000e68c  [ 00007346 ] 0000001a          *              : isinf.obj (.text)
                   0000e6a6  [ 00007353 ] 00000018          *   Arrythmia.obj (.text)
                   0000e6be  [ 0000735f ] 00000014          *   rts55x.lib : strcpy.obj (.text)
                   0000e6d2  [ 00007369 ] 00000014          *              : subd.obj (.text)
                   0000e6e6  [ 00007373 ] 00000013          *              : lmpy.obj (.text)
                   0000e6f9  [ 0000737c+] 00000012          *              : _lock.obj (.text)
                   0000e70b  [ 00007385+] 00000011          *              : memset.obj (.text)
                   0000e71c  [ 0000738e ] 00000011          *              : strlen.obj (.text)
                   0000e72d  [ 00007396+] 00000010          *              : negd.obj (.text)
                   0000e73d  [ 0000739e+] 0000000e          *              : fltud.obj (.text)
                   0000e74b  [ 000073a5+] 0000000c          *              : fltid.obj (.text)
                   0000e757  [ 000073ab+] 0000000a          *              : remove.obj (.text)
                   0000e761  [ 000073b0+] 00000007          *              : exit.obj (.text:CIO_breakpoint)
                   0000e768  [ 000073b4 ] 00000002          *              : vectors.obj (.text)
                   0000e76a  [ 000073b5 ] 00000002          *   --HOLE-- [fill = 20]

.data        0   [ 00000400 ]  00000200          *   00000000   UNINITIALIZED

.const       0   [ 0000e76c ]  000073b6          *   00000312   
                 [ 0000e76c ]  000073b6          *   00000101   rts55x.lib : ctype.obj (.const:__ctypes_)
                 [ 0000e96e ]  000074b7          *   000000c9   Filtering.obj (.const:_$P$T1$6)
                 [ 0000eb00 ]  00007580          *   00000062   ECGSystem_main.obj (.const:.string)
                 [ 0000ebc4 ]  000075e2          *   00000024   rts55x.lib : _printfi.obj (.const:.string)
                 [ 0000ec0c ]  00007606          *   00000023   dda_uart.obj (.const:.string)
                 [ 0000ec52 ]  00007629          *   0000001a   ECG_Filter_Co-efficients.obj (.const:_HPFCoeffBuf)
                 [ 0000ec86 ]  00007643          *   00000001   --HOLE-- [fill = 0]
                 [ 0000ec88 ]  00007644          *   00000016   lcd.obj (.const:.string)
                 [ 0000ecb4 ]  0000765a          *   00000014   dda_uart.obj (.const:_$P$T0$1)
                 [ 0000ecdc ]  0000766e          *   0000000e   SPO2_functions.obj (.const)
                 [ 0000ecf8 ]  0000767c          *   0000000c   rts55x.lib : _printfi.obj (.const)
                 [ 0000ed10 ]  00007688          *   0000000a   ECGSystemFunctions.obj (.const)
                 [ 0000ed24 ]  00007692          *   0000000a   Filtering.obj (.const:_$P$T0$4)
                 [ 0000ed38 ]  0000769c          *   00000008   ECGSystem_main.obj (.const:_$P$T1$13)
                 [ 0000ed48 ]  000076a4          *   00000008   rts55x.lib : divd.obj (.const:_initial_approx$1)
                 [ 0000ed58 ]  000076ac          *   00000005   ECGSystem_main.obj (.const:_$P$T3$15)
                 [ 0000ed62 ]  000076b1          *   00000004   ECGSystem_main.obj (.const:_$P$T0$9)
                 [ 0000ed6a ]  000076b5          *   00000004   ECGSystem_main.obj (.const:_$P$T2$14)
                 [ 0000ed72 ]  000076b9          *   00000001   --HOLE-- [fill = 0]
                 [ 0000ed74 ]  000076ba          *   00000004   dda_uart.obj (.const:_$P$T2$4)
                 [ 0000ed7c ]  000076be          *   00000002   rts55x.lib : fputs.obj (.const:.string)
                 [ 0000ed80 ]  000076c0          *   00000002   InterruptHandlers.obj (.const)
                 [ 0000ed84 ]  000076c2          *   00000002   dda_uart.obj (.const:_$P$T1$3)
                 [ 0000ed88 ]  000076c4          *   00000002   rts55x.lib : fltlid.obj (.const)
                 [ 0000ed8c ]  000076c6          *   00000002              : fltuld.obj (.const)

.cio         0   [ 0000ed90 ]  000076c8          *   00000120   UNINITIALIZED
                 [ 0000ed90 ]  000076c8          *   00000120   rts55x.lib : trgmsg.obj (.cio)

.sysmem      0   [ 0000efd0 ]  000077e8          *   00000200   UNINITIALIZED
                 [ 0000efd0 ]  000077e8          *   00000200   --HOLE--

.stack       0   [ 0000f3d0 ]  000079e8          *   000001f4   UNINITIALIZED
                 [ 0000f3d0 ]  000079e8          *   000001f4   --HOLE--

.sysstack 
*            0   [ 0000f7b8 ]  00007bdc          *   000001f4   UNINITIALIZED
                 [ 0000f7b8 ]  00007bdc          *   000001f4   --HOLE--

.bss         0   [ 00010000 ]  00008000          *   00005324   
                 [ 00010000 ]  00008000          *   00002dae   ECGSystemFunctions.obj (.bss) [fill = 0]
                 [ 00015b5c ]  0000adae          *   000013f8   ECGSystem_main.obj (.bss) [fill = 0]
                 [ 0001834c ]  0000c1a6          *   00000486   dda_uart.obj (.bss) [fill = 0]
                 [ 00018c58 ]  0000c62c          *   00000370   InterruptHandlers.obj (.bss) [fill = 0]
                 [ 00019338 ]  0000c99c          *   000002da   lcd.obj (.bss) [fill = 0]
                 [ 000198ec ]  0000cc76          *   0000015f   ECG_Filter_Co-efficients.obj (.bss) [fill = 0]
                 [ 00019baa ]  0000cdd5          *   00000001   I2C.obj (.bss) [fill = 0]
                 [ 00019bac ]  0000cdd6          *   00000119   rts55x.lib : defs.obj (.bss) [fill = 0]
                 [ 00019dde ]  0000ceef          *   00000001   llc_spi.obj (.bss) [fill = 0]
                 [ 00019de0 ]  0000cef0          *   000000db   Filtering.obj (.bss) [fill = 0]
                 [ 00019f96 ]  0000cfcb          *   000000d0   rts55x.lib : trgdrv.obj (.bss) [fill = 0]
                 [ 0001a136 ]  0000d09b          *   00000001              : fopen.obj (.bss) [fill = 0]
                 [ 0001a138 ]  0000d09c          *   000000b2   SPO2_functions.obj (.bss) [fill = 0]
                 [ 0001a29c ]  0000d14e          *   00000071   rts55x.lib : lowlev.obj (.bss) [fill = 0]
                 [ 0001a37e ]  0000d1bf          *   00000001   util_circ.obj (.bss) [fill = 0]
                 [ 0001a380 ]  0000d1c0          *   00000062   SPO2_Init_Functions.obj (.bss) [fill = 0]
                 [ 0001a444 ]  0000d222          *   00000038   ADS1298Init.obj (.bss) [fill = 0]
                 [ 0001a4b4 ]  0000d25a          *   00000038   DiagnosticsTMS.obj (.bss) [fill = 0]
                 [ 0001a524 ]  0000d292          *   0000002f   Respiration_Module.obj (.bss) [fill = 0]
                 [ 0001a582 ]  0000d2c1          *   0000002b   Communication_protocol.obj (.bss) [fill = 0]
                 [ 0001a5d8 ]  0000d2ec          *   00000012   ddc_spi.obj (.bss) [fill = 0]
                 [ 0001a5fc ]  0000d2fe          *   00000010   dda_uartCfg.obj (.bss) [fill = 0]
                 [ 0001a61c ]  0000d30e          *   00000006   dda_spi.obj (.bss) [fill = 0]
                 [ 0001a628 ]  0000d314          *   00000006   rts55x.lib : memory.obj (.bss) [fill = 0]
                 [ 0001a634 ]  0000d31a          *   00000004              : _lock.obj (.bss) [fill = 0]
                 [ 0001a63c ]  0000d31e          *   00000004              : exit.obj (.bss) [fill = 0]
                 [ 0001a644 ]  0000d322          *   00000002   cpu_clock_init.obj (.bss) [fill = 0]

.cinit       0   [ 0001a648 ]  0000d324          *   00000868   
                 [ 0001a648 ]  0000d324          *   000002db   lcd.obj (.cinit)
                 [ 0001abfe ]  0000d5ff          *   00000162   ECG_Filter_Co-efficients.obj (.cinit)
                 [ 0001aec2 ]  0000d761          *   000000d9   Filtering.obj (.cinit)
                 [ 0001b074 ]  0000d83a          *   0000009e   ECGSystemFunctions.obj (.cinit)
                 [ 0001b1b0 ]  0000d8d8          *   00000099   ECGSystem_main.obj (.cinit)
                 [ 0001b2e2 ]  0000d971          *   00000068   InterruptHandlers.obj (.cinit)
                 [ 0001b3b2 ]  0000d9d9          *   00000065   SPO2_Init_Functions.obj (.cinit)
                 [ 0001b47c ]  0000da3e          *   00000039   ADS1298Init.obj (.cinit)
                 [ 0001b4ee ]  0000da77          *   00000039   DiagnosticsTMS.obj (.cinit)
                 [ 0001b560 ]  0000dab0          *   00000031   Respiration_Module.obj (.cinit)
                 [ 0001b5c2 ]  0000dae1          *   0000002d   rts55x.lib : lowlev.obj (.cinit)
                 [ 0001b61c ]  0000db0e          *   0000002a              : defs.obj (.cinit)
                 [ 0001b670 ]  0000db38          *   00000016   dda_uartCfg.obj (.cinit)
                 [ 0001b69c ]  0000db4e          *   00000010   Communication_protocol.obj (.cinit)
                 [ 0001b6bc ]  0000db5e          *   0000000a   rts55x.lib : _lock.obj (.cinit)
                 [ 0001b6d0 ]  0000db68          *   0000000a              : exit.obj (.cinit)
                 [ 0001b6e4 ]  0000db72          *   00000005   cpu_clock_init.obj (.cinit)
                 [ 0001b6ee ]  0000db77          *   00000004   I2C.obj (.cinit)
                 [ 0001b6f6 ]  0000db7b          *   00000004   dda_uart.obj (.cinit)
                 [ 0001b6fe ]  0000db7f          *   00000004   rts55x.lib : fopen.obj (.cinit)
                 [ 0001b706 ]  0000db83          *   00000004              : memory.obj (.cinit)
                 [ 0001b70e ]  0000db87          *   00000004   util_circ.obj (.cinit)
                 [ 0001b716 ]  0000db8b          *   00000001   --HOLE-- [fill = 0]

.switch      0   [ 0001b718 ]  0000db8c          *   00000062   
                 [ 0001b718 ]  0000db8c          *   0000001e   dda_uart.obj (.switch:_PSP_uartIoctl)
                 [ 0001b754 ]  0000dbaa          *   00000018   ECGSystemFunctions.obj (.switch:_ECG_LCDPlotCurrSample)
                 [ 0001b784 ]  0000dbc2          *   00000018   ECGSystem_main.obj (.switch:_ECG_LCD_LeadDisplay)
                 [ 0001b7b4 ]  0000dbda          *   00000014   ddc_uart.obj (.switch:__DDC_uartControl)


GLOBAL SYMBOLS: SORTED ALPHABETICALLY BY Name 

abs. value/
byte addr   word addr   name
---------   ---------   ----
00000002                $TI_capability$C5500$CallingConvention
00000002                $TI_capability$C5500$MemoryModel
00000001                $TI_capability_requires_rev3
            00008000    .bss
            00000200    .data
00000400                .text
0000e762                C$$EXIT
0000da79                C$$IO$$
0000e6e6                I$$LMPY
0000e624                I$$UDIV
0000e639                I$$UMOD
00000200                RST
            0000d222    _ADS1298RegVal
            0000d25a    _ADS1298RegVal_debug
0000a2dd                _AFE44xx_Default_Reg_Init
            0000d1c0    _AFE44xx_Default_Register_Settings
0000a314                _AFE44xx_PowerOn_Init
00009e54                _AFE44xx_Reg_Read
0000a115                _AFE44xx_Reg_Write
            0000adee    _AFE44xx_SPO2_Data_buf
            0000c64b    _AlisnWorkingBuff
0000c121                _Calculate_Respiration
            0000c64a    _ChannelNo
            0000cc76    _CoeffBuf
0000d099                _CpuClockInit
0000cadf                _DC_removal
0000b984                _DDA_SPI_DeviceConfigToWrite
0000b85f                _DDA_spiConfiguration
0000b8c2                _DDA_spiSlaveSelect
000092a1                _DDC_DeviceConfig
00008e32                _DDC_SPI_Close
00008d3e                _DDC_SPI_DeInit
00008d0f                _DDC_SPI_Init
00008d55                _DDC_SPI_Open
00008e75                _DDC_SpiDataTransaction
            0000ae06    _Diagnostics_StsRegister
0000d667                _Diagonize_ECG_ADS1298
0000d630                _Diagonize_SPO2_AFE4400
            0000c630    _ECGData
0000d4e6                _ECG_ADS1298_INIT
0000e413                _ECG_AntiAlising_FilterProcess
0000e421                _ECG_AntiAlising_FilterProcess1
00006fa0                _ECG_C5505Init
00006833                _ECG_DisplayLCDStartUpScreen
00007105                _ECG_FE_INIT
0000e404                _ECG_FilterProcess
000070f7                _ECG_GPIO_INIT
            0000ade1    _ECG_Info
00003fd1                _ECG_LCDPlotCurrSample
0000399e                _ECG_LCD_HRDisplay
0000711a                _ECG_LCD_INIT
00003145                _ECG_LCD_LeadDisplay
00003aaa                _ECG_LCD_LeadOffDisplay
0000b2a9                _ECG_Pacer_filter
000048c5                _ECG_ProcessCurrSample
00004a10                _ECG_ProcessCurrSampleHighPass
0000724d                _ECG_SAR_INIT
000070ad                _ECG_SPI_INIT
00003546                _ECG_StartTimer0
000032c2                _ECG_SubSystem
0000722b                _ECG_TIMER_INIT
0000705a                _ECG_UART_INIT
            0000b7d4    _ECG_arrythmia_buf1
            0000ae10    _ECG_arrythmia_buf2
            0000c198    _ECG_gain
0000c017                _EVM5515_I2C_close
0000bff8                _EVM5515_I2C_init
0000c0a8                _EVM5515_I2C_read
0000c020                _EVM5515_I2C_reset
0000c02e                _EVM5515_I2C_write
0000ddd4                _EVM5515_UART_getChar
0000dd6f                _EVM5515_UART_open
0000ddc4                _EVM5515_UART_putChar
0000e2c3                _EVM5515_init
0000e27d                _EVM5515_wait
0000e2b1                _EVM5515_waitusec
            0000abfb    _FB
            0000d2c1    _Flag_StsRegister
0000e5e4                _Get_Sar_Key
0000ad96                _HOSTclock
0000ad2b                _HOSTclose
0000ac76                _HOSTlseek
0000abd7                _HOSTopen
0000ab4a                _HOSTread
0000aa9c                _HOSTrename
0000aa3e                _HOSTtime
0000a9d4                _HOSTunlink
0000a947                _HOSTwrite
            00007629    _HPFCoeffBuf
            0000c638    _HPFECGData
            000095f0    _HPFWorkingBuff
            0000adeb    _HR_display_count
            0000ade9    _HR_flag
            0000adff    _Heart_Rate
0000e42f                _HighPassFilterProcess
            0000c643    _I2C_dataready_flag
000068bf                _Init_LCD
0000e5c7                _Init_SAR
            0000ade8    _Initial_HR_Flag
000030e2                _KeyDetect
            0000c97c    _KeyPressed
            0000abf9    _Key_Count
            0000c62c    _LCDDataReady
00006d25                _LCD_clear_window
            0000ad7b    _LCD_pacer
00007a7a                _LLC_SPI_ByteRead
00007b50                _LLC_SPI_ByteWrite
0000779f                _LLC_SPI_ClockSet
000079fa                _LLC_SPI_CmdSet
00007d72                _LLC_SPI_CmdSet_WLenSet_SlaveSelect
000078de                _LLC_SPI_DataDelay
00007798                _LLC_SPI_Disable
00007af7                _LLC_SPI_DoubleWordRead
00007b79                _LLC_SPI_DoubleWordWrite
00007790                _LLC_SPI_Enable
00007a54                _LLC_SPI_FLenGet
00007a28                _LLC_SPI_FLenSet
00007bac                _LLC_SPI_FrameInterruptEnable
00007bb0                _LLC_SPI_FrameIntrRx_Get
00007960                _LLC_SPI_LoopBackGet
00007934                _LLC_SPI_LoopBackMode
00007820                _LLC_SPI_ModeSelect
0000780b                _LLC_SPI_SlaveGet
000077e6                _LLC_SPI_SlaveSelect
00007975                _LLC_SPI_SlaveSelectPolSet
00007a68                _LLC_SPI_StatusRead
000079e4                _LLC_SPI_WLenGet
000079cb                _LLC_SPI_WLenSet
00007b9b                _LLC_SPI_WordInterruptEnable
00007bae                _LLC_SPI_WordIntrRx_Get
00007cae                _LLC_SPI_WordLengthRead
00007be8                _LLC_SPI_WordLengthWrite
00007db1                _LLC_SPI_WordLengthWriteRead
00007ab9                _LLC_SPI_WordRead
00007b66                _LLC_SPI_WordWrite
00007758                _LLC_spiInit
000098f1                _LLC_uartClearLineStatus
000096ae                _LLC_uartClearReceiverFifo
0000969b                _LLC_uartClearXmitterFifo
0000974d                _LLC_uartDisableHwFlowControl
000094ed                _LLC_uartDisableLoopback
00009718                _LLC_uartEnableHwFlowControl
000094b8                _LLC_uartEnableLoopback
00009519                _LLC_uartEnableParity
00009462                _LLC_uartGetIntrNum
000097d4                _LLC_uartHandleRxError
0000933f                _LLC_uartHwSetup
000092f7                _LLC_uartInit
000098be                _LLC_uartIntrDisable
0000988e                _LLC_uartIntrEnable
00009861                _LLC_uartIntrIsPending
00009834                _LLC_uartIntrIsXmitterEmpty
00009779                _LLC_uartRead
000096dc                _LLC_uartReset
000095c9                _LLC_uartSetBaudRate
0000958c                _LLC_uartSetNumDataBits
00009556                _LLC_uartSetNumStopBits
000096c1                _LLC_uartSetReceiverThreshold
00009495                _LLC_uartSetTxFifoCntFull
000097e0                _LLC_uartStatusIsDataReady
000097ae                _LLC_uartStatusIsLineError
00009814                _LLC_uartWrite
            0000ade7    _LeadOffStatus
            0000adea    _LeadOff_Flag
            0000c97b    _LeadSelect
            0000c640    _LeadStatus
0000cc3b                _Low_Pass_Filter
            0000ae08    _ModeNIBPmode_ECGConfig_Notchfreq_Config_CmdRegister
            0000ae09    _ModeNIBPmode_ECGConfig_Notchfreq_Config_StsRegister
00008337                _Mode_NIBPModeECGgain_NotchFreq
            0000ae0c    _NIBP_IntervalSet_CmdRegister
            0000ae0d    _NIBP_IntervalSet_StsRegister
            0000ae05    _NIBP_Pediatric_Mode
            0000ae03    _Normal_Mode
0000cb91                _Notch_Filter
            0000ae02    _Notch_Filter_60_Hz
0000e44e                _PAL_osCheckTimeOut
0000e44c                _PAL_osGetCurrentTick
000085c1                _PAL_osListAppend
000088c4                _PAL_osListDequeue
00008847                _PAL_osListEnqueue
0000868e                _PAL_osListInsert
00008933                _PAL_osListIsEmpty
000087b6                _PAL_osListPrepend
00008702                _PAL_osListRemove
0000864a                _PAL_osListRemoveHead
0000896f                _PAL_osList_NP_Append
00008be9                _PAL_osList_NP_Dequeue
00008b85                _PAL_osList_NP_Enqueue
000089ff                _PAL_osList_NP_Insert
00008c4d                _PAL_osList_NP_IsEmpty
00008b06                _PAL_osList_NP_Prepend
00008a64                _PAL_osList_NP_Remove
000089cc                _PAL_osList_NP_RemoveHead
0000e559                _PAL_osProtectEntry
0000e57c                _PAL_osProtectExit
0000e168                _PAL_osSemCreate
0000e196                _PAL_osSemDelete
0000e1b8                _PAL_osSemGive
0000e1a4                _PAL_osSemTake
0000561d                _PSP_uartClose
0000514c                _PSP_uartCreate
00005285                _PSP_uartDelete
00005880                _PSP_uartIoctl
000052fa                _PSP_uartOpen
0000568c                _PSP_uartRead
000056ab                _PSP_uartWrite
            0000c646    _Pacer_detected
0000b2bb                _Pacer_detection
0000b47f                _Pacer_detection_W
            0000adae    _Packet
            0000ae04    _Patient_change
            0000ae0a    _Power_Config_CmdRegister
            0000ae0b    _Power_Config_StsRegister
00008547                _Power_peripherals
00002fc7                _ProcessKey
            0000c62e    _QRSDataReady
00004f03                _QRS_Algorithm_Interface
            0000abe8    _QRS_Current_Sample
00004b89                _QRS_Get_Heart_Rate
            0000abe4    _QRS_Heart_Rate
            0000abe9    _QRS_Next_Sample
            0000abe7    _QRS_Prev_Sample
            0000abea    _QRS_Second_Next_Sample
            0000abe6    _QRS_Second_Prev_Sample
            0000abe5    _QRS_Threshold_New
f9ffffef                _RTDX_interrupt_mask
            0000aded    _ReadKey
00000100                _Reset
            0000ae00    _Respiration_Rate
0000b94d                _SPI_DeInit
0000b6e6                _SPI_INIT
0000b760                _SPI_READ_WRITE_N_BYTES
0000b845                _SPI_WRITE_BYTES
            0000d0ac    _SPO2
            0000ae01    _SPO2_Percentage
            0000c642    _SPO2_dataready_flag
00007274                _Set_ECG_gain
000075f2                _Set_ECG_gain_using_llc_spi
0000742c                _Set_ECG_gain_using_reset
            0000abee    _Start_Sample_Count_Flag
            0000c62d    _UARTDataReady
            0000c644    _UART_dataready_flag
0000ceee                _UTIL_circNew
0000cf24                _UTIL_circReadChar
0000cf8e                _UTIL_circReadMultiple
0000d079                _UTIL_circUnget
0000cf59                _UTIL_circWriteChar
0000d005                _UTIL_circWriteMultiple
            00008000    _WorkingBuff
            0000abfa    _Zoom_Factor
            0000abf8    _Zoom_Flag
            000076c8    __CIOBUF_
00005d09                __DDA_uartIoComplete
0000142d                __DDC_uartCancelIo
00000853                __DDC_uartClose
000008c1                __DDC_uartControl
00000500                __DDC_uartCreateInstance
000006ef                __DDC_uartDeInit
0000056d                __DDC_uartDelInst
00000597                __DDC_uartInit
00001644                __DDC_uartIsr
0000072f                __DDC_uartOpen
00000ab5                __DDC_uartSubmitIoReq
            00007bdc    __STACK_END
000003e8                __STACK_SIZE
00000400                __SYSMEM_SIZE
000003e8                __SYSSTACK_SIZE
00000001                __TI_args_main
ffffffff                ___binit__
            00008000    ___bss__
ffffffff                ___c_args__
            0000d324    ___cinit__
            00000200    ___data__
            00000200    ___edata__
            0000d324    ___end__
0000e76c                ___etext__
0000e68c                ___isinf
ffffffff                ___pinit__
00000400                ___text__
0000c885                __addd
0000e36e                __args_main
0000c4c9                __cleanup
            0000d31e    __cleanup_ptr
0000ce96                __cmpd
            000073b6    __ctypes_
0000ba70                __divd
0000e494                __divli
0000c850                __divlli
0000e624                __divu
0000dbd6                __divul
0000c75c                __divull
0000d902                __doflush
            0000d320    __dtors_ptr
0000ce62                __eqld
0000e5fa                __fixdi
0000dfba                __fixdli
0000e671                __fixdu
0000dde8                __fixdul
0000e74b                __fltid
0000e101                __fltlid
0000e73d                __fltud
0000e222                __fltuld
0000de5f                __frcmpyd
0000ded5                __frcmpyd_div
            0000ceee    __ft_end
            0000cdd6    __ftable
0000ce18                __geqd
0000cdcd                __gtrd
0000cd80                __leqd
            0000d31a    __lock
0000cd38                __lssd
0000d39a                __mpyd
0000e6e6                __mpyli
0000c6a4                __mpylli
0000e72d                __negd
0000cd04                __neqd
0000e709                __nop
00002d85                __printfi
0000d8a5                __rd_ok
0000e701                __register_lock
0000e6f9                __register_unlock
0000e3b9                __remli
0000c675                __remlli
0000e639                __remu
0000df48                __remul
0000c627                __remull
            000079e8    __stack
0000e6d2                __subd
            000077e8    __sys_memory
            00007bdc    __sysstack
            0000ce4e    __tmpnams
            0000d31c    __unlock
0000d825                __wrt_ok
0000e761                _abort
            0000d09e    _adc_value
            0000d0a0    _adc_value1
00009d64                _add_device
0000e6a6                _arrythmia_detection
0000e1c6                _atoi
0000e321                _auto_init
            0000c647    _bank_flag
            0000ae0e    _buf1_ready_to_process
            0000ae0f    _buf2_ready_to_process
0000e593                _c_int00
00005e3c                _calculate_ratio
0000b283                _calloc
00005e71                _calulate_AC_to_DC_Ratio
            0000c1a6    _checkDmaTimeout
0000b27b                _chkheap
00009cf1                _close
000066c8                _cmdWrite
            0000abed    _col
0000354e                _commandMSPfromMBviaUART
            0000c645    _count
            0000abec    _cs_flag
000066d6                _dataWrite
00004f91                _dda_uartInit
00004fda                _dda_uartRead
00005015                _dda_uartWrite
00006be9                _draw_font
00006db1                _draw_font_HR
00006ea7                _draw_font_Lead
00006cd8                _draw_string
            0000ade0    _entered_loop
            0000c648    _even_flag
0000e51b                _exit
0000dcf4                _fclose
0000d96b                _fflush
00009ce8                _find_registered_device
            0000abef    _first_peak_detect
0000c5ec                _fopen
0000db30                _fputc
0000d237                _fputs
0000adf4                _free
0000b225                _free_memory
0000c523                _freopen
0000e096                _fseek
            0000d2fe    _gDDAHwCfg
            0000d30c    _gDDA_UartHwConfig
            0000c1a8    _gDDA_UartObj
0000a8cc                _getenv
0000a524                _gpio_isr
            0000abe2    _hUart
0000a395                _i2c_isr
0000bf08                _i2c_read_reg
            0000cdd5    _i2c_timeout
0000be3c                _i2c_write_reg
            0000abe0    _instNum
0000a502                _int0_isr
0000a57c                _int1_isr
            0000c62f    _intCount
            0000ceef    _inter
            0000abeb    _j
            0000d09c    _k
000066e4                _lcd_clear
0000a3d3                _lcd_isr
00006760                _lcd_remove_waveform
            0000adec    _lead_digit_count
00009c82                _lseek
0000dc77                _ltoa
000037ba                _main
0000af25                _malloc
0000b1cb                _max_free
0000e64e                _memccpy
0000e4dc                _memcpy
0000e70b                _memset
0000aec0                _minit
00006633                _moving_average_filter
            0000d1bf    _offset
00009bc3                _open
            0000d2fc    _pSpiInst
00007f06                _pack
000080b8                _pack_to_MSP
0000e2d1                _printf
            0000c649    _ptr
0000db30                _putc
0000dbc7                _putchar
0000d36c                _puts
            0000d0ae    _raw_IR_buffer
            0000d0a2    _raw_RED_buffer
00009b15                _read
0000e029                _readmsg
0000b01a                _realloc
00008154                _receive_I2Cdata
000080e1                _receive_uartdata
0000e757                _remove
00009adf                _remove_device
00009a86                _rename
            0000abf0    _sample_count
            0000abf1    _sample_index
0000a8b0                _saradc_isr
00008156                _send_via_spi
000081c3                _send_via_uart
0000d73f                _setvbuf
            0000d30e    _spiConfig
00007bb2                _spiDivFun
00008c77                _spiInitInstance
            0000d2ec    _spiInstance
0000b695                _spiPreInit
00008f11                _spiReadData
            0000d313    _spiSlavesOpen
00009130                _spiWriteCmd
00009036                _spiWriteData
0000a3b7                _spi_isr
0000e6be                _strcpy
0000e71c                _strlen
            0000d322    _sysClk
0000a88e                _tim0_isr
00005de2                _u32_Window_Average
0000a3ef                _uart_isr
            0000ae07    _uart_msp_data
00009a53                _unlink
00008203                _unpack_uartdata
00004b5a                _wait
00009911                _write
0000d9c4                _writemsg
ffffffff                binit
            0000d324    cinit
            00000200    edata
            0000d324    end
0000e76c                etext
ffffffff                pinit
0000da7e                reset_isr


GLOBAL SYMBOLS: SORTED BY Symbol Address 

abs. value/
byte addr   word addr   name
---------   ---------   ----
00000001                $TI_capability_requires_rev3
00000001                __TI_args_main
00000002                $TI_capability$C5500$CallingConvention
00000002                $TI_capability$C5500$MemoryModel
00000100                _Reset
00000200                RST
000003e8                __STACK_SIZE
000003e8                __SYSSTACK_SIZE
            00000200    .data
00000400                .text
00000400                __SYSMEM_SIZE
            00000200    ___data__
            00000200    ___edata__
00000400                ___text__
            00000200    edata
00000500                __DDC_uartCreateInstance
0000056d                __DDC_uartDelInst
00000597                __DDC_uartInit
000006ef                __DDC_uartDeInit
0000072f                __DDC_uartOpen
00000853                __DDC_uartClose
000008c1                __DDC_uartControl
00000ab5                __DDC_uartSubmitIoReq
0000142d                __DDC_uartCancelIo
00001644                __DDC_uartIsr
00002d85                __printfi
00002fc7                _ProcessKey
000030e2                _KeyDetect
00003145                _ECG_LCD_LeadDisplay
000032c2                _ECG_SubSystem
00003546                _ECG_StartTimer0
0000354e                _commandMSPfromMBviaUART
000037ba                _main
0000399e                _ECG_LCD_HRDisplay
00003aaa                _ECG_LCD_LeadOffDisplay
00003fd1                _ECG_LCDPlotCurrSample
000048c5                _ECG_ProcessCurrSample
00004a10                _ECG_ProcessCurrSampleHighPass
00004b5a                _wait
00004b89                _QRS_Get_Heart_Rate
00004f03                _QRS_Algorithm_Interface
00004f91                _dda_uartInit
00004fda                _dda_uartRead
00005015                _dda_uartWrite
0000514c                _PSP_uartCreate
00005285                _PSP_uartDelete
000052fa                _PSP_uartOpen
0000561d                _PSP_uartClose
0000568c                _PSP_uartRead
000056ab                _PSP_uartWrite
00005880                _PSP_uartIoctl
00005d09                __DDA_uartIoComplete
00005de2                _u32_Window_Average
00005e3c                _calculate_ratio
00005e71                _calulate_AC_to_DC_Ratio
00006633                _moving_average_filter
000066c8                _cmdWrite
000066d6                _dataWrite
000066e4                _lcd_clear
00006760                _lcd_remove_waveform
00006833                _ECG_DisplayLCDStartUpScreen
000068bf                _Init_LCD
00006be9                _draw_font
00006cd8                _draw_string
00006d25                _LCD_clear_window
00006db1                _draw_font_HR
00006ea7                _draw_font_Lead
00006fa0                _ECG_C5505Init
0000705a                _ECG_UART_INIT
000070ad                _ECG_SPI_INIT
000070f7                _ECG_GPIO_INIT
00007105                _ECG_FE_INIT
0000711a                _ECG_LCD_INIT
0000722b                _ECG_TIMER_INIT
0000724d                _ECG_SAR_INIT
00007274                _Set_ECG_gain
0000742c                _Set_ECG_gain_using_reset
000075f2                _Set_ECG_gain_using_llc_spi
00007758                _LLC_spiInit
00007790                _LLC_SPI_Enable
00007798                _LLC_SPI_Disable
0000779f                _LLC_SPI_ClockSet
000077e6                _LLC_SPI_SlaveSelect
0000780b                _LLC_SPI_SlaveGet
00007820                _LLC_SPI_ModeSelect
000078de                _LLC_SPI_DataDelay
00007934                _LLC_SPI_LoopBackMode
00007960                _LLC_SPI_LoopBackGet
00007975                _LLC_SPI_SlaveSelectPolSet
000079cb                _LLC_SPI_WLenSet
000079e4                _LLC_SPI_WLenGet
000079fa                _LLC_SPI_CmdSet
00007a28                _LLC_SPI_FLenSet
00007a54                _LLC_SPI_FLenGet
00007a68                _LLC_SPI_StatusRead
00007a7a                _LLC_SPI_ByteRead
00007ab9                _LLC_SPI_WordRead
00007af7                _LLC_SPI_DoubleWordRead
00007b50                _LLC_SPI_ByteWrite
00007b66                _LLC_SPI_WordWrite
00007b79                _LLC_SPI_DoubleWordWrite
00007b9b                _LLC_SPI_WordInterruptEnable
00007bac                _LLC_SPI_FrameInterruptEnable
00007bae                _LLC_SPI_WordIntrRx_Get
00007bb0                _LLC_SPI_FrameIntrRx_Get
00007bb2                _spiDivFun
00007be8                _LLC_SPI_WordLengthWrite
00007cae                _LLC_SPI_WordLengthRead
00007d72                _LLC_SPI_CmdSet_WLenSet_SlaveSelect
00007db1                _LLC_SPI_WordLengthWriteRead
00007f06                _pack
000080b8                _pack_to_MSP
000080e1                _receive_uartdata
00008154                _receive_I2Cdata
00008156                _send_via_spi
000081c3                _send_via_uart
00008203                _unpack_uartdata
00008337                _Mode_NIBPModeECGgain_NotchFreq
00008547                _Power_peripherals
000085c1                _PAL_osListAppend
0000864a                _PAL_osListRemoveHead
0000868e                _PAL_osListInsert
00008702                _PAL_osListRemove
000087b6                _PAL_osListPrepend
00008847                _PAL_osListEnqueue
000088c4                _PAL_osListDequeue
00008933                _PAL_osListIsEmpty
0000896f                _PAL_osList_NP_Append
000089cc                _PAL_osList_NP_RemoveHead
000089ff                _PAL_osList_NP_Insert
00008a64                _PAL_osList_NP_Remove
00008b06                _PAL_osList_NP_Prepend
00008b85                _PAL_osList_NP_Enqueue
00008be9                _PAL_osList_NP_Dequeue
00008c4d                _PAL_osList_NP_IsEmpty
00008c77                _spiInitInstance
00008d0f                _DDC_SPI_Init
00008d3e                _DDC_SPI_DeInit
00008d55                _DDC_SPI_Open
00008e32                _DDC_SPI_Close
00008e75                _DDC_SpiDataTransaction
00008f11                _spiReadData
00009036                _spiWriteData
00009130                _spiWriteCmd
000092a1                _DDC_DeviceConfig
000092f7                _LLC_uartInit
0000933f                _LLC_uartHwSetup
00009462                _LLC_uartGetIntrNum
00009495                _LLC_uartSetTxFifoCntFull
000094b8                _LLC_uartEnableLoopback
000094ed                _LLC_uartDisableLoopback
00009519                _LLC_uartEnableParity
00009556                _LLC_uartSetNumStopBits
0000958c                _LLC_uartSetNumDataBits
000095c9                _LLC_uartSetBaudRate
0000969b                _LLC_uartClearXmitterFifo
000096ae                _LLC_uartClearReceiverFifo
000096c1                _LLC_uartSetReceiverThreshold
000096dc                _LLC_uartReset
00009718                _LLC_uartEnableHwFlowControl
0000974d                _LLC_uartDisableHwFlowControl
00009779                _LLC_uartRead
000097ae                _LLC_uartStatusIsLineError
000097d4                _LLC_uartHandleRxError
000097e0                _LLC_uartStatusIsDataReady
00009814                _LLC_uartWrite
00009834                _LLC_uartIntrIsXmitterEmpty
00009861                _LLC_uartIntrIsPending
0000988e                _LLC_uartIntrEnable
000098be                _LLC_uartIntrDisable
000098f1                _LLC_uartClearLineStatus
00009911                _write
00009a53                _unlink
00009a86                _rename
00009adf                _remove_device
00009b15                _read
00009bc3                _open
00009c82                _lseek
00009ce8                _find_registered_device
00009cf1                _close
00009d64                _add_device
00009e54                _AFE44xx_Reg_Read
0000a115                _AFE44xx_Reg_Write
0000a2dd                _AFE44xx_Default_Reg_Init
0000a314                _AFE44xx_PowerOn_Init
0000a395                _i2c_isr
0000a3b7                _spi_isr
0000a3d3                _lcd_isr
0000a3ef                _uart_isr
0000a502                _int0_isr
0000a524                _gpio_isr
0000a57c                _int1_isr
0000a88e                _tim0_isr
0000a8b0                _saradc_isr
0000a8cc                _getenv
0000a947                _HOSTwrite
0000a9d4                _HOSTunlink
0000aa3e                _HOSTtime
0000aa9c                _HOSTrename
0000ab4a                _HOSTread
0000abd7                _HOSTopen
0000ac76                _HOSTlseek
0000ad2b                _HOSTclose
0000ad96                _HOSTclock
0000adf4                _free
0000aec0                _minit
0000af25                _malloc
0000b01a                _realloc
0000b1cb                _max_free
0000b225                _free_memory
0000b27b                _chkheap
0000b283                _calloc
0000b2a9                _ECG_Pacer_filter
0000b2bb                _Pacer_detection
0000b47f                _Pacer_detection_W
0000b695                _spiPreInit
0000b6e6                _SPI_INIT
0000b760                _SPI_READ_WRITE_N_BYTES
0000b845                _SPI_WRITE_BYTES
0000b85f                _DDA_spiConfiguration
0000b8c2                _DDA_spiSlaveSelect
0000b94d                _SPI_DeInit
0000b984                _DDA_SPI_DeviceConfigToWrite
0000ba70                __divd
0000be3c                _i2c_write_reg
0000bf08                _i2c_read_reg
0000bff8                _EVM5515_I2C_init
0000c017                _EVM5515_I2C_close
0000c020                _EVM5515_I2C_reset
0000c02e                _EVM5515_I2C_write
0000c0a8                _EVM5515_I2C_read
0000c121                _Calculate_Respiration
0000c4c9                __cleanup
0000c523                _freopen
0000c5ec                _fopen
0000c627                __remull
0000c675                __remlli
0000c6a4                __mpylli
0000c75c                __divull
0000c850                __divlli
0000c885                __addd
0000cadf                _DC_removal
0000cb91                _Notch_Filter
0000cc3b                _Low_Pass_Filter
0000cd04                __neqd
0000cd38                __lssd
0000cd80                __leqd
0000cdcd                __gtrd
0000ce18                __geqd
0000ce62                __eqld
0000ce96                __cmpd
0000ceee                _UTIL_circNew
0000cf24                _UTIL_circReadChar
0000cf59                _UTIL_circWriteChar
0000cf8e                _UTIL_circReadMultiple
0000d005                _UTIL_circWriteMultiple
0000d079                _UTIL_circUnget
0000d099                _CpuClockInit
0000d237                _fputs
0000d36c                _puts
0000d39a                __mpyd
0000d4e6                _ECG_ADS1298_INIT
0000d630                _Diagonize_SPO2_AFE4400
0000d667                _Diagonize_ECG_ADS1298
0000d73f                _setvbuf
0000d825                __wrt_ok
0000d8a5                __rd_ok
0000d902                __doflush
0000d96b                _fflush
0000d9c4                _writemsg
0000da79                C$$IO$$
0000da7e                reset_isr
0000db30                _fputc
0000db30                _putc
0000dbc7                _putchar
0000dbd6                __divul
0000dc77                _ltoa
0000dcf4                _fclose
0000dd6f                _EVM5515_UART_open
0000ddc4                _EVM5515_UART_putChar
0000ddd4                _EVM5515_UART_getChar
0000dde8                __fixdul
0000de5f                __frcmpyd
0000ded5                __frcmpyd_div
0000df48                __remul
0000dfba                __fixdli
0000e029                _readmsg
0000e096                _fseek
0000e101                __fltlid
0000e168                _PAL_osSemCreate
0000e196                _PAL_osSemDelete
0000e1a4                _PAL_osSemTake
0000e1b8                _PAL_osSemGive
0000e1c6                _atoi
0000e222                __fltuld
0000e27d                _EVM5515_wait
0000e2b1                _EVM5515_waitusec
0000e2c3                _EVM5515_init
0000e2d1                _printf
0000e321                _auto_init
0000e36e                __args_main
0000e3b9                __remli
0000e404                _ECG_FilterProcess
0000e413                _ECG_AntiAlising_FilterProcess
0000e421                _ECG_AntiAlising_FilterProcess1
0000e42f                _HighPassFilterProcess
0000e44c                _PAL_osGetCurrentTick
0000e44e                _PAL_osCheckTimeOut
0000e494                __divli
0000e4dc                _memcpy
0000e51b                _exit
0000e559                _PAL_osProtectEntry
0000e57c                _PAL_osProtectExit
0000e593                _c_int00
0000e5c7                _Init_SAR
0000e5e4                _Get_Sar_Key
0000e5fa                __fixdi
0000e624                I$$UDIV
0000e624                __divu
0000e639                I$$UMOD
0000e639                __remu
0000e64e                _memccpy
0000e671                __fixdu
0000e68c                ___isinf
0000e6a6                _arrythmia_detection
0000e6be                _strcpy
0000e6d2                __subd
0000e6e6                I$$LMPY
0000e6e6                __mpyli
0000e6f9                __register_unlock
0000e701                __register_lock
0000e709                __nop
0000e70b                _memset
0000e71c                _strlen
0000e72d                __negd
0000e73d                __fltud
0000e74b                __fltid
0000e757                _remove
0000e761                _abort
0000e762                C$$EXIT
0000e76c                ___etext__
            000073b6    __ctypes_
0000e76c                etext
            00007629    _HPFCoeffBuf
            000076c8    __CIOBUF_
            000077e8    __sys_memory
            000079e8    __stack
            00007bdc    __STACK_END
            00007bdc    __sysstack
            00008000    .bss
            00008000    _WorkingBuff
            00008000    ___bss__
            000095f0    _HPFWorkingBuff
            0000abe0    _instNum
            0000abe2    _hUart
            0000abe4    _QRS_Heart_Rate
            0000abe5    _QRS_Threshold_New
            0000abe6    _QRS_Second_Prev_Sample
            0000abe7    _QRS_Prev_Sample
            0000abe8    _QRS_Current_Sample
            0000abe9    _QRS_Next_Sample
            0000abea    _QRS_Second_Next_Sample
            0000abeb    _j
            0000abec    _cs_flag
            0000abed    _col
            0000abee    _Start_Sample_Count_Flag
            0000abef    _first_peak_detect
            0000abf0    _sample_count
            0000abf1    _sample_index
            0000abf8    _Zoom_Flag
            0000abf9    _Key_Count
            0000abfa    _Zoom_Factor
            0000abfb    _FB
            0000ad7b    _LCD_pacer
            0000adae    _Packet
            0000ade0    _entered_loop
            0000ade1    _ECG_Info
            0000ade7    _LeadOffStatus
            0000ade8    _Initial_HR_Flag
            0000ade9    _HR_flag
            0000adea    _LeadOff_Flag
            0000adeb    _HR_display_count
            0000adec    _lead_digit_count
            0000aded    _ReadKey
            0000adee    _AFE44xx_SPO2_Data_buf
            0000adff    _Heart_Rate
            0000ae00    _Respiration_Rate
            0000ae01    _SPO2_Percentage
            0000ae02    _Notch_Filter_60_Hz
            0000ae03    _Normal_Mode
            0000ae04    _Patient_change
            0000ae05    _NIBP_Pediatric_Mode
            0000ae06    _Diagnostics_StsRegister
            0000ae07    _uart_msp_data
            0000ae08    _ModeNIBPmode_ECGConfig_Notchfreq_Config_CmdRegister
            0000ae09    _ModeNIBPmode_ECGConfig_Notchfreq_Config_StsRegister
            0000ae0a    _Power_Config_CmdRegister
            0000ae0b    _Power_Config_StsRegister
            0000ae0c    _NIBP_IntervalSet_CmdRegister
            0000ae0d    _NIBP_IntervalSet_StsRegister
            0000ae0e    _buf1_ready_to_process
            0000ae0f    _buf2_ready_to_process
            0000ae10    _ECG_arrythmia_buf2
            0000b7d4    _ECG_arrythmia_buf1
            0000c198    _ECG_gain
            0000c1a6    _checkDmaTimeout
            0000c1a8    _gDDA_UartObj
            0000c62c    _LCDDataReady
            0000c62d    _UARTDataReady
            0000c62e    _QRSDataReady
            0000c62f    _intCount
            0000c630    _ECGData
            0000c638    _HPFECGData
            0000c640    _LeadStatus
            0000c642    _SPO2_dataready_flag
            0000c643    _I2C_dataready_flag
            0000c644    _UART_dataready_flag
            0000c645    _count
            0000c646    _Pacer_detected
            0000c647    _bank_flag
            0000c648    _even_flag
            0000c649    _ptr
            0000c64a    _ChannelNo
            0000c64b    _AlisnWorkingBuff
            0000c97b    _LeadSelect
            0000c97c    _KeyPressed
            0000cc76    _CoeffBuf
            0000cdd5    _i2c_timeout
            0000cdd6    __ftable
            0000ce4e    __tmpnams
            0000ceee    __ft_end
            0000ceef    _inter
            0000d09c    _k
            0000d09e    _adc_value
            0000d0a0    _adc_value1
            0000d0a2    _raw_RED_buffer
            0000d0ac    _SPO2
            0000d0ae    _raw_IR_buffer
            0000d1bf    _offset
            0000d1c0    _AFE44xx_Default_Register_Settings
            0000d222    _ADS1298RegVal
            0000d25a    _ADS1298RegVal_debug
            0000d2c1    _Flag_StsRegister
            0000d2ec    _spiInstance
            0000d2fc    _pSpiInst
            0000d2fe    _gDDAHwCfg
            0000d30c    _gDDA_UartHwConfig
            0000d30e    _spiConfig
            0000d313    _spiSlavesOpen
            0000d31a    __lock
            0000d31c    __unlock
            0000d31e    __cleanup_ptr
            0000d320    __dtors_ptr
            0000d322    _sysClk
            0000d324    ___cinit__
            0000d324    ___end__
            0000d324    cinit
            0000d324    end
f9ffffef                _RTDX_interrupt_mask
ffffffff                ___binit__
ffffffff                ___c_args__
ffffffff                ___pinit__
ffffffff                binit
ffffffff                pinit

[464 symbols]
